<?xml version="1.0" encoding="utf-8"?><testsuites><testsuite name="pytest" errors="0" failures="0" skipped="0" tests="3614" time="83.549" timestamp="2026-04-21T00:21:23.151198+00:00" hostname="e1823689ddfd"><testcase classname="tests.test_boiler_module" name="test_boiler_planner_create_plan_and_overflow_windows" time="0.291" /><testcase classname="tests.test_battery_efficiency_sensor" name="test_load_last_month_metrics_skips_when_inflight" time="0.280" /><testcase classname="tests.test_battery_efficiency_sensor" name="test_reset_last_month_metrics_noop_for_same_key" time="0.005" /><testcase classname="tests.test_battery_efficiency_sensor" name="test_get_sensor_handles_missing" time="0.002" /><testcase classname="tests.test_battery_efficiency_sensor" name="test_get_sensor_invalid_state" time="0.003" /><testcase classname="tests.test_config_steps_pricing" name="test_map_pricing_to_backend_weekend_custom" time="0.286" /><testcase classname="tests.test_cloud_contract" name="test_sink_payload_drops_unknown_keys_but_rejects_forbidden_content" time="0.308" /><testcase classname="tests.test_api_chmu_more" name="test_parse_circle_invalid_value" time="0.304" /><testcase classname="tests.test_battery_efficiency_sensor" name="test_load_month_metrics_import_error" time="0.005" /><testcase classname="tests.test_config_steps_pricing" name="test_map_backend_to_frontend" time="0.002" /><testcase classname="tests.test_config_steps_pricing" name="test_map_pricing_to_backend_import_scenarios[spot_percentage-expected0]" time="0.003" /><testcase classname="tests.test_config_steps_pricing" name="test_map_pricing_to_backend_import_scenarios[spot_fixed-expected1]" time="0.005" /><testcase classname="tests.test_config_steps_pricing" name="test_map_pricing_to_backend_import_scenarios[fix_price-expected2]" time="0.003" /><testcase classname="tests.test_battery_efficiency_sensor" name="test_load_month_metrics_success" time="0.006" /><testcase classname="tests.test_config_steps_pricing" name="test_map_pricing_to_backend_export_scenarios[spot_percentage-expected0]" time="0.004" /><testcase classname="tests.test_cloud_contract" name="test_shield_service_names_are_bounded_and_reject_entity_ids" time="0.011" /><testcase classname="tests.test_boiler_module" name="test_boiler_coordinator_helpers" time="0.024" /><testcase classname="tests.test_battery_efficiency_sensor" name="test_load_month_metrics_invalid_data" time="0.005" /><testcase classname="tests.test_battery_efficiency_sensor" name="test_compute_metrics_invalid_values" time="0.003" /><testcase classname="tests.test_config_steps_pricing" name="test_map_pricing_to_backend_export_scenarios[spot_fixed-expected1]" time="0.003" /><testcase classname="tests.test_config_steps_pricing" name="test_map_pricing_to_backend_export_scenarios[fix_price-expected2]" time="0.004" /><testcase classname="tests.test_cloud_contract" name="test_failure_and_error_summaries_are_template_generated_not_pass_through" time="0.009" /><testcase classname="tests.test_battery_efficiency_sensor" name="test_stat_value_with_object_and_getattr" time="0.004" /><testcase classname="tests.test_config_steps_pricing" name="test_map_pricing_to_backend_single_tariff_defaults" time="0.003" /><testcase classname="tests.test_battery_efficiency_sensor" name="test_reset_last_month_metrics_clears_on_different_key" time="0.004" /><testcase classname="tests.test_config_steps_pricing" name="test_pricing_import_scenario_switch" time="0.008" /><testcase classname="tests.test_battery_efficiency_sensor" name="test_rollover_month_clears_matching_snapshot" time="0.004" /><testcase classname="tests.test_boiler_module" name="test_boiler_coordinator_spot_prices_and_overflow" time="0.032" /><testcase classname="tests.test_cloud_contract" name="test_device_id_and_id_ownership_rules_are_explicit" time="0.013" /><testcase classname="tests.test_config_steps_pricing" name="test_pricing_import_invalid_fee" time="0.005" /><testcase classname="tests.test_battery_efficiency_sensor" name="test_previous_month_and_range" time="0.004" /><testcase classname="tests.test_battery_efficiency_sensor" name="test_fallback_to_statistics_fills_missing_values" time="0.005" /><testcase classname="tests.test_config_steps_pricing" name="test_pricing_import_invalid_negative_fee" time="0.005" /><testcase classname="tests.e2e.test_auto_mode_switch_e2e" name="test_auto_mode_switching" time="0.368" /><testcase classname="tests.test_cloud_contract" name="test_details_json_is_string_only_and_bounded_to_two_kib" time="0.011" /><testcase classname="tests.test_config_steps_pricing" name="test_pricing_import_invalid_fixed_price" time="0.005" /><testcase classname="tests.test_battery_efficiency_sensor" name="test_fallback_to_statistics_fills_missing_battery_bounds" time="0.006" /><testcase classname="tests.test_boiler_module" name="test_boiler_sensor_values_full" time="0.019" /><testcase classname="tests.test_battery_efficiency_sensor" name="test_fallback_to_statistics_keeps_complete_values_without_lookup" time="0.005" /><testcase classname="tests.test_config_steps_pricing" name="test_pricing_import_back_button" time="0.008" /><testcase classname="tests.test_battery_efficiency_sensor" name="test_load_month_metrics_history_wrapper_compat_kwargs" time="0.004" /><testcase classname="tests.test_config_steps_pricing" name="test_pricing_import_initial_form" time="0.005" /><testcase classname="tests.test_boiler_module" name="test_boiler_sensors_and_api_views" time="0.009" /><testcase classname="tests.test_battery_efficiency_sensor" name="test_load_month_metrics_from_statistics_import_error" time="0.005" /><testcase classname="tests.test_config_steps_pricing" name="test_pricing_export_invalid_price" time="0.004" /><testcase classname="tests.test_config_steps_pricing" name="test_pricing_export_invalid_percent" time="0.004" /><testcase classname="tests.test_battery_efficiency_sensor" name="test_load_month_metrics_from_statistics_query_success" time="0.006" /><testcase classname="tests.test_config_steps_pricing" name="test_pricing_export_invalid_fixed_fee" time="0.006" /><testcase classname="tests.test_battery_efficiency_sensor" name="test_load_month_metrics_from_statistics_missing_meta_for_battery" time="0.007" /><testcase classname="tests.test_config_steps_pricing" name="test_pricing_export_scenario_change" time="0.006" /><testcase classname="tests.test_battery_efficiency_sensor" name="test_load_month_metrics_from_statistics_no_recorder_instance" time="0.007" /><testcase classname="tests.test_config_steps_pricing" name="test_pricing_export_back_button" time="0.007" /><testcase classname="tests.test_config_steps_pricing" name="test_pricing_export_initial_form" time="0.006" /><testcase classname="tests.test_auto_switch_precedence" name="test_reason_code_is_propagated_to_switch" time="0.135" /><testcase classname="tests.test_auto_switch_precedence" name="test_reason_code_propagated_from_scheduled_switch" time="0.007" /><testcase classname="tests.test_config_steps_pricing" name="test_pricing_export_schema_for_scenarios" time="0.005" /><testcase classname="tests.test_config_steps_pricing" name="test_pricing_import_schema_defaults_from_wizard_data" time="0.004" /><testcase classname="tests.test_auto_switch_precedence" name="test_default_context_created_when_not_provided" time="0.006" /><testcase classname="tests.test_config_steps_pricing" name="test_pricing_export_schema_defaults_from_wizard_data" time="0.004" /><testcase classname="tests.test_config_steps_pricing" name="test_pricing_export_success" time="0.005" /><testcase classname="tests.test_auto_switch_precedence" name="test_no_race_between_guard_and_watchdog" time="0.007" /><testcase classname="tests.test_config_steps_pricing" name="test_pricing_import_success" time="0.005" /><testcase classname="tests.test_auto_switch_precedence" name="test_min_interval_prevents_rapid_mode_changes" time="0.007" /><testcase classname="tests.test_auto_switch_precedence" name="test_switch_context_locked_flag" time="0.006" /><testcase classname="tests.test_auto_switch_precedence" name="test_precedence_level_ordering" time="0.004" /><testcase classname="tests.test_auto_switch_precedence" name="test_switch_context_to_log_string" time="0.004" /><testcase classname="tests.test_cloud_redaction" name="test_details_json_accepts_nested_numeric_payloads_and_keeps_numbers" time="0.151" /><testcase classname="tests.test_auto_switch_precedence" name="test_mode_guard_includes_precedence_in_overrides" time="0.009" /><testcase classname="tests.test_cloud_redaction" name="test_details_json_redacts_tokens_and_bounds_free_form_strings" time="0.012" /><testcase classname="tests.test_boiler_precedence" name="test_boiler_avoids_early_grid_when_battery_or_pv_available" time="0.139" /><testcase classname="tests.test_boiler_precedence" name="test_boiler_fallback_to_grid_when_required" time="0.006" /><testcase classname="tests.test_cloud_redaction" name="test_details_json_strips_entity_names_labels_and_ids" time="0.012" /><testcase classname="tests.test_cloud_redaction" name="test_details_json_rejects_home_assistant_state_like_payloads" time="0.012" /><testcase classname="tests.test_battery_forecast_config_more" name="test_simulator_config_properties" time="0.135" /><testcase classname="tests.test_battery_forecast_config_more" name="test_hybrid_config_emergency_reserve" time="0.008" /><testcase classname="tests.e2e.test_config_flow_modules_e2e" name="test_config_flow_modules_enable_disable" time="1.421" /><testcase classname="tests.test_cloud_redaction" name="test_details_json_rejects_malformed_nested_payloads" time="0.012" /><testcase classname="tests.test_battery_forecast_config_more" name="test_balancing_config_deadline_datetime" time="0.004" /><testcase classname="tests.test_cloud_redaction" name="test_details_json_rejects_oversized_nested_payloads" time="0.013" /><testcase classname="tests.test_config_steps_wizard_extra" name="test_wizard_credentials_missing_fields" time="0.147" /><testcase classname="tests.test_config_steps_wizard_extra" name="test_wizard_credentials_go_back" time="0.006" /><testcase classname="tests.test_config_steps_wizard_extra" name="test_wizard_credentials_validate_errors" time="0.006" /><testcase classname="tests.test_config_steps_wizard_extra" name="test_wizard_credentials_success" time="0.007" /><testcase classname="tests.test_config_steps_wizard_extra" name="test_wizard_modules_requires_solar_and_extended" time="0.006" /><testcase classname="tests.test_balancing_core_additional" name="test_async_setup_and_load_errors" time="0.149" /><testcase classname="tests.test_config_steps_wizard_extra" name="test_wizard_modules_dashboard_requires_modules" time="0.007" /><testcase classname="tests.test_boiler_sensors_more" name="test_boiler_sensor_base_metadata" time="0.137" /><testcase classname="tests.test_balancing_core_additional" name="test_get_cooldown_hours_invalid_config" time="0.004" /><testcase classname="tests.test_boiler_sensors_more" name="test_current_source_sensor_mapping" time="0.003" /><testcase classname="tests.test_balancing_core_additional" name="test_get_price_threshold_for_opportunistic" time="0.005" /><testcase classname="tests.test_boiler_sensors_more" name="test_recommended_source_sensor_mapping" time="0.004" /><testcase classname="tests.test_config_steps_wizard_extra" name="test_wizard_modules_success_moves_forward" time="0.007" /><testcase classname="tests.test_boiler_sensors_more" name="test_charging_recommended_sensor_attributes" time="0.004" /><testcase classname="tests.test_config_steps_wizard_extra" name="test_wizard_modules_all_enabled_moves_forward" time="0.006" /><testcase classname="tests.test_balancing_core_additional" name="test_set_coordinator" time="0.004" /><testcase classname="tests.test_balancing_core_additional" name="test_async_setup_success" time="0.006" /><testcase classname="tests.test_boiler_sensors_more" name="test_plan_estimated_cost_sensor" time="0.005" /><testcase classname="tests.test_config_steps_wizard_extra" name="test_wizard_solar_toggle_expands_form" time="0.006" /><testcase classname="tests.test_balancing_core_additional" name="test_save_state_coordinator_error" time="0.006" /><testcase classname="tests.test_boiler_sensors_more" name="test_circulation_recommended_sensor" time="0.003" /><testcase classname="tests.test_boiler_sensors_more" name="test_profile_confidence_sensor" time="0.004" /><testcase classname="tests.test_config_steps_wizard_extra" name="test_wizard_solar_validation_errors" time="0.005" /><testcase classname="tests.test_battery_forecast_ha_sensor_more" name="test_async_added_and_removed" time="0.155" /><testcase classname="tests.test_balancing_core_additional" name="test_save_state_coordinator_success" time="0.008" /><testcase classname="tests.test_config_steps_wizard_extra" name="test_wizard_solar_success" time="0.005" /><testcase classname="tests.test_boiler_sensors_more" name="test_get_boiler_sensors" time="0.004" /><testcase classname="tests.test_config_steps_wizard_extra" name="test_wizard_battery_validation_errors" time="0.008" /><testcase classname="tests.test_balancing_core_additional" name="test_load_state_with_data" time="0.006" /><testcase classname="tests.test_boiler_sensors_more" name="test_boiler_sensor_unknown_box_id_no_entity_id" time="0.004" /><testcase classname="tests.test_config_flow_entry" name="test_step_user_form" time="0.134" /><testcase classname="tests.test_boiler_sensors_more" name="test_boiler_sensor_unknown_box_id_device_info_no_via_device" time="0.004" /><testcase classname="tests.test_balancing_core_additional" name="test_get_cheap_window_percentile_exception" time="0.004" /><testcase classname="tests.test_battery_forecast_ha_sensor_more" name="test_create_mode_recommendations" time="0.004" /><testcase classname="tests.test_config_steps_wizard_extra" name="test_wizard_battery_max_price_too_high" time="0.009" /><testcase classname="tests.test_config_flow_entry" name="test_step_reauth_confirm_shows_form_with_existing_username" time="0.006" /><testcase classname="tests.test_battery_forecast_ha_sensor_more" name="test_update_balancing_plan_snapshot" time="0.007" /><testcase classname="tests.test_balancing_core_additional" name="test_load_state_safe_error" time="0.005" /><testcase classname="tests.test_config_steps_wizard_extra" name="test_wizard_battery_success" time="0.004" /><testcase classname="tests.test_config_flow_entry" name="test_step_reauth_confirm_updates_entry_and_reloads" time="0.006" /><testcase classname="tests.test_battery_forecast_ha_sensor_more" name="test_group_intervals_by_mode" time="0.003" /><testcase classname="tests.test_balancing_core_additional" name="test_check_balancing_no_forecast_sensor" time="0.006" /><testcase classname="tests.test_config_steps_wizard_extra" name="test_wizard_pricing_import_scenario_change" time="0.005" /><testcase classname="tests.test_config_flow_entry" name="test_step_user_quick_setup" time="0.007" /><testcase classname="tests.test_config_steps_wizard_extra" name="test_wizard_pricing_import_validation_error" time="0.006" /><testcase classname="tests.test_balancing_core_additional" name="test_check_balancing_detects_completion" time="0.006" /><testcase classname="tests.test_config_flow_entry" name="test_step_user_wizard" time="0.006" /><testcase classname="tests.test_battery_forecast_ha_sensor_more" name="test_build_strategy_balancing_plan_branches" time="0.004" /><testcase classname="tests.test_battery_forecast_ha_sensor_more" name="test_build_strategy_balancing_plan_legacy" time="0.004" /><testcase classname="tests.test_balancing_core_additional" name="test_check_balancing_active_plan_paths" time="0.011" /><testcase classname="tests.test_config_steps_wizard_extra" name="test_wizard_pricing_distribution_validation" time="0.010" /><testcase classname="tests.test_config_flow_entry" name="test_quick_setup_requires_live_data" time="0.006" /><testcase classname="tests.test_config_flow_entry" name="test_quick_setup_success" time="0.007" /><testcase classname="tests.test_balancing_core_additional" name="test_check_balancing_active_plan_future_deadline" time="0.007" /><testcase classname="tests.test_balancing_core_additional" name="test_check_balancing_cycle_forced" time="0.007" /><testcase classname="tests.test_config_flow_entry" name="test_import_yaml_not_implemented" time="0.005" /><testcase classname="tests.test_config_flow_entry" name="test_wizard_summary_creates_entry" time="0.006" /><testcase classname="tests.test_balancing_core_additional" name="test_check_balancing_force_and_natural" time="0.009" /><testcase classname="tests.test_config_flow_entry" name="test_wizard_summary_sanitizes_data_source_mode" time="0.006" /><testcase classname="tests.test_balancing_core_additional" name="test_check_balancing_opportunistic" time="0.009" /><testcase classname="tests.test_config_flow_entry" name="test_wizard_summary_full_option_mapping" time="0.006" /><testcase classname="tests.test_balancing_core_additional" name="test_force_plan_failure" time="0.007" /><testcase classname="tests.test_config_flow_entry" name="test_wizard_summary_defaults_for_optional_sections" time="0.006" /><testcase classname="tests.test_balancing_core_additional" name="test_get_days_and_hours_since_last" time="0.004" /><testcase classname="tests.test_config_flow_entry" name="test_wizard_summary_defaults_for_solar_and_battery" time="0.006" /><testcase classname="tests.test_balancing_core_additional" name="test_check_if_balancing_occurred_stats_paths" time="0.006" /><testcase classname="tests.test_boiler_services" name="test_build_heating_windows_merges_and_routes" time="0.115" /><testcase classname="tests.test_config_flow_entry" name="test_wizard_summary_auto_and_balancing_values" time="0.005" /><testcase classname="tests.test_balancing_core_additional" name="test_check_if_balancing_occurred_varied_starts" time="0.006" /><testcase classname="tests.test_boiler_services" name="test_schedule_switch_window_paths" time="0.005" /><testcase classname="tests.test_config_flow_entry" name="test_wizard_summary_solar_string2_disabled_values" time="0.005" /><testcase classname="tests.test_boiler_services" name="test_apply_and_cancel_boiler_plan" time="0.005" /><testcase classname="tests.test_balancing_core_additional" name="test_check_if_balancing_occurred_recent_and_invalid_type" time="0.005" /><testcase classname="tests.test_config_flow_entry" name="test_wizard_summary_defaults_for_boiler_fields" time="0.006" /><testcase classname="tests.test_boiler_services" name="test_create_boiler_plan_skips_and_creates" time="0.005" /><testcase classname="tests.test_balancing_core_additional" name="test_check_if_balancing_occurred_runtime_error" time="0.006" /><testcase classname="tests.test_config_flow_entry" name="test_wizard_summary_back_button" time="0.006" /><testcase classname="tests.test_balancing_core_additional" name="test_check_if_balancing_occurred_runtime_error_other" time="0.006" /><testcase classname="tests.test_battery_forecast_ha_sensor_more2" name="test_build_strategy_balancing_plan_skips_invalid_intervals" time="0.117" /><testcase classname="tests.test_config_flow_entry" name="test_wizard_summary_form" time="0.006" /><testcase classname="tests.test_boiler_services" name="test_restore_boiler_schedule" time="0.005" /><testcase classname="tests.test_battery_forecast_ha_sensor_more2" name="test_handle_coordinator_update_and_device_info" time="0.004" /><testcase classname="tests.test_balancing_core_additional" name="test_check_if_balancing_occurred_exception" time="0.008" /><testcase classname="tests.test_battery_forecast_ha_sensor_more2" name="test_proxy_methods_sync" time="0.004" /><testcase classname="tests.test_boiler_services" name="test_helpers_and_validation" time="0.003" /><testcase classname="tests.test_boiler_services" name="test_apply_boiler_plan_missing_configs" time="0.005" /><testcase classname="tests.test_config_flow_entry" name="test_async_get_options_flow_handler" time="0.006" /><testcase classname="tests.test_boiler_services" name="test_apply_boiler_plan_missing_wrapper_switches" time="0.004" /><testcase classname="tests.test_balancing_core_additional" name="test_check_if_balancing_occurred_no_stats" time="0.006" /><testcase classname="tests.test_boiler_services" name="test_create_boiler_plan_no_profile" time="0.005" /><testcase classname="tests.test_battery_forecast_ha_sensor_more2" name="test_proxy_methods_async" time="0.012" /><testcase classname="tests.test_balancing_core_additional" name="test_check_natural_balancing_paths" time="0.007" /><testcase classname="tests.test_boiler_services" name="test_ensure_schedule_windows" time="0.004" /><testcase classname="tests.test_battery_forecast_ha_sensor_more2" name="test_build_strategy_balancing_plan_attr_plan_and_missing_index" time="0.003" /><testcase classname="tests.test_config_validation" name="test_validate_input_invalid_auth" time="0.142" /><testcase classname="tests.test_balancing_core_additional" name="test_check_natural_balancing_resets_window" time="0.006" /><testcase classname="tests.test_boiler_services" name="test_setup_boiler_services_skips_if_registered" time="0.005" /><testcase classname="tests.test_battery_forecast_ha_sensor_more2" name="test_build_strategy_balancing_plan_exception" time="0.007" /><testcase classname="tests.test_balancing_core_additional" name="test_create_opportunistic_plan_paths" time="0.007" /><testcase classname="tests.test_boiler_services" name="test_apply_boiler_plan_logs_error_alt_missing" time="0.005" /><testcase classname="tests.test_config_validation" name="test_validate_input_maps_oig_auth_error_to_invalid_auth" time="0.007" /><testcase classname="tests.test_boiler_services" name="test_apply_boiler_plan_logs_error_pump_missing" time="0.006" /><testcase classname="tests.test_balancing_core_additional" name="test_create_opportunistic_plan_with_prices_immediate" time="0.008" /><testcase classname="tests.test_config_validation" name="test_validate_input_live_data_missing" time="0.007" /><testcase classname="tests.test_boiler_services" name="test_build_circulation_windows_empty_hourly_avg" time="0.003" /><testcase classname="tests.test_balancing_core_additional" name="test_create_opportunistic_plan_with_prices_delayed" time="0.009" /><testcase classname="tests.test_config_validation" name="test_validate_input_success" time="0.006" /><testcase classname="tests.test_boiler_services" name="test_pick_peak_hours_empty_dict" time="0.004" /><testcase classname="tests.test_boiler_services" name="test_merge_window_first" time="0.004" /><testcase classname="tests.test_config_validation" name="test_validate_solar_forecast_api_key_ok" time="0.007" /><testcase classname="tests.test_balancing_core_additional" name="test_create_opportunistic_plan_skips_past_and_expensive" time="0.010" /><testcase classname="tests.test_boiler_services" name="test_schedule_switch_window_none_entity" time="0.004" /><testcase classname="tests.test_config_validation" name="test_validate_solar_forecast_api_key_unauthorized" time="0.006" /><testcase classname="tests.test_boiler_services" name="test_restore_boiler_schedule_no_data" time="0.005" /><testcase classname="tests.test_balancing_core_additional" name="test_create_opportunistic_plan_threshold_skips_delayed" time="0.011" /><testcase classname="tests.test_config_validation" name="test_validate_solar_forecast_api_key_rate_limited" time="0.005" /><testcase classname="tests.test_boiler_services" name="test_restore_boiler_schedule_exception_handling" time="0.005" /><testcase classname="tests.test_config_validation" name="test_validate_solar_forecast_api_key_other_error" time="0.006" /><testcase classname="tests.test_balancing_core_additional" name="test_create_opportunistic_plan_uses_economic_threshold" time="0.013" /><testcase classname="tests.test_config_validation" name="test_validate_solar_forecast_api_key_empty" time="0.004" /><testcase classname="tests.test_config_validation" name="test_validate_solar_forecast_api_key_client_error" time="0.007" /><testcase classname="tests.test_balancing_core_additional" name="test_create_forced_plan" time="0.007" /><testcase classname="tests.test_config_validation" name="test_validate_solar_forecast_api_key_timeout" time="0.005" /><testcase classname="tests.test_balancing_core_additional" name="test_plan_helpers" time="0.005" /><testcase classname="tests.test_config_flow_module" name="test_config_flow_exports" time="0.131" /><testcase classname="tests.test_balancing_core_additional" name="test_cost_helpers" time="0.011" /><testcase classname="tests.test_balancing_core_additional" name="test_calculate_immediate_cost_missing_price" time="0.007" /><testcase classname="tests.test_battery_forecast_module" name="test_types_import" time="0.123" /><testcase classname="tests.test_balancing_core_additional" name="test_calculate_immediate_cost_missing_capacity" time="0.006" /><testcase classname="tests.test_battery_forecast_module" name="test_simulator_basic" time="0.005" /><testcase classname="tests.test_balancing_core_additional" name="test_calculate_total_cost_missing_capacity" time="0.007" /><testcase classname="tests.test_battery_forecast_module" name="test_simulator_timeline" time="0.004" /><testcase classname="tests.test_battery_forecast_module" name="test_mode_selector" time="0.009" /><testcase classname="tests.test_balancing_core_additional" name="test_calculate_total_cost_timeline_branches" time="0.007" /><testcase classname="tests.test_battery_forecast_module" name="test_hybrid_optimizer_basic" time="0.011" /><testcase classname="tests.test_balancing_core_additional" name="test_cost_helpers_no_prices" time="0.006" /><testcase classname="tests.test_balancing_core_additional" name="test_find_cheap_holding_window_no_prices" time="0.006" /><testcase classname="tests.test_battery_forecast_module" name="test_balancing_executor" time="0.005" /><testcase classname="tests.test_battery_forecast_module" name="test_timeline_builder" time="0.005" /><testcase classname="tests.test_balancing_core_additional" name="test_find_cheap_holding_window_insufficient_intervals" time="0.006" /><testcase classname="tests.test_boiler_services_extra_coverage" name="test_setup_boiler_services_registers_handlers_and_invalid_deadline" time="0.127" /><testcase classname="tests.test_battery_forecast_module" name="test_strategy_to_timeline" time="0.008" /><testcase classname="tests.test_balancing_core_additional" name="test_find_cheap_holding_window" time="0.007" /><testcase classname="tests.test_boiler_services_extra_coverage" name="test_setup_boiler_services_plan_handler_calls_create" time="0.005" /><testcase classname="tests.test_balancing_core_additional" name="test_get_hybrid_timeline_no_sensor" time="0.006" /><testcase classname="tests.test_boiler_services_extra_coverage" name="test_apply_boiler_plan_no_plan_logs_warning" time="0.004" /><testcase classname="tests.test_balancing_core_additional" name="test_get_current_soc_percent_invalid" time="0.006" /><testcase classname="tests.test_boiler_services_extra_coverage" name="test_clear_persisted_schedule_entry_exists" time="0.005" /><testcase classname="tests.test_boiler_services_extra_coverage" name="test_restore_schedule_skips_invalid_and_expired" time="0.005" /><testcase classname="tests.test_coordinator" name="test_coordinator_init_pricing_enables_ote" time="0.128" /><testcase classname="tests.test_balancing_core_additional" name="test_get_battery_capacity_conversions" time="0.005" /><testcase classname="tests.test_boiler_services_extra_coverage" name="test_build_circulation_windows_no_peak_hours" time="0.003" /><testcase classname="tests.test_balancing_core_additional" name="test_get_battery_capacity_invalid" time="0.004" /><testcase classname="tests.test_boiler_services_extra_coverage" name="test_merge_window_appends_non_overlapping" time="0.004" /><testcase classname="tests.test_balancing_core_additional" name="test_get_spot_prices_no_forecast_sensor" time="0.006" /><testcase classname="tests.test_config_flow_quick_setup" name="test_async_step_user_routes" time="0.133" /><testcase classname="tests.test_boiler_services_extra_coverage" name="test_async_switch_on_calls_service" time="0.005" /><testcase classname="tests.test_balancing_core_additional" name="test_sensor_state_and_attributes" time="0.004" /><testcase classname="tests.test_config_flow_quick_setup" name="test_quick_setup_live_data_required" time="0.005" /><testcase classname="tests.test_boiler_services_extra_coverage" name="test_schedule_switch_window_executes_inner_callbacks" time="0.008" /><testcase classname="tests.test_coordinator" name="test_maybe_refresh_notifications_standalone_skips_recent" time="0.033" /><testcase classname="tests.test_balancing_core_additional" name="test_get_active_plan_and_sensor_states" time="0.005" /><testcase classname="tests.test_config_flow_quick_setup" name="test_quick_setup_validate_input_error" time="0.006" /><testcase classname="tests.test_config_flow_quick_setup" name="test_quick_setup_success" time="0.006" /><testcase classname="tests.test_coordinator" name="test_coordinator_init_chmu_enabled" time="0.007" /><testcase classname="tests.test_coordinator" name="test_coordinator_initialization" time="0.030" /><testcase classname="tests.test_battery_forecast_remaining_coverage" name="test_baseline_plan_no_store" time="0.120" /><testcase classname="tests.test_battery_forecast_remaining_coverage" name="test_baseline_plan_daily_plan_state_fallback" time="0.007" /><testcase classname="tests.test_coordinator" name="test_async_update_data_success" time="0.034" /><testcase classname="tests.test_battery_forecast_remaining_coverage" name="test_baseline_plan_no_fallback_returns_false" time="0.006" /><testcase classname="tests.test_battery_forecast_remaining_coverage" name="test_baseline_plan_history_fill" time="0.019" /><testcase classname="tests.test_battery_forecast_remaining_coverage" name="test_ensure_plan_exists_windows" time="0.005" /><testcase classname="tests.test_coordinator" name="test_async_update_data_empty_response" time="0.027" /><testcase classname="tests.test_battery_forecast_remaining_coverage" name="test_ensure_plan_exists_non_today" time="0.010" /><testcase classname="tests.test_battery_forecast_remaining_coverage" name="test_hybrid_planning_price_band_gap_fill" time="0.003" /><testcase classname="tests.test_battery_forecast_remaining_coverage" name="test_hybrid_planning_simulate_trajectory" time="0.004" /><testcase classname="tests.test_boiler_switch_edge_cases" name="test_switch_setup_logs_debug_when_disabled" time="0.136" /><testcase classname="tests.test_battery_forecast_remaining_coverage" name="test_hybrid_planning_target_fill_adds_cheapest" time="0.007" /><testcase classname="tests.test_balancing_core_extra" name="test_config_helpers_default_and_overrides" time="0.134" /><testcase classname="tests.test_boiler_switch_edge_cases" name="test_switch_setup_logs_info_no_switches" time="0.004" /><testcase classname="tests.test_coordinator" name="test_async_update_data_api_error" time="0.038" /><testcase classname="tests.test_balancing_core_extra" name="test_plan_ups_charging_and_holding_intervals" time="0.006" /><testcase classname="tests.test_boiler_switch_edge_cases" name="test_switch_is_on_returns_none_for_missing_state" time="0.003" /><testcase classname="tests.test_config_flow_wizard_steps" name="test_get_total_steps_with_modules" time="0.132" /><testcase classname="tests.test_battery_forecast_remaining_coverage" name="test_hybrid_scoring_extract_prices_and_reasons" time="0.003" /><testcase classname="tests.test_boiler_switch_edge_cases" name="test_switch_is_on_returns_false_for_off_state" time="0.004" /><testcase classname="tests.test_config_flow_wizard_steps" name="test_get_total_steps_options_flow" time="0.004" /><testcase classname="tests.test_balancing_core_extra" name="test_get_battery_capacity_kwh_handles_units" time="0.007" /><testcase classname="tests.test_battery_forecast_remaining_coverage" name="test_hybrid_scoring_negative_price_strategies" time="0.003" /><testcase classname="tests.test_boiler_switch_edge_cases" name="test_switch_is_on_returns_true_for_on_state" time="0.003" /><testcase classname="tests.test_battery_forecast_remaining_coverage" name="test_hybrid_scoring_smoothing_merges" time="0.003" /><testcase classname="tests.test_config_flow_wizard_steps" name="test_get_step_placeholders_progress" time="0.004" /><testcase classname="tests.test_boiler_switch_edge_cases" name="test_resolve_box_id_updates_entry_options_with_extracted" time="0.005" /><testcase classname="tests.test_config_flow_wizard_steps" name="test_get_next_step_skips_disabled" time="0.004" /><testcase classname="tests.test_battery_forecast_remaining_coverage" name="test_hybrid_strategy_optimize_branches" time="0.004" /><testcase classname="tests.test_balancing_core_extra" name="test_get_spot_prices_48h_parses_timeline" time="0.009" /><testcase classname="tests.test_battery_forecast_remaining_coverage" name="test_calculate_optimal_mode" time="0.003" /><testcase classname="tests.test_config_flow_wizard_steps" name="test_wizard_modules_requires_dependencies" time="0.006" /><testcase classname="tests.test_battery_forecast_remaining_coverage" name="test_timeline_extended_storage_load_error" time="0.012" /><testcase classname="tests.test_coordinator" name="test_async_update_data_jitter_positive" time="0.029" /><testcase classname="tests.test_balancing_core_extra" name="test_calculate_immediate_balancing_cost" time="0.006" /><testcase classname="tests.test_config_flow_wizard_steps" name="test_wizard_modules_dashboard_requires_all" time="0.008" /><testcase classname="tests.test_balancing_core_extra" name="test_calculate_total_balancing_cost" time="0.007" /><testcase classname="tests.test_config_flow_wizard_steps" name="test_wizard_intervals_validation_errors" time="0.008" /><testcase classname="tests.test_balancing_core_extra" name="test_find_cheap_holding_window" time="0.006" /><testcase classname="tests.test_config_flow_wizard_steps" name="test_wizard_credentials_back_button" time="0.006" /><testcase classname="tests.test_balancing_core_extra" name="test_get_current_soc_percent_and_sensor_state" time="0.007" /><testcase classname="tests.test_coordinator" name="test_async_update_data_skips_one_shot_jitter" time="0.029" /><testcase classname="tests.test_coordinator" name="test_async_update_data_applies_jitter_after_one_shot_skip" time="0.039" /><testcase classname="tests.test_coordinator" name="test_async_update_data_data_source_state_exception" time="0.026" /><testcase classname="tests.test_boiler_switch_wrapper" name="test_boiler_switch_setup_skips_without_targets" time="0.118" /><testcase classname="tests.test_boiler_switch_wrapper" name="test_boiler_switch_wrapper_turns_on_and_off" time="0.006" /><testcase classname="tests.test_boiler_switch_wrapper" name="test_boiler_switch_wrapper_circulation_optional" time="0.006" /><testcase classname="tests.test_battery_forecast_sensor_runtime_more" name="test_log_rate_limited_non_callable_logger" time="0.124" /><testcase classname="tests.test_coordinator" name="test_async_update_data_telemetry_snapshot_exception" time="0.035" /><testcase classname="tests.test_battery_forecast_sensor_runtime_more" name="test_get_config_options_and_data" time="0.004" /><testcase classname="tests.test_battery_forecast_sensor_runtime_more" name="test_get_state_uses_capacity_when_soc_missing" time="0.005" /><testcase classname="tests.test_config_helpers" name="test_sanitize_data_source_mode" time="0.127" /><testcase classname="tests.test_battery_forecast_sensor_runtime_more" name="test_is_available_uses_parent_property" time="0.005" /><testcase classname="tests.test_config_helpers" name="test_migrate_old_pricing_data_percentage" time="0.003" /><testcase classname="tests.test_battery_forecast_sensor_runtime_more" name="test_handle_coordinator_update_calls_parent" time="0.004" /><testcase classname="tests.test_config_helpers" name="test_map_pricing_to_backend_fixed_price" time="0.003" /><testcase classname="tests.test_battery_forecast_sensor_runtime_more" name="test_is_available_defaults_true" time="0.007" /><testcase classname="tests.test_balancing_core_more" name="test_days_and_hours_since_last_balancing" time="0.137" /><testcase classname="tests.test_config_helpers" name="test_validate_tariff_hours" time="0.004" /><testcase classname="tests.test_config_helpers" name="test_validate_tariff_hours_extra_branches" time="0.004" /><testcase classname="tests.test_balancing_core_more" name="test_get_economic_price_threshold_invalid" time="0.004" /><testcase classname="tests.test_battery_forecast_sensor_runtime_more" name="test_handle_will_remove_calls_helpers" time="0.006" /><testcase classname="tests.test_coordinator" name="test_async_update_data_skips_battery_forecast_when_disabled" time="0.037" /><testcase classname="tests.test_config_helpers" name="test_validate_tariff_hours_sorted_index_error" time="0.003" /><testcase classname="tests.test_balancing_core_more" name="test_plan_cooldown_active" time="0.006" /><testcase classname="tests.test_config_helpers" name="test_validate_tariff_hours_break_on_overflow" time="0.003" /><testcase classname="tests.test_config_helpers" name="test_validate_tariff_hours_break_on_overflow_nt" time="0.004" /><testcase classname="tests.test_balancing_core_more" name="test_load_state_safe_sets_last_plan_ts" time="0.007" /><testcase classname="tests.test_config_helpers" name="test_validate_tariff_hours_overlap_forced" time="0.003" /><testcase classname="tests.test_balancing_core_more" name="test_check_balancing_opportunistic_cooldown" time="0.009" /><testcase classname="tests.test_config_helpers" name="test_validate_input_ok" time="0.005" /><testcase classname="tests.test_config_helpers" name="test_validate_input_live_data_missing" time="0.006" /><testcase classname="tests.test_coordinator" name="test_async_update_data_local_mode_no_telemetry_store" time="0.028" /><testcase classname="tests.test_balancing_core_more" name="test_check_if_balancing_occurred_detects_completion" time="0.006" /><testcase classname="tests.test_config_helpers" name="test_validate_solar_forecast_api_key_status" time="0.006" /><testcase classname="tests.test_balancing_core_more" name="test_check_natural_balancing_creates_plan" time="0.008" /><testcase classname="tests.test_balancing_core_more" name="test_get_battery_capacity_kwh_wh_units" time="0.005" /><testcase classname="tests.test_box_mode_composite.TestMainModeEnum" name="test_main_mode_count" time="0.117" /><testcase classname="tests.test_box_mode_composite.TestMainModeEnum" name="test_main_mode_has_correct_values" time="0.004" /><testcase classname="tests.test_balancing_core_more" name="test_get_spot_prices_48h" time="0.007" /><testcase classname="tests.test_coordinator" name="test_async_update_data_fill_config_nodes_exception" time="0.034" /><testcase classname="tests.test_box_mode_composite.TestSupplementaryState" name="test_constructor_requires_all_fields" time="0.004" /><testcase classname="tests.test_balancing_core_more" name="test_find_cheap_holding_window" time="0.006" /><testcase classname="tests.test_box_mode_composite.TestSupplementaryState" name="test_is_frozen_dataclass" time="0.005" /><testcase classname="tests.test_box_mode_composite.TestParseAppValue" name="test_negative_raw_unknown" time="0.004" /><testcase classname="tests.test_box_mode_composite.TestParseAppValue" name="test_none_returns_none" time="0.004" /><testcase classname="tests.test_box_mode_composite.TestParseAppValue" name="test_raw_0_returns_home_grid_v_false_vi_false" time="0.004" /><testcase classname="tests.test_coordinator" name="test_extended_data_enabled" time="0.032" /><testcase classname="tests.test_box_mode_composite.TestParseAppValue" name="test_raw_1_returns_home_grid_v_true_vi_false" time="0.004" /><testcase classname="tests.test_box_mode_composite.TestParseAppValue" name="test_raw_2_returns_home_grid_v_false_vi_true" time="0.004" /><testcase classname="tests.test_box_mode_composite.TestParseAppValue" name="test_raw_3_returns_home_grid_v_true_vi_true" time="0.004" /><testcase classname="tests.test_box_mode_composite.TestParseAppValue" name="test_raw_4_returns_flexibilita_true" time="0.004" /><testcase classname="tests.test_box_mode_composite.TestParseAppValue" name="test_raw_5_unknown" time="0.004" /><testcase classname="tests.test_coordinator" name="test_async_update_data_startup_grace_includes_cache" time="0.032" /><testcase classname="tests.test_box_mode_composite.TestParseAppValue" name="test_raw_999_unknown" time="0.004" /><testcase classname="tests.test_box_mode_composite.TestCanonicalExtendedState" name="test_flexibilita_returns_flexibility" time="0.004" /><testcase classname="tests.test_battery_forecast_sensor_setup_more" name="test_initialize_sensor_without_hass" time="0.141" /><testcase classname="tests.test_battery_forecast_sensor_setup_more" name="test_initialize_sensor_resolve_box_id_exception" time="0.007" /><testcase classname="tests.test_box_mode_composite.TestCanonicalExtendedState" name="test_home_5_home_6_returns_home_5_home_6" time="0.003" /><testcase classname="tests.test_box_mode_composite.TestCanonicalExtendedState" name="test_home_5_returns_home_5" time="0.004" /><testcase classname="tests.test_box_mode_composite.TestCanonicalExtendedState" name="test_home_6_returns_home_6" time="0.004" /><testcase classname="tests.test_coordinator" name="test_async_update_data_initial_spot_fetch" time="0.028" /><testcase classname="tests.test_config_options_flow" name="test_options_flow_welcome_reconfigure" time="0.130" /><testcase classname="tests.test_box_mode_composite.TestCanonicalExtendedState" name="test_none_returns_none_string" time="0.005" /><testcase classname="tests.test_box_mode_composite.TestCanonicalExtendedState" name="test_unknown_returns_unknown" time="0.006" /><testcase classname="tests.test_config_options_flow" name="test_options_flow_init_redirect" time="0.012" /><testcase classname="tests.test_box_mode_composite.TestCanonicalExtendedState" name="test_zero_returns_home_5_home_6" time="0.004" /><testcase classname="tests.test_box_mode_composite.TestBuildAppValue" name="test_combined_changes" time="0.006" /><testcase classname="tests.test_config_options_flow" name="test_options_flow_summary_updates_entry" time="0.009" /><testcase classname="tests.test_coordinator" name="test_schedule_spot_price_update_before_13" time="0.012" /><testcase classname="tests.test_coordinator" name="test_schedule_spot_price_update_after_13" time="0.010" /><testcase classname="tests.test_box_mode_composite.TestBuildAppValue" name="test_none_toggles_raises_value_error" time="0.003" /><testcase classname="tests.test_config_options_flow" name="test_options_flow_summary_back_button" time="0.007" /><testcase classname="tests.test_box_mode_composite.TestBuildAppValue" name="test_raises_when_current_raw_none_and_toggle_specified" time="0.005" /><testcase classname="tests.test_balancing_executor_more" name="test_parse_plan_missing_fields" time="0.136" /><testcase classname="tests.test_coordinator" name="test_schedule_spot_price_update_callback" time="0.027" /><testcase classname="tests.test_box_mode_composite.TestBuildAppValue" name="test_set_home_grid_v_false_clears_v_bit" time="0.003" /><testcase classname="tests.test_config_options_flow" name="test_options_flow_summary_form" time="0.006" /><testcase classname="tests.test_box_mode_composite.TestBuildAppValue" name="test_set_home_grid_v_true_preserves_vi_bit" time="0.003" /><testcase classname="tests.test_box_mode_composite.TestBuildAppValue" name="test_set_home_grid_vi_false_clears_vi_bit" time="0.004" /><testcase classname="tests.test_balancing_executor_more" name="test_parse_plan_preferred_intervals_variants" time="0.005" /><testcase classname="tests.test_balancing_executor_more" name="test_apply_balancing_infeasible_warning" time="0.004" /><testcase classname="tests.test_box_mode_composite.TestBuildAppValue" name="test_set_home_grid_vi_true_preserves_v_bit" time="0.004" /><testcase classname="tests.test_balancing_executor_more" name="test_get_balancing_indices_and_costs" time="0.004" /><testcase classname="tests.test_config_options_flow" name="test_options_flow_summary_exception" time="0.025" /><testcase classname="tests.test_balancing_executor_more" name="test_parse_plan_datetime_objects_and_invalid_interval" time="0.003" /><testcase classname="tests.test_balancing_executor_more" name="test_apply_balancing_uses_preferred_and_cheapest" time="0.007" /><testcase classname="tests.test_balancing_executor_more" name="test_get_balancing_indices_handles_bad_time" time="0.007" /><testcase classname="tests.test_config_options_flow" name="test_options_flow_summary_flags" time="0.013" /><testcase classname="tests.test_coordinator" name="test_schedule_hourly_fallback_schedules" time="0.008" /><testcase classname="tests.test_config_options_flow" name="test_options_flow_summary_maps_selected_fields" time="0.008" /><testcase classname="tests.test_coordinator" name="test_hourly_fallback_updates_cache" time="0.008" /><testcase classname="tests.test_config_options_flow" name="test_options_flow_summary_boiler_defaults" time="0.009" /><testcase classname="tests.test_coordinator" name="test_hourly_fallback_no_data_and_exception" time="0.008" /><testcase classname="tests.test_config_options_flow" name="test_options_flow_summary_solar_battery_defaults" time="0.009" /><testcase classname="tests.test_coordinator" name="test_hourly_fallback_no_need" time="0.008" /><testcase classname="tests.test_coordinator" name="test_hourly_fallback_no_ote_api" time="0.007" /><testcase classname="tests.test_config_options_flow" name="test_options_flow_summary_auto_balancing_solar_string2" time="0.007" /><testcase classname="tests.test_battery_forecast_timeline" name="test_timeline_data_from_spot_prices" time="0.176" /><testcase classname="tests.test_coordinator" name="test_hourly_fallback_after_13_missing_tomorrow" time="0.009" /><testcase classname="tests.test_coordinator" name="test_hourly_fallback_warning_on_empty" time="0.012" /><testcase classname="tests.test_battery_forecast_timeline" name="test_extra_state_attributes_contain_timeline_info" time="0.006" /><testcase classname="tests.test_battery_forecast_timeline" name="test_extra_state_attributes_debug_mode_contains_timeline" time="0.006" /><testcase classname="tests.test_battery_forecast_timeline" name="test_price_timeline_filtering" time="0.006" /><testcase classname="tests.test_coordinator" name="test_update_spot_prices_success" time="0.008" /><testcase classname="tests.test_battery_forecast_timeline" name="test_data_hash_calculation" time="0.005" /><testcase classname="tests.test_coordinator" name="test_update_spot_prices_updates_listeners" time="0.009" /><testcase classname="tests.test_battery_forecast_timeline" name="test_empty_timeline_data" time="0.006" /><testcase classname="tests.test_coordinator" name="test_update_spot_prices_no_ote_api" time="0.007" /><testcase classname="tests.test_box_mode_extended_sensor" name="test_sensor_config_in_sensor_types" time="0.140" /><testcase classname="tests.test_coordinator" name="test_update_spot_prices_exception_calls_retry" time="0.009" /><testcase classname="tests.test_balancing_executor_more2" name="test_parse_plan_invalid_interval_type_skips" time="0.127" /><testcase classname="tests.test_box_mode_extended_sensor" name="test_unknown_when_raw_sensor_unavailable" time="0.004" /><testcase classname="tests.test_balancing_executor_more2" name="test_parse_plan_invalid_holding_start_returns_none" time="0.004" /><testcase classname="tests.test_box_mode_extended_sensor" name="test_unknown_when_raw_sensor_unknown_string" time="0.004" /><testcase classname="tests.test_coordinator" name="test_update_spot_prices_failure_calls_retry" time="0.007" /><testcase classname="tests.test_balancing_executor_more2" name="test_apply_balancing_returns_warning_on_invalid_plan" time="0.004" /><testcase classname="tests.test_box_mode_extended_sensor" name="test_unknown_when_raw_sensor_empty" time="0.004" /><testcase classname="tests.test_coordinator" name="test_handle_spot_retry_outside_important" time="0.006" /><testcase classname="tests.test_balancing_executor_more2" name="test_apply_balancing_handles_bad_spot_time" time="0.004" /><testcase classname="tests.test_box_mode_extended_sensor" name="test_raw_0_returns_none" time="0.005" /><testcase classname="tests.test_balancing_executor_more2" name="test_get_balancing_indices_invalid_plan_returns_empty" time="0.004" /><testcase classname="tests.test_coordinator" name="test_handle_spot_retry_inside_important" time="0.006" /><testcase classname="tests.test_box_mode_extended_sensor" name="test_raw_1_returns_home_5" time="0.004" /><testcase classname="tests.test_box_mode_extended_sensor" name="test_raw_2_returns_home_6" time="0.004" /><testcase classname="tests.test_coordinator" name="test_handle_spot_retry_cancels_existing" time="0.006" /><testcase classname="tests.test_box_mode_extended_sensor" name="test_raw_3_returns_home_5_home_6" time="0.004" /><testcase classname="tests.test_coordinator" name="test_handle_spot_retry_resets_after_max" time="0.006" /><testcase classname="tests.test_box_mode_extended_sensor" name="test_raw_4_returns_flexibility" time="0.004" /><testcase classname="tests.test_coordinator" name="test_handle_spot_retry_executes_retry_callback" time="0.008" /><testcase classname="tests.test_box_mode_extended_sensor" name="test_raw_5_returns_unknown" time="0.005" /><testcase classname="tests.test_config_steps_coverage_extra" name="test_migrate_import_percentage_single_tariff_branch" time="0.129" /><testcase classname="tests.test_box_mode_extended_sensor" name="test_raw_negative_returns_unknown" time="0.004" /><testcase classname="tests.test_coordinator" name="test_async_shutdown_reraises_cancelled_spot_retry_task" time="0.006" /><testcase classname="tests.test_config_steps_coverage_extra" name="test_wizard_battery_invalid_hysteresis_and_hold_hours" time="0.010" /><testcase classname="tests.test_box_mode_extended_sensor" name="test_raw_999_returns_unknown" time="0.004" /><testcase classname="tests.test_coordinator" name="test_async_shutdown_reraises_cancelled_battery_forecast_task" time="0.006" /><testcase classname="tests.test_box_mode_extended_sensor" name="test_float_raw_value_is_converted" time="0.004" /><testcase classname="tests.test_config_steps_coverage_extra" name="test_wizard_battery_hysteresis_too_high" time="0.008" /><testcase classname="tests.test_coordinator" name="test_prune_for_cache_limits_payload" time="0.012" /><testcase classname="tests.test_config_steps_coverage_extra" name="test_wizard_battery_hw_min_hold_hours_too_high" time="0.008" /><testcase classname="tests.test_coordinator" name="test_prune_for_cache_fallback_str_failure" time="0.006" /><testcase classname="tests.test_coordinator" name="test_prune_for_cache_depth_limit" time="0.006" /><testcase classname="tests.test_battery_forecast_types_more" name="test_get_service_name_default" time="0.132" /><testcase classname="tests.test_coordinator" name="test_prune_for_cache_datetime_isoformat_error" time="0.009" /><testcase classname="tests.test_battery_forecast_types_more" name="test_mode_from_name_variants_and_default" time="0.004" /><testcase classname="tests.test_battery_forecast_types_more" name="test_safe_nested_get_from_types" time="0.004" /><testcase classname="tests.test_coordinator" name="test_maybe_schedule_cache_save" time="0.027" /><testcase classname="tests.test_balancing_helpers" name="test_update_balancing_plan_snapshot_sets_active" time="0.129" /><testcase classname="tests.test_balancing_helpers" name="test_update_balancing_plan_snapshot_clears_on_balancing" time="0.004" /><testcase classname="tests.test_balancing_helpers" name="test_get_balancing_plan" time="0.004" /><testcase classname="tests.test_balancing_helpers" name="test_get_balancing_plan_no_hass" time="0.004" /><testcase classname="tests.test_balancing_helpers" name="test_get_balancing_plan_no_state" time="0.004" /><testcase classname="tests.test_coordinator" name="test_maybe_schedule_cache_save_no_store" time="0.037" /><testcase classname="tests.test_balancing_helpers" name="test_get_balancing_plan_no_planned" time="0.005" /><testcase classname="tests.test_balancing_helpers" name="test_get_balancing_plan_empty_planned" time="0.004" /><testcase classname="tests.test_balancing_helpers" name="test_update_balancing_plan_snapshot_empty_requester" time="0.003" /><testcase classname="tests.test_balancing_helpers" name="test_plan_balancing_success" time="0.004" /><testcase classname="tests.test_coordinator" name="test_maybe_schedule_cache_save_errors" time="0.024" /><testcase classname="tests.test_balancing_helpers" name="test_plan_balancing_error" time="0.005" /><testcase classname="tests.test_box_prm2_api.TestOigCloudApiSetBoxPrm2App" name="test_set_box_prm2_app_success" time="0.143" /><testcase classname="tests.test_box_prm2_api.TestOigCloudApiSetBoxPrm2App" name="test_set_box_prm2_app_value_zero" time="0.007" /><testcase classname="tests.test_config_steps_distribution" name="test_pricing_distribution_schema_weekend_fields" time="0.147" /><testcase classname="tests.test_coordinator" name="test_maybe_schedule_cache_save_async_save_error" time="0.027" /><testcase classname="tests.test_box_prm2_api.TestOigCloudApiSetBoxPrm2App" name="test_set_box_prm2_app_value_max" time="0.009" /><testcase classname="tests.test_config_steps_distribution" name="test_pricing_distribution_weekend_toggle_rerender" time="0.006" /><testcase classname="tests.test_config_steps_distribution" name="test_pricing_distribution_initial_form" time="0.005" /><testcase classname="tests.test_box_prm2_api.TestOigCloudApiSetBoxPrm2App" name="test_set_box_prm2_app_error" time="0.011" /><testcase classname="tests.test_config_steps_distribution" name="test_pricing_distribution_invalid_hours" time="0.005" /><testcase classname="tests.test_battery_forecast_utils_common" name="test_safe_nested_get_handles_none_and_non_dict" time="0.138" /><testcase classname="tests.test_battery_forecast_utils_common" name="test_parse_timeline_timestamp_invalid_and_naive" time="0.004" /><testcase classname="tests.test_config_steps_distribution" name="test_pricing_distribution_invalid_weekend_hours" time="0.005" /><testcase classname="tests.test_box_prm2_api.TestOigCloudSessionManagerSetBoxPrm2App" name="test_set_box_prm2_app_delegates_to_api" time="0.017" /><testcase classname="tests.test_coordinator" name="test_update_intervals_triggers_refresh" time="0.033" /><testcase classname="tests.test_battery_forecast_utils_common" name="test_format_time_label_variants" time="0.004" /><testcase classname="tests.test_config_steps_distribution" name="test_pricing_distribution_invalid_nt_fee" time="0.005" /><testcase classname="tests.test_battery_forecast_utils_common" name="test_parse_tariff_times_invalid" time="0.004" /><testcase classname="tests.test_config_steps_distribution" name="test_pricing_distribution_tariff_gaps" time="0.005" /><testcase classname="tests.test_battery_forecast_utils_common" name="test_get_tariff_for_datetime_variants" time="0.004" /><testcase classname="tests.test_config_steps_distribution" name="test_pricing_distribution_invalid_hour_range" time="0.006" /><testcase classname="tests.test_box_prm2_api.TestOigCloudSessionManagerSetBoxPrm2App" name="test_set_box_prm2_app_calls_api_with_correct_value" time="0.015" /><testcase classname="tests.test_battery_forecast_utils_common" name="test_get_tariff_for_datetime_midnight_split" time="0.004" /><testcase classname="tests.test_coordinator" name="test_fill_config_nodes_from_cloud" time="0.041" /><testcase classname="tests.test_config_steps_distribution" name="test_pricing_distribution_back_button" time="0.005" /><testcase classname="tests.test_config_steps_distribution" name="test_pricing_distribution_schema_weekend_diff_defaults" time="0.004" /><testcase classname="tests.test_config_steps_distribution" name="test_pricing_distribution_success_weekend_custom" time="0.005" /><testcase classname="tests.test_balancing_manager_core" name="test_check_balancing_requires_forecast_sensor" time="0.118" /><testcase classname="tests.test_balancing_manager_core" name="test_check_balancing_without_forecast_sensor_logs_debug" time="0.007" /><testcase classname="tests.test_coordinator" name="test_fill_config_nodes_from_cloud_missing_box" time="0.027" /><testcase classname="tests.test_balancing_manager_core" name="test_log_watchdog_correction_uses_rate_limited_warning" time="0.004" /><testcase classname="tests.test_balancing_manager_core" name="test_check_balancing_active_plan_holding" time="0.006" /><testcase classname="tests.test_balancing_manager_core" name="test_check_balancing_force_creates_plan" time="0.006" /><testcase classname="tests.test_balancing_manager_core" name="test_check_balancing_natural_plan" time="0.006" /><testcase classname="tests.test_coordinator" name="test_should_update_extended_handles_timezone" time="0.027" /><testcase classname="tests.test_balancing_manager_core" name="test_normalize_plan_datetime_handles_none_and_invalid" time="0.005" /><testcase classname="tests.test_balancing_manager_core" name="test_handle_active_plan_missing_dates" time="0.004" /><testcase classname="tests.test_balancing_manager_core" name="test_check_balancing_forced_by_cycle" time="0.006" /><testcase classname="tests.test_balancing_manager_core" name="test_check_balancing_opportunistic" time="0.006" /><testcase classname="tests.test_coordinator" name="test_async_update_data_local_mode_uses_snapshot" time="0.034" /><testcase classname="tests.test_balancing_manager_core" name="test_balancing_config_helpers" time="0.003" /><testcase classname="tests.test_balancing_manager_core" name="test_load_and_save_state" time="0.005" /><testcase classname="tests.test_balancing_manager_core" name="test_get_sensor_state_and_attributes" time="0.004" /><testcase classname="tests.test_box_prm2_app_local_proxy_mapping" name="test_local_entity_suffix_registered_in_suffix_updates" time="0.129" /><testcase classname="tests.test_battery_state_helpers" name="test_get_total_battery_capacity_installed" time="0.143" /><testcase classname="tests.test_config_steps_flow" name="test_total_steps_with_modules_and_summary" time="0.121" /><testcase classname="tests.test_coordinator" name="test_async_update_data_standalone_notifications" time="0.031" /><testcase classname="tests.test_box_prm2_app_local_proxy_mapping" name="test_normalize_proxy_entity_id_parses_tbl_box_prm2_app" time="0.005" /><testcase classname="tests.test_config_steps_flow" name="test_total_steps_options_flow_reconfigure" time="0.005" /><testcase classname="tests.test_box_prm2_app_local_proxy_mapping" name="test_normalize_proxy_entity_id_parses_cfg_variant" time="0.006" /><testcase classname="tests.test_config_steps_flow" name="test_current_step_number_pricing_flow" time="0.004" /><testcase classname="tests.test_box_prm2_app_local_proxy_mapping" name="test_local_update_applier_writes_box_prm2_app_value" time="0.004" /><testcase classname="tests.test_config_steps_flow" name="test_step_placeholders_progress_bar" time="0.006" /><testcase classname="tests.test_battery_state_helpers" name="test_get_total_battery_capacity_pv_data" time="0.024" /><testcase classname="tests.test_box_prm2_app_local_proxy_mapping" name="test_local_update_applier_writes_float_value" time="0.004" /><testcase classname="tests.test_config_steps_flow" name="test_get_next_step_skips_disabled_modules" time="0.003" /><testcase classname="tests.test_box_prm2_app_local_proxy_mapping" name="test_local_update_applier_handles_string_number" time="0.003" /><testcase classname="tests.test_config_steps_flow" name="test_wizard_intervals_validation_errors" time="0.006" /><testcase classname="tests.test_coordinator" name="test_async_update_data_notification_init_failure" time="0.031" /><testcase classname="tests.test_box_prm2_app_local_proxy_mapping" name="test_local_update_applier_no_change_when_value_same" time="0.005" /><testcase classname="tests.test_box_prm2_app_local_proxy_mapping" name="test_local_update_applier_no_change_for_unmatched_suffix" time="0.004" /><testcase classname="tests.test_config_steps_flow" name="test_wizard_intervals_success_path" time="0.005" /><testcase classname="tests.test_box_prm2_app_local_proxy_mapping" name="test_normalize_proxy_entity_id_returns_none_for_wrong_device" time="0.003" /><testcase classname="tests.test_box_prm2_app_local_proxy_mapping" name="test_normalize_proxy_entity_id_returns_none_for_wrong_domain" time="0.003" /><testcase classname="tests.test_box_prm2_app_local_proxy_mapping" name="test_box_prm2_app_sensor_type_in_sensor_types" time="0.005" /><testcase classname="tests.test_battery_state_helpers" name="test_get_current_battery_capacity" time="0.025" /><testcase classname="tests.test_coordinator" name="test_async_update_data_notification_init_success" time="0.031" /><testcase classname="tests.test_battery_state_helpers" name="test_total_capacity_fallbacks" time="0.020" /><testcase classname="tests.test_balancing_plan_more" name="test_balancing_interval_to_from_dict" time="0.109" /><testcase classname="tests.test_balancing_plan_more" name="test_balancing_plan_to_json_and_from_json" time="0.003" /><testcase classname="tests.test_coordinator" name="test_async_update_data_notification_status_no_attr" time="0.030" /><testcase classname="tests.test_battery_state_helpers" name="test_read_state_float_branches" time="0.023" /><testcase classname="tests.test_balancing_plan_more" name="test_balancing_plan_from_dict_datetime_passthrough" time="0.004" /><testcase classname="tests.test_battery_state_helpers" name="test_capacity_from_pv_data_error" time="0.024" /><testcase classname="tests.test_coordinator" name="test_async_update_data_config_entry_options_exception" time="0.040" /><testcase classname="tests.test_battery_state_helpers" name="test_current_soc_percent" time="0.020" /><testcase classname="tests.test_config_steps_helpers_more" name="test_sanitize_data_source_mode" time="0.119" /><testcase classname="tests.test_config_steps_helpers_more" name="test_migrate_old_pricing_data_fixed_prices_dual" time="0.004" /><testcase classname="tests.test_coordinator" name="test_async_update_data_no_config_entry" time="0.022" /><testcase classname="tests.test_config_steps_helpers_more" name="test_map_pricing_to_backend_dual_weekend_custom" time="0.004" /><testcase classname="tests.test_battery_state_helpers" name="test_min_target_capacity" time="0.025" /><testcase classname="tests.test_box_prm2_app_sensor" name="test_sensor_config_has_correct_definition" time="0.120" /><testcase classname="tests.test_config_steps_helpers_more" name="test_map_backend_to_frontend_fixed_prices_dual" time="0.004" /><testcase classname="tests.test_box_prm2_app_sensor" name="test_sensor_entity_id_format" time="0.004" /><testcase classname="tests.test_box_prm2_app_sensor" name="test_sensor_renders_raw_integer_not_label" time="0.004" /><testcase classname="tests.test_coordinator" name="test_async_update_data_extended_notifications_success" time="0.031" /><testcase classname="tests.test_box_prm2_app_sensor" name="test_special_state_not_handled_for_box_prm2_app" time="0.004" /><testcase classname="tests.test_box_prm2_app_sensor" name="test_no_label_mapping_in_special_state" time="0.003" /><testcase classname="tests.test_battery_state_helpers" name="test_current_capacity_missing" time="0.018" /><testcase classname="tests.test_battery_state_helpers" name="test_get_max_capacity" time="0.020" /><testcase classname="tests.test_balancing_simulation.TestBalancingSimulation" name="test_interval_balancing_7th_day" time="0.180" /><testcase classname="tests.test_coordinator" name="test_async_update_data_extended_notifications_no_device" time="0.035" /><testcase classname="tests.test_battery_state_helpers" name="test_battery_efficiency" time="0.022" /><testcase classname="tests.test_battery_state_helpers" name="test_ac_charging_limit" time="0.018" /><testcase classname="tests.test_coordinator" name="test_async_update_data_extended_notifications_failure" time="0.034" /><testcase classname="tests.test_balancing_simulation.TestBalancingSimulation" name="test_opportunistic_balancing" time="0.075" /><testcase classname="tests.test_config_steps_helpers_more2" name="test_handle_back_button_history" time="0.118" /><testcase classname="tests.test_battery_state_helpers" name="test_get_current_mode" time="0.028" /><testcase classname="tests.test_config_steps_helpers_more2" name="test_generate_summary_variants" time="0.004" /><testcase classname="tests.test_coordinator" name="test_async_update_data_extended_stats_failure" time="0.024" /><testcase classname="tests.test_charging_plan_adjustments_more" name="test_find_first_minimum_violation" time="0.108" /><testcase classname="tests.test_charging_plan_adjustments_more" name="test_find_cheapest_hour_before_filters" time="0.003" /><testcase classname="tests.test_charging_plan_adjustments_more" name="test_fix_minimum_capacity_no_candidate" time="0.004" /><testcase classname="tests.test_battery_state_helpers" name="test_get_boiler_available_capacity" time="0.024" /><testcase classname="tests.test_charging_plan_adjustments_more" name="test_ensure_target_capacity_no_candidate" time="0.003" /><testcase classname="tests.test_charging_plan_adjustments_more" name="test_ensure_target_capacity_empty_timeline" time="0.004" /><testcase classname="tests.test_coordinator" name="test_async_update_data_standalone_notification_failure" time="0.031" /><testcase classname="tests.test_charging_plan_adjustments_more" name="test_ensure_target_capacity_already_met" time="0.005" /><testcase classname="tests.test_charging_plan_adjustments_more" name="test_find_cheapest_suitable_hour" time="0.004" /><testcase classname="tests.test_charging_plan_adjustments_more" name="test_find_cheapest_hour_before_returns_best" time="0.003" /><testcase classname="tests.test_charging_plan_adjustments_more" name="test_find_cheapest_hour_before_price_threshold_excludes" time="0.004" /><testcase classname="tests.test_charging_plan_adjustments_more" name="test_find_cheapest_suitable_hour_price_threshold_excludes" time="0.004" /><testcase classname="tests.test_charging_plan_adjustments_more" name="test_fix_minimum_capacity_hits_max_iterations" time="0.014" /><testcase classname="tests.test_balancing_simulation.TestBalancingSimulation" name="test_normal_operation_no_balancing" time="0.044" /><testcase classname="tests.test_coordinator" name="test_async_update_data_battery_forecast_task_running" time="0.034" /><testcase classname="tests.test_charging_plan_adjustments_more" name="test_ensure_target_capacity_hits_max_iterations" time="0.015" /><testcase classname="tests.test_coordinator" name="test_async_update_data_battery_forecast_task_created" time="0.026" /><testcase classname="tests.test_balancing_simulation.TestBalancingSimulation" name="test_compare_balancing_vs_normal" time="0.102" /><testcase classname="tests.test_config_steps_more" name="test_migrate_old_pricing_data_empty_and_passthrough" time="0.124" /><testcase classname="tests.test_coordinator" name="test_async_update_data_includes_spot_prices_cache" time="0.026" /><testcase classname="tests.test_config_steps_more" name="test_migrate_old_pricing_data_fixed_models" time="0.003" /><testcase classname="tests.test_config_steps_more" name="test_map_backend_to_frontend_weekend_same_defaults" time="0.003" /><testcase classname="tests.test_config_steps_more" name="test_get_defaults_reconfiguration" time="0.004" /><testcase classname="tests.test_config_steps_more" name="test_handle_back_button_returns_previous" time="0.005" /><testcase classname="tests.test_coordinator" name="test_async_update_data_includes_battery_forecast_data" time="0.031" /><testcase classname="tests.test_binary_sensor" name="test_binary_sensor_types_present" time="0.129" /><testcase classname="tests.test_config_steps_more" name="test_handle_back_button_no_history_returns_welcome" time="0.005" /><testcase classname="tests.test_binary_sensor" name="test_binary_sensor_basic" time="0.006" /><testcase classname="tests.test_config_steps_more" name="test_generate_summary_all_sections" time="0.011" /><testcase classname="tests.test_balancing_simulation.TestBalancingSimulation" name="test_balancing_deadline_reached" time="0.071" /><testcase classname="tests.test_charging_plan_more" name="test_economic_charging_plan_no_candidates" time="0.110" /><testcase classname="tests.test_binary_sensor" name="test_async_setup_entry_creates_entities" time="0.006" /><testcase classname="tests.test_charging_plan_more" name="test_economic_charging_plan_death_valley_fix" time="0.004" /><testcase classname="tests.test_binary_sensor" name="test_binary_sensor_name_unique_and_errors" time="0.006" /><testcase classname="tests.test_coordinator" name="test_async_update_data_initial_spot_fetch_empty" time="0.029" /><testcase classname="tests.test_binary_sensor" name="test_binary_sensor_device_info_variants" time="0.006" /><testcase classname="tests.test_binary_sensor" name="test_binary_sensor_added_to_hass_error" time="0.005" /><testcase classname="tests.test_coordinator" name="test_async_update_data_initial_spot_fetch_exception" time="0.030" /><testcase classname="tests.test_config_steps_more3" name="test_sanitize_data_source_mode_variants" time="0.122" /><testcase classname="tests.test_coordinator" name="test_update_battery_forecast_skips_without_data" time="0.026" /><testcase classname="tests.test_coordinator" name="test_update_battery_forecast_no_inverter" time="0.028" /><testcase classname="tests.test_charging_plan_more" name="test_economic_charging_plan_economic_charge" time="0.004" /><testcase classname="tests.test_charging_plan_more" name="test_smart_charging_plan_critical_fix" time="0.004" /><testcase classname="tests.test_charging_plan_more" name="test_should_pre_charge_for_peak_avoidance_waits_for_cheaper_post_peak_slot" time="0.004" /><testcase classname="tests.test_charging_plan_more" name="test_should_pre_charge_for_peak_avoidance_preserves_headroom_for_future_negative_price" time="0.003" /><testcase classname="tests.test_charging_plan_more" name="test_should_pre_charge_for_peak_avoidance_keeps_precharge_when_pre_peak_load_would_drain_battery" time="0.004" /><testcase classname="tests.test_charging_plan_more" name="test_should_pre_charge_for_peak_avoidance_projects_soc_before_soc_sufficient_check" time="0.004" /><testcase classname="tests.test_charging_plan_more" name="test_should_pre_charge_for_peak_avoidance_detects_next_day_cheaper_slot" time="0.004" /><testcase classname="tests.test_charging_plan_more" name="test_should_pre_charge_for_peak_avoidance_ignores_negative_price_when_headroom_remains_sufficient" time="0.004" /><testcase classname="tests.test_config_steps_more3" name="test_config_flow_sanitize_mode_override" time="0.010" /><testcase classname="tests.test_coordinator" name="test_update_battery_forecast_with_timeline" time="0.035" /><testcase classname="tests.test_config_steps_more3" name="test_pricing_distribution_tariff_change_rerender" time="0.005" /><testcase classname="tests.test_config_steps_more3" name="test_pricing_distribution_invalid_fees_and_vat" time="0.006" /><testcase classname="tests.test_boiler_api_views_helper_branches" name="test_pick_peak_hours_empty_returns_empty_list" time="0.130" /><testcase classname="tests.test_boiler_api_views_helper_branches" name="test_build_circulation_windows_empty_returns_empty_list" time="0.004" /><testcase classname="tests.test_boiler_api_views_helper_branches" name="test_find_next_heating_slot_skips_non_consuming_slots" time="0.004" /><testcase classname="tests.test_boiler_api_views_helper_branches" name="test_build_state_payload_serializes_last_update_datetime" time="0.004" /><testcase classname="tests.test_coordinator" name="test_update_battery_forecast_no_timeline" time="0.033" /><testcase classname="tests.test_coordinator" name="test_create_simple_battery_forecast_no_data" time="0.030" /><testcase classname="tests.test_charging_plan_more2" name="test_economic_charging_plan_skip_low_savings" time="0.143" /><testcase classname="tests.test_charging_plan_more2" name="test_economic_charging_plan_protection_no_candidates" time="0.005" /><testcase classname="tests.test_charging_plan_more2" name="test_economic_charging_plan_protection_breaks_early" time="0.005" /><testcase classname="tests.test_coordinator" name="test_create_simple_battery_forecast_with_data" time="0.027" /><testcase classname="tests.test_charging_plan_more2" name="test_smart_charging_plan_target_loop_and_filters" time="0.003" /><testcase classname="tests.test_balancing_state_map" name="test_forced_balancing_transition" time="0.143" /><testcase classname="tests.test_charging_plan_more2" name="test_smart_charging_plan_hits_max_iterations" time="0.019" /><testcase classname="tests.test_balancing_state_map" name="test_forced_balancing_override_markers" time="0.008" /><testcase classname="tests.test_coordinator" name="test_maybe_fill_config_nodes_throttled" time="0.035" /><testcase classname="tests.test_balancing_state_map" name="test_opportunistic_does_not_break_pv_first_contract" time="0.012" /><testcase classname="tests.test_config_steps_more4" name="test_wizard_intervals_local_proxy_missing" time="0.127" /><testcase classname="tests.test_balancing_state_map" name="test_opportunistic_contract_allows_pv_first_deference" time="0.006" /><testcase classname="tests.test_config_steps_more4" name="test_wizard_intervals_local_proxy_present" time="0.004" /><testcase classname="tests.test_balancing_state_map" name="test_state_machine_order_natural_before_forced" time="0.009" /><testcase classname="tests.test_config_steps_more4" name="test_wizard_intervals_local_proxy_invalid_box_id" time="0.006" /><testcase classname="tests.test_config_steps_more4" name="test_wizard_solar_validation_errors" time="0.004" /><testcase classname="tests.test_config_steps_more4" name="test_wizard_solar_requires_api_key_every_4h" time="0.004" /><testcase classname="tests.test_balancing_state_map" name="test_state_machine_order_forced_overrides_opportunistic" time="0.008" /><testcase classname="tests.test_boiler_circulation" name="test_build_circulation_windows_empty" time="0.134" /><testcase classname="tests.test_boiler_circulation" name="test_build_circulation_windows_future" time="0.004" /><testcase classname="tests.test_balancing_state_map" name="test_balancing_plan_serialization_for_precedence_engine" time="0.004" /><testcase classname="tests.test_config_steps_more4" name="test_wizard_solar_string2_only_success" time="0.005" /><testcase classname="tests.test_boiler_circulation" name="test_is_circulation_recommended" time="0.004" /><testcase classname="tests.test_coordinator" name="test_maybe_fill_config_nodes_option_error" time="0.037" /><testcase classname="tests.test_config_steps_more4" name="test_wizard_solar_string_param_errors" time="0.006" /><testcase classname="tests.test_boiler_circulation" name="test_pick_peak_hours_variants" time="0.004" /><testcase classname="tests.test_config_steps_more4" name="test_wizard_solar_solcast_requires_key" time="0.006" /><testcase classname="tests.test_boiler_circulation" name="test_build_circulation_windows_no_peak_hours" time="0.004" /><testcase classname="tests.test_config_steps_more4" name="test_wizard_solar_initial_form" time="0.006" /><testcase classname="tests.test_coordinator" name="test_maybe_fill_config_nodes_stats_keys_error" time="0.030" /><testcase classname="tests.test_config_steps_more4" name="test_wizard_welcome_routes" time="0.005" /><testcase classname="tests.test_config_steps_more4" name="test_wizard_credentials_live_data_not_enabled" time="0.005" /><testcase classname="tests.test_config_steps_more4" name="test_wizard_credentials_invalid_auth" time="0.005" /><testcase classname="tests.test_config_steps_more4" name="test_wizard_credentials_cannot_connect" time="0.005" /><testcase classname="tests.test_config_steps_more4" name="test_wizard_credentials_unknown_error" time="0.008" /><testcase classname="tests.test_charging_plan_more3" name="test_smart_charging_plan_critical_filters" time="0.117" /><testcase classname="tests.test_coordinator" name="test_maybe_fill_config_nodes_box_not_dict" time="0.033" /><testcase classname="tests.test_charging_plan_more3" name="test_smart_charging_plan_critical_candidate_filters" time="0.005" /><testcase classname="tests.test_config_steps_more4" name="test_wizard_credentials_initial_form" time="0.007" /><testcase classname="tests.test_config_steps_more4" name="test_wizard_modules_go_back" time="0.006" /><testcase classname="tests.test_config_steps_more4" name="test_wizard_modules_dashboard_requires_all" time="0.005" /><testcase classname="tests.test_coordinator" name="test_maybe_fill_config_nodes_no_missing_nodes" time="0.035" /><testcase classname="tests.test_config_steps_more4" name="test_wizard_solar_invalid_coordinates_format" time="0.007" /><testcase classname="tests.test_config_steps_more4" name="test_wizard_solar_invalid_string_params_format" time="0.008" /><testcase classname="tests.test_config_steps_more4" name="test_migrate_old_pricing_data_fixed_dual" time="0.005" /><testcase classname="tests.test_config_steps_more4" name="test_map_backend_to_frontend_weekend_same_inferred" time="0.003" /><testcase classname="tests.test_base_sensor" name="test_base_sensor_import_error_uses_empty_config" time="0.138" /><testcase classname="tests.test_coordinator" name="test_maybe_fill_config_nodes_cloud_fetch_error" time="0.030" /><testcase classname="tests.test_config_steps_more4" name="test_map_backend_to_frontend_weekend_same_computed_false" time="0.003" /><testcase classname="tests.test_base_sensor" name="test_base_sensor_service_shield_logs_warning" time="0.006" /><testcase classname="tests.test_config_steps_more4" name="test_get_defaults_non_reconfiguration" time="0.004" /><testcase classname="tests.test_boiler_coordinator_more" name="test_async_update_data_success" time="0.138" /><testcase classname="tests.test_config_steps_more4" name="test_get_planner_mode_value" time="0.004" /><testcase classname="tests.test_base_sensor" name="test_base_sensor_unknown_box_id_warning" time="0.006" /><testcase classname="tests.test_config_steps_more4" name="test_get_step_placeholders_fallback" time="0.004" /><testcase classname="tests.test_boiler_coordinator_more" name="test_async_update_data_error" time="0.008" /><testcase classname="tests.test_config_steps_more4" name="test_get_current_step_number_options_flow" time="0.004" /><testcase classname="tests.test_coordinator" name="test_maybe_fill_config_nodes_cloud_invalid" time="0.026" /><testcase classname="tests.test_config_steps_more4" name="test_get_next_step_unknown" time="0.004" /><testcase classname="tests.test_config_steps_more4" name="test_get_next_step_skips_to_summary" time="0.004" /><testcase classname="tests.test_boiler_coordinator_more" name="test_should_update_profile" time="0.004" /><testcase classname="tests.test_boiler_coordinator_more" name="test_update_profile_error" time="0.006" /><testcase classname="tests.test_config_steps_more4" name="test_get_next_step_from_summary_returns_summary" time="0.004" /><testcase classname="tests.test_boiler_coordinator_more" name="test_read_temperatures_paths" time="0.005" /><testcase classname="tests.test_config_steps_more4" name="test_wizard_intervals_back_button" time="0.004" /><testcase classname="tests.test_config_steps_more4" name="test_wizard_intervals_too_long_errors" time="0.005" /><testcase classname="tests.test_cloud_contract" name="test_contract_declares_explicit_common_fields_and_schema_version" time="0.125" /><testcase classname="tests.test_boiler_coordinator_more" name="test_read_temperatures_uses_sensor_position" time="0.005" /><testcase classname="tests.test_config_steps_more4" name="test_wizard_solar_back_button" time="0.005" /><testcase classname="tests.test_boiler_coordinator_more" name="test_calculate_energy_state" time="0.004" /><testcase classname="tests.test_coordinator" name="test_should_update_extended_naive_last_update" time="0.035" /><testcase classname="tests.test_cloud_contract" name="test_frozen_event_taxonomy_matches_plan_exactly" time="0.009" /><testcase classname="tests.test_config_steps_more4" name="test_wizard_battery_back_button" time="0.007" /><testcase classname="tests.test_boiler_coordinator_more" name="test_track_energy_sources_variants" time="0.005" /><testcase classname="tests.test_boiler_coordinator_more" name="test_update_plan_and_spot_prices" time="0.006" /><testcase classname="tests.test_config_steps_more4" name="test_wizard_battery_initial_form" time="0.006" /><testcase classname="tests.test_cloud_contract" name="test_allowlisted_keys_and_detail_enums_are_frozen" time="0.009" /><testcase classname="tests.test_boiler_coordinator_more" name="test_overflow_windows_missing_and_present" time="0.006" /><testcase classname="tests.test_config_steps_more4" name="test_battery_schema_uses_defaults" time="0.005" /><testcase classname="tests.test_cloud_contract" name="test_build_producer_event_returns_flat_validated_envelope_without_transport" time="0.009" /><testcase classname="tests.test_boiler_coordinator_more" name="test_track_energy_sources_alt_invalid" time="0.005" /><testcase classname="tests.test_config_steps_more4" name="test_wizard_summary_not_implemented" time="0.005" /><testcase classname="tests.test_coordinator" name="test_update_battery_forecast_config_entry_options_error" time="0.029" /><testcase classname="tests.test_cloud_contract" name="test_validate_producer_event_rejects_transport_and_unknown_event_names" time="0.013" /><testcase classname="tests.test_boiler_coordinator_more" name="test_update_plan_error" time="0.006" /><testcase classname="tests.test_config_steps_more4" name="test_quick_setup_ote_api_warning" time="0.006" /><testcase classname="tests.test_config_steps_more4" name="test_quick_setup_live_data_not_enabled" time="0.005" /><testcase classname="tests.test_boiler_coordinator_more" name="test_get_spot_prices_missing_state" time="0.005" /><testcase classname="tests.test_config_steps_more4" name="test_quick_setup_invalid_auth" time="0.004" /><testcase classname="tests.test_boiler_coordinator_more" name="test_resolve_box_id_uses_forced_when_valid" time="0.004" /><testcase classname="tests.test_config_steps_more4" name="test_quick_setup_unknown_error" time="0.010" /><testcase classname="tests.test_coordinator" name="test_update_battery_forecast_exception" time="0.026" /><testcase classname="tests.test_boiler_coordinator_more" name="test_resolve_box_id_infers_from_states" time="0.004" /><testcase classname="tests.test_boiler_coordinator_more" name="test_infer_box_id_from_states_attribute_error" time="0.004" /><testcase classname="tests.test_battery_efficiency_sensor" name="test_update_current_month_metrics_computes_efficiency" time="0.120" /><testcase classname="tests.test_boiler_coordinator_more" name="test_infer_box_id_from_states_no_match" time="0.004" /><testcase classname="tests.test_coordinator" name="test_utcnow_fallback" time="0.002" /><testcase classname="tests.test_coordinator" name="test_init_pricing_cache_load_error_next_day" time="0.008" /><testcase classname="tests.test_boiler_coordinator_more" name="test_infer_box_id_from_states_returns_first_valid" time="0.004" /><testcase classname="tests.test_boiler_coordinator_more" name="test_build_oig_entity_id_unknown_box_fallback" time="0.005" /><testcase classname="tests.test_coordinator" name="test_init_pricing_ote_api_error" time="0.007" /><testcase classname="tests.test_battery_efficiency_sensor" name="test_update_current_month_metrics_missing_energy" time="0.007" /><testcase classname="tests.test_battery_efficiency_sensor" name="test_capture_month_snapshot_records_data" time="0.006" /><testcase classname="tests.test_battery_efficiency_sensor" name="test_finalize_last_month_uses_snapshot" time="0.005" /><testcase classname="tests.test_boiler_coordinator_more" name="test_build_oig_entity_id_known_box_id" time="0.004" /><testcase classname="tests.test_coordinator" name="test_init_chmu_api_error" time="0.006" /><testcase classname="tests.test_battery_efficiency_sensor" name="test_finalize_last_month_fallback_to_history" time="0.006" /><testcase classname="tests.test_battery_efficiency_sensor" name="test_finalize_last_month_missing_data_clears" time="0.006" /><testcase classname="tests.test_battery_efficiency_sensor" name="test_finalize_last_month_resets_month_start" time="0.005" /><testcase classname="tests.test_coordinator" name="test_async_config_entry_first_refresh_cache_load" time="0.028" /><testcase classname="tests.test_battery_efficiency_sensor" name="test_init_resolve_box_id_error" time="0.004" /><testcase classname="tests.test_battery_efficiency_sensor" name="test_restore_from_state_without_attrs" time="0.004" /><testcase classname="tests.test_battery_efficiency_sensor" name="test_handle_coordinator_update_calls_publish" time="0.004" /><testcase classname="tests.test_battery_efficiency_sensor" name="test_async_added_to_hass_runs_initial_flow" time="0.007" /><testcase classname="tests.test_coordinator" name="test_async_config_entry_first_refresh_cache_load_error" time="0.029" /><testcase classname="tests.test_battery_efficiency_sensor" name="test_scheduled_snapshot_calls_helpers" time="0.006" /><testcase classname="tests.test_economic_planner_integration.TestFetchSolarForecast" name="test_fetch_solar_forecast_with_valid_sensor" time="0.121" /><testcase classname="tests.test_battery_efficiency_sensor" name="test_scheduled_finalize_calls_helpers" time="0.006" /><testcase classname="tests.test_battery_efficiency_sensor" name="test_capture_month_snapshot_updates_start_and_returns" time="0.004" /><testcase classname="tests.test_economic_planner_integration.TestApplyEconomicPlan" name="test_apply_economic_plan_logs_info" time="0.013" /><testcase classname="tests.test_battery_efficiency_sensor" name="test_finalize_last_month_keeps_existing_when_not_forced" time="0.005" /><testcase classname="tests.test_config_steps_payload" name="test_build_options_payload_maps_pricing_and_defaults" time="0.123" /><testcase classname="tests.test_economic_planner_integration.TestFetchLoadForecast" name="test_fetch_load_forecast_no_sensors" time="0.005" /><testcase classname="tests.test_battery_efficiency_sensor" name="test_restore_from_state_loads_last_month" time="0.004" /><testcase classname="tests.test_coordinator" name="test_async_config_entry_first_refresh_failure_with_cache" time="0.028" /><testcase classname="tests.test_economic_planner_integration.TestFetchPrices" name="test_fetch_prices_no_data" time="0.006" /><testcase classname="tests.test_battery_efficiency_sensor" name="test_get_snapshot_metrics_returns_none_when_metrics_missing" time="0.005" /><testcase classname="tests.test_economic_planner_integration.TestLoadPlannerInputs" name="test_load_planner_inputs_basic" time="0.013" /><testcase classname="tests.test_economic_planner_integration.TestEconomicPlannerIntegrationCoverage" name="test_state_float_handles_invalid_and_unknown" time="0.006" /><testcase classname="tests.test_economic_planner_integration.TestEconomicPlannerIntegrationCoverage" name="test_safe_parse_iso_invalid" time="0.004" /><testcase classname="tests.test_coordinator" name="test_async_config_entry_first_refresh_failure_no_cache" time="0.029" /><testcase classname="tests.test_boiler_module" name="test_boiler_utils_stratified_temp_simple_avg" time="0.130" /><testcase classname="tests.test_boiler_module" name="test_boiler_utils_stratified_temp_two_zone" time="0.004" /><testcase classname="tests.test_economic_planner_integration.TestEconomicPlannerIntegrationCoverage" name="test_sorted_dict_values_filters_invalid_entries" time="0.004" /><testcase classname="tests.test_economic_planner_integration.TestEconomicPlannerIntegrationCoverage" name="test_try_load_solar_from_entity_returns_none_when_empty" time="0.005" /><testcase classname="tests.test_boiler_module" name="test_boiler_utils_energy_and_residual" time="0.008" /><testcase classname="tests.test_economic_planner_integration.TestEconomicPlannerIntegrationCoverage" name="test_fetch_prices_fallback_default_when_no_sources" time="0.006" /><testcase classname="tests.test_boiler_module" name="test_boiler_utils_validate_temperature_sensor" time="0.005" /><testcase classname="tests.test_economic_planner_integration.TestEconomicPlannerIntegrationCoverage" name="test_prices_from_coordinator_exception_branch" time="0.007" /><testcase classname="tests.test_boiler_module" name="test_boiler_models_profile_and_plan" time="0.004" /><testcase classname="tests.test_boiler_module" name="test_boiler_profile_view_entry_and_module_errors" time="0.007" /><testcase classname="tests.test_economic_planner_integration.TestEconomicPlannerIntegrationCoverage" name="test_load_planner_inputs_raises_when_required_sensors_missing" time="0.006" /><testcase classname="tests.test_boiler_module" name="test_boiler_profile_view_exception" time="0.007" /><testcase classname="tests.test_economic_planner_integration.TestEconomicPlannerIntegrationCoverage" name="test_run_economic_planning_success" time="0.007" /><testcase classname="tests.test_boiler_module" name="test_boiler_profile_view_success_payload" time="0.007" /><testcase classname="tests.test_economic_planner_integration.TestEconomicPlannerIntegrationCoverage" name="test_run_economic_planning_error" time="0.005" /><testcase classname="tests.test_boiler_module" name="test_boiler_plan_view_success_payload" time="0.006" /><testcase classname="tests.test_economic_planner_integration.TestEconomicPlannerIntegrationCoverage" name="test_collect_load_avg_sensors_with_empty_box_id" time="0.007" /><testcase classname="tests.test_boiler_module" name="test_boiler_plan_view_module_and_plan_errors" time="0.006" /><testcase classname="tests.test_boiler_module" name="test_boiler_plan_view_exception" time="0.006" /><testcase classname="tests.test_config_steps_pricing" name="test_sanitize_data_source_mode" time="0.132" /><testcase classname="tests.test_config_steps_pricing" name="test_migrate_old_pricing_data_percentage_dual" time="0.003" /><testcase classname="tests.test_config_steps_pricing" name="test_migrate_old_pricing_data_fixed_prices_single" time="0.003" /><testcase classname="tests.test_boiler_module" name="test_boiler_profiler_update_profiles" time="0.022" /><testcase classname="tests.test_data_sensor_more" name="test_state_extended_import_error" time="0.142" /><testcase classname="tests.test_config_steps_pricing" name="test_map_pricing_to_backend" time="0.004" /><testcase classname="tests.test_data_sensor_more" name="test_resolve_box_id_fallback" time="0.004" /><testcase classname="tests.test_boiler_module" name="test_boiler_profiler_get_profile_for_datetime_low_confidence" time="0.004" /><testcase classname="tests.test_data_sensor_more" name="test_get_local_entity_id_for_config_default_uses_supported_domains" time="0.004" /><testcase classname="tests.test_boiler_module" name="test_boiler_profiler_get_profile_for_datetime_missing_and_valid" time="0.004" /><testcase classname="tests.test_boiler_module" name="test_boiler_profiler_get_all_profiles" time="0.004" /><testcase classname="tests.test_data_sensor_more" name="test_get_local_entity_id_for_config_discovers_cfg_suffix" time="0.005" /><testcase classname="tests.test_data_sensor_more" name="test_get_local_entity_id_for_config_prefers_explicit_domain_before_cfg" time="0.005" /><testcase classname="tests.test_data_sensor_more" name="test_get_local_value_for_sensor_type_from_control_entity" time="0.004" /><testcase classname="tests.test_boiler_module" name="test_boiler_profiler_fetch_history_handles_instance" time="0.021" /><testcase classname="tests.test_data_sensor_more" name="test_local_grid_mode_uses_control_domain_entities" time="0.006" /><testcase classname="tests.test_boiler_module" name="test_boiler_profiler_update_profiles_fetch_error" time="0.018" /><testcase classname="tests.test_boiler_module" name="test_boiler_profiler_process_history_short_and_branches" time="0.004" /><testcase classname="tests.test_coordinator_and_ote_api_gaps" name="test_coordinator_schedule_spot_price_update" time="0.189" /><testcase classname="tests.test_boiler_module" name="test_boiler_planner_spot_price_and_recommendations" time="0.004" /><testcase classname="tests.test_emitter" name="test_emit_cloud_event_validates_taxonomy_before_dispatch" time="0.139" /><testcase classname="tests.test_coordinator_and_ote_api_gaps" name="test_coordinator_schedule_hourly_fallback" time="0.024" /><testcase classname="tests.test_emitter" name="test_emit_cloud_event_fans_out_with_transport_injected_per_sink" time="0.006" /><testcase classname="tests.test_emitter" name="test_emit_cloud_event_continues_when_one_sink_fails" time="0.007" /><testcase classname="tests.test_emitter" name="test_emit_raw_event_bypasses_taxonomy_and_routes_only_to_new_relic" time="0.006" /><testcase classname="tests.test_entities_analytics_sensor_more6" name="test_device_info_property" time="0.133" /><testcase classname="tests.test_emitter" name="test_emitters_respect_no_telemetry_before_any_sink_dispatch" time="0.005" /><testcase classname="tests.test_entities_analytics_sensor_more6" name="test_calculate_current_tariff_yesterday" time="0.003" /><testcase classname="tests.test_entities_analytics_sensor_more6" name="test_calculate_current_tariff_uses_yesterday_times" time="0.004" /><testcase classname="tests.test_emitter" name="test_emitter_supports_late_sink_binding" time="0.006" /><testcase classname="tests.test_emitter" name="test_async_setup_entry_telemetry_stores_state_under_entry_scope" time="0.007" /><testcase classname="tests.test_entities_analytics_sensor_more6" name="test_calculate_current_tariff_yesterday_weekend" time="0.004" /><testcase classname="tests.test_entities_analytics_sensor_more6" name="test_get_tariff_for_datetime_uses_weekend_yesterday" time="0.004" /><testcase classname="tests.test_entities_analytics_sensor_more6" name="test_get_next_tariff_change_disabled" time="0.006" /><testcase classname="tests.test_entities_analytics_sensor_more6" name="test_calculate_tariff_intervals_no_changes" time="0.005" /><testcase classname="tests.test_entities_analytics_sensor_more6" name="test_get_tariff_for_datetime_disabled" time="0.004" /><testcase classname="tests.test_data_source_controller" name="test_init_data_source_state_local_ok" time="0.135" /><testcase classname="tests.test_entities_analytics_sensor_more6" name="test_get_spot_price_value_empty" time="0.005" /><testcase classname="tests.test_data_source_controller" name="test_init_data_source_state_proxy_mismatch" time="0.004" /><testcase classname="tests.test_entities_analytics_sensor_more6" name="test_fixed_price_value_variants" time="0.004" /><testcase classname="tests.test_data_source_controller" name="test_update_state_cloud_only_forces_cloud" time="0.004" /><testcase classname="tests.test_entities_analytics_sensor_more6" name="test_fixed_price_value_uses_current_tariff_when_now_none" time="0.005" /><testcase classname="tests.test_data_source_controller" name="test_on_any_state_change_tracks_pending" time="0.002" /><testcase classname="tests.test_data_source_controller" name="test_on_any_state_change_tracks_alphanumeric_box_id" time="0.003" /><testcase classname="tests.test_entities_analytics_sensor_more6" name="test_fixed_price_value_single_tariff_max" time="0.006" /><testcase classname="tests.test_data_source_controller" name="test_on_any_state_change_ignored_cloud_only" time="0.003" /><testcase classname="tests.test_detail_tabs_blocks" name="test_build_mode_blocks_for_tab_non_dict_payload" time="0.135" /><testcase classname="tests.test_entities_analytics_sensor_more6" name="test_calculate_fixed_daily_average_single_tariff" time="0.004" /><testcase classname="tests.test_data_source_controller" name="test_on_any_state_change_wrong_entity" time="0.004" /><testcase classname="tests.test_detail_tabs_blocks" name="test_build_mode_blocks_for_tab_completed_mismatch" time="0.003" /><testcase classname="tests.test_data_source_controller" name="test_schedule_debounced_poke_failure" time="0.003" /><testcase classname="tests.test_entities_analytics_sensor_more6" name="test_get_dynamic_spot_price_value_unknown" time="0.004" /><testcase classname="tests.test_data_source_controller" name="test_update_state_proxy_missing" time="0.004" /><testcase classname="tests.test_entities_analytics_sensor_more6" name="test_fixed_price_value_unknown_sensor" time="0.004" /><testcase classname="tests.test_data_source_controller" name="test_on_effective_mode_changed_handles_errors" time="0.004" /><testcase classname="tests.test_entities_analytics_sensor_more6" name="test_final_price_with_fees_fixed_model" time="0.005" /><testcase classname="tests.test_coverage_block_more" name="test_baseline_plan_detailed_fallback" time="0.134" /><testcase classname="tests.test_data_source_controller" name="test_on_effective_mode_changed_skips_incident_without_previous_mode" time="0.006" /><testcase classname="tests.test_entities_analytics_sensor_more6" name="test_get_today_extreme_price_invalid_key" time="0.005" /><testcase classname="tests.test_coverage_block_more" name="test_ensure_plan_exists_emergency_success" time="0.006" /><testcase classname="tests.test_data_source_controller" name="test_on_effective_mode_changed_emits_fallback_cloud_to_local_once_until_recovery" time="0.007" /><testcase classname="tests.test_entities_analytics_sensor_more6" name="test_get_today_extreme_price_skips_none" time="0.004" /><testcase classname="tests.test_coverage_block_more" name="test_hybrid_planning_negative_prices_added" time="0.006" /><testcase classname="tests.test_entities_analytics_sensor_more6" name="test_extra_state_attributes_hourly_fixed_and_percentage" time="0.008" /><testcase classname="tests.test_data_source_controller" name="test_on_effective_mode_changed_emits_recovery_and_resets_failure_dedupe" time="0.010" /><testcase classname="tests.test_coverage_block_more" name="test_hybrid_planning_add_ups_blocked_and_min_len" time="0.004" /><testcase classname="tests.test_entities_analytics_sensor_more6" name="test_extra_state_attributes_pricing_details" time="0.006" /><testcase classname="tests.test_data_source_controller" name="test_handle_local_event_updates_coordinator" time="0.007" /><testcase classname="tests.test_coverage_block_more" name="test_hybrid_planning_recovery_sets_index" time="0.004" /><testcase classname="tests.test_entities_adaptive_load_profiles" name="test_get_season" time="0.122" /><testcase classname="tests.test_entities_analytics_sensor_more6" name="test_extra_state_attributes_fixed_prices_nt" time="0.007" /><testcase classname="tests.test_coverage_block_more" name="test_hybrid_planning_recovery_unreachable_sets_infeasible" time="0.004" /><testcase classname="tests.test_data_source_controller" name="test_handle_local_event_throttles_snapshot_publish" time="0.005" /><testcase classname="tests.test_entities_adaptive_load_profiles" name="test_generate_profile_name_winter_heating" time="0.004" /><testcase classname="tests.test_coverage_block_more" name="test_hybrid_planning_final_validation_infeasible" time="0.004" /><testcase classname="tests.test_entities_analytics_sensor_more6" name="test_extra_state_attributes_percentage_fees" time="0.005" /><testcase classname="tests.test_data_source_controller" name="test_schedule_snapshot_publish_coalesces_pending_updates" time="0.004" /><testcase classname="tests.test_data_source_controller" name="test_publish_pending_snapshot_skips_when_effective_cloud" time="0.004" /><testcase classname="tests.test_coverage_block_more" name="test_hybrid_planning_gap_fill_and_forward_pass" time="0.004" /><testcase classname="tests.test_entities_analytics_sensor_more6" name="test_state_unavailable" time="0.006" /><testcase classname="tests.test_entities_adaptive_load_profiles" name="test_generate_profile_name_weekend_morning_spike" time="0.004" /><testcase classname="tests.test_entities_adaptive_load_profiles" name="test_generate_profile_name_invalid_length" time="0.004" /><testcase classname="tests.test_data_source_controller" name="test_async_stop_cancels_snapshot_publish_handle" time="0.006" /><testcase classname="tests.test_entities_adaptive_load_profiles" name="test_fill_missing_values_linear" time="0.004" /><testcase classname="tests.test_coverage_block_more" name="test_hybrid_scoring_analyze_future_price_branches" time="0.008" /><testcase classname="tests.test_entities_analytics_sensor_more6" name="test_state_returns_none_and_sensor_type" time="0.006" /><testcase classname="tests.test_entities_adaptive_load_profiles" name="test_build_daily_profiles_interpolates" time="0.026" /><testcase classname="tests.test_data_source_controller" name="test_async_start_fallback_listeners" time="0.006" /><testcase classname="tests.test_coverage_block_more" name="test_hybrid_scoring_select_best_mode_reasons" time="0.004" /><testcase classname="tests.test_coverage_block_more" name="test_hybrid_scoring_score_mode_branches" time="0.004" /><testcase classname="tests.test_data_source_controller" name="test_async_start_seed_skips_publish_when_effective_cloud" time="0.005" /><testcase classname="tests.test_coverage_block_more" name="test_hybrid_result_savings_percent_zero" time="0.004" /><testcase classname="tests.test_data_source_controller" name="test_init_data_source_state_entry_options_error" time="0.005" /><testcase classname="tests.test_coverage_block_more" name="test_hybrid_strategy_proxy_methods" time="0.004" /><testcase classname="tests.test_data_source_controller" name="test_init_data_source_state_local_stale_reason" time="0.004" /><testcase classname="tests.test_entities_adaptive_load_profiles" name="test_build_72h_profiles" time="0.004" /><testcase classname="tests.test_data_source_controller" name="test_init_data_source_state_proxy_box_missing" time="0.004" /><testcase classname="tests.test_coverage_block_more" name="test_timeline_extended_storage_debug_and_archive" time="0.018" /><testcase classname="tests.test_entities_adaptive_load_profiles" name="test_build_current_match" time="0.009" /><testcase classname="tests.test_data_source_controller" name="test_init_data_source_state_cloud_only_effective" time="0.003" /><testcase classname="tests.test_detail_tabs_summary" name="test_default_metrics_summary" time="0.122" /><testcase classname="tests.test_detail_tabs_summary" name="test_aggregate_interval_metrics" time="0.004" /><testcase classname="tests.test_data_source_controller" name="test_async_start_seed_error" time="0.006" /><testcase classname="tests.test_entities_adaptive_load_profiles" name="test_apply_floor_to_prediction" time="0.004" /><testcase classname="tests.test_detail_tabs_summary" name="test_calculate_tab_summary_empty" time="0.004" /><testcase classname="tests.test_coverage_block_more" name="test_timeline_extended_mixed_branches" time="0.009" /><testcase classname="tests.test_data_source_controller" name="test_on_any_state_change_state_read_error" time="0.004" /><testcase classname="tests.test_entities_adaptive_load_profiles" name="test_calculate_profile_similarity" time="0.005" /><testcase classname="tests.test_detail_tabs_summary" name="test_calculate_tab_summary_with_blocks" time="0.004" /><testcase classname="tests.test_data_source_controller" name="test_on_any_state_change_entity_id_not_str" time="0.004" /><testcase classname="tests.test_entities_adaptive_load_profiles" name="test_extra_state_attributes_with_prediction" time="0.004" /><testcase classname="tests.test_coverage_block_more" name="test_timeline_extended_planned_only_empty_time" time="0.006" /><testcase classname="tests.test_data_source_controller" name="test_on_any_state_change_box_id_mismatch" time="0.004" /><testcase classname="tests.test_entities_adaptive_load_profiles" name="test_fill_missing_values_hour_median_fallback" time="0.004" /><testcase classname="tests.test_coverage_block_more" name="test_unified_cost_tile_fallback_build_errors" time="0.009" /><testcase classname="tests.test_data_source_controller" name="test_on_any_state_change_proxy_box_mismatch" time="0.004" /><testcase classname="tests.test_entities_adaptive_load_profiles" name="test_fill_missing_values_global_fallback" time="0.005" /><testcase classname="tests.test_data_source_controller" name="test_async_start_with_event_helpers" time="0.006" /><testcase classname="tests.test_entities_adaptive_load_profiles" name="test_build_daily_profiles_skips_missing_days" time="0.007" /><testcase classname="tests.test_coverage_block_more" name="test_detail_tabs_view_precomputed_paths" time="0.006" /><testcase classname="tests.test_data_source_controller" name="test_on_proxy_change_triggers_mode_change" time="0.005" /><testcase classname="tests.test_coverage_block_more" name="test_detail_tabs_view_fallback_build" time="0.006" /><testcase classname="tests.test_data_source_controller" name="test_on_periodic_triggers_mode_change" time="0.004" /><testcase classname="tests.test_entities_adaptive_load_profiles" name="test_find_best_matching_profile_no_hourly_data" time="0.009" /><testcase classname="tests.test_coverage_block_more" name="test_planner_settings_post_no_change" time="0.006" /><testcase classname="tests.test_data_source_controller" name="test_async_stop_unsub_errors" time="0.006" /><testcase classname="tests.test_entities_adaptive_load_profiles" name="test_find_best_matching_profile_not_enough_days" time="0.009" /><testcase classname="tests.test_data_source_controller" name="test_init_data_source_state_proxy_entity_dt_error" time="0.004" /><testcase classname="tests.test_data_source_controller" name="test_async_start_fallback_listener_invokes_proxy_change" time="0.006" /><testcase classname="tests.test_entities_adaptive_load_profiles" name="test_find_best_matching_profile_success" time="0.011" /><testcase classname="tests.test_entities_battery_balancing_sensor" name="test_format_hhmm" time="0.123" /><testcase classname="tests.test_data_source_controller" name="test_on_any_state_change_entity_id_not_str_local" time="0.004" /><testcase classname="tests.test_entities_battery_balancing_sensor" name="test_parse_dt_local" time="0.004" /><testcase classname="tests.test_data_source_controller" name="test_on_any_state_change_wrong_prefix_local" time="0.004" /><testcase classname="tests.test_entities_adaptive_load_profiles" name="test_native_value_no_data_and_with_prediction" time="0.005" /><testcase classname="tests.test_entities_battery_balancing_sensor" name="test_balancing_sensor_update_from_manager" time="0.004" /><testcase classname="tests.test_data_source_controller" name="test_on_any_state_change_expected_box_id_error" time="0.004" /><testcase classname="tests.test_entities_adaptive_load_profiles" name="test_get_energy_unit_factor" time="0.005" /><testcase classname="tests.test_entities_battery_balancing_sensor" name="test_init_resolve_box_id_error" time="0.005" /><testcase classname="tests.test_data_source_controller" name="test_on_any_state_change_regex_no_match" time="0.004" /><testcase classname="tests.test_entities_battery_balancing_sensor" name="test_get_balancing_manager_no_hass" time="0.004" /><testcase classname="tests.test_entities_adaptive_load_profiles" name="test_create_and_update_profile_warming_up" time="0.007" /><testcase classname="tests.test_entities_battery_balancing_sensor" name="test_get_balancing_manager_exception" time="0.004" /><testcase classname="tests.test_data_source_controller" name="test_on_any_state_change_coerce_box_id_exception" time="0.003" /><testcase classname="tests.test_entities_adaptive_load_profiles" name="test_create_and_update_profile_sends_signal" time="0.006" /><testcase classname="tests.test_data_source_controller" name="test_on_any_state_change_time_fired_error" time="0.003" /><testcase classname="tests.test_entities_battery_balancing_sensor" name="test_update_manager_missing_keeps_status" time="0.004" /><testcase classname="tests.test_data_source_controller" name="test_handle_local_event_mode_changed" time="0.007" /><testcase classname="tests.test_entities_battery_balancing_sensor" name="test_update_manager_attrs_error" time="0.006" /><testcase classname="tests.test_entities_adaptive_load_profiles" name="test_wait_for_next_profile_window" time="0.007" /><testcase classname="tests.test_entities_battery_balancing_sensor" name="test_update_manager_config_fallbacks" time="0.004" /><testcase classname="tests.test_data_source_controller" name="test_handle_local_event_exception" time="0.006" /><testcase classname="tests.test_data_source_controller" name="test_update_state_proxy_parse_failed" time="0.004" /><testcase classname="tests.test_entities_battery_balancing_sensor" name="test_status_branches_without_plan" time="0.005" /><testcase classname="tests.test_dual_price_simulation.TestDualPriceSystem" name="test_positive_export_price_generates_revenue" time="0.128" /><testcase classname="tests.test_dual_price_simulation.TestDualPriceSystem" name="test_negative_export_price_costs_money" time="0.004" /><testcase classname="tests.test_entities_battery_balancing_sensor" name="test_status_disabled" time="0.005" /><testcase classname="tests.test_data_source_controller" name="test_update_state_proxy_entity_dt_exception" time="0.003" /><testcase classname="tests.test_data_source_controller" name="test_update_state_expected_box_error" time="0.004" /><testcase classname="tests.test_dual_price_simulation.TestDualPriceSystem" name="test_summer_scenario_home_iii_loses_money" time="0.003" /><testcase classname="tests.test_entities_battery_balancing_sensor" name="test_current_state_planned_and_balancing" time="0.003" /><testcase classname="tests.test_data_source_controller" name="test_update_state_local_entities_candidate" time="0.004" /><testcase classname="tests.test_dual_price_simulation.TestDualPriceSystem" name="test_summer_scenario_smart_saves_money" time="0.004" /><testcase classname="tests.test_entities_battery_balancing_sensor" name="test_current_state_completed_and_exception" time="0.004" /><testcase classname="tests.test_data_source_controller" name="test_update_state_local_stale_reason" time="0.003" /><testcase classname="tests.test_dual_price_simulation.TestDualPriceSystem" name="test_export_price_calculation_percentage_model" time="0.003" /><testcase classname="tests.test_entities_battery_balancing_sensor" name="test_current_state_completed" time="0.003" /><testcase classname="tests.test_data_source_controller" name="test_update_state_proxy_box_mismatch_reason" time="0.004" /><testcase classname="tests.test_dual_price_simulation.TestDualPriceSystem" name="test_export_price_calculation_fixed_model" time="0.004" /><testcase classname="tests.test_entities_battery_balancing_sensor" name="test_charging_intervals_exception" time="0.004" /><testcase classname="tests.test_data_source_controller" name="test_on_any_state_change_rejects_malformed_ids[sensor.oig_local_123_]" time="0.005" /><testcase classname="tests.test_dual_price_simulation.TestDualPriceSystem" name="test_negative_spot_creates_negative_export" time="0.005" /><testcase classname="tests.test_entities_battery_balancing_sensor" name="test_device_info_and_update_hooks" time="0.005" /><testcase classname="tests.test_data_source_controller" name="test_on_any_state_change_rejects_malformed_ids[sensor.oig_local_123_bad]" time="0.003" /><testcase classname="tests.test_dual_price_simulation.TestSimulatorPhysics" name="test_home_ups_absorbs_solar" time="0.004" /><testcase classname="tests.test_coverage_block_more2" name="test_battery_timeline_view_exception" time="0.129" /><testcase classname="tests.test_data_source_controller" name="test_on_any_state_change_rejects_malformed_ids[sensor.oig_local_123_cfg]" time="0.004" /><testcase classname="tests.test_entities_battery_balancing_sensor" name="test_async_added_restores_and_errors" time="0.007" /><testcase classname="tests.test_dual_price_simulation.TestSimulatorPhysics" name="test_home_iii_all_solar_to_battery" time="0.005" /><testcase classname="tests.test_data_source_controller" name="test_on_any_state_change_tracks_control_domains[switch.oig_local_123_tbl_box_prms_mode_cfg]" time="0.005" /><testcase classname="tests.test_coverage_block_more2" name="test_unified_cost_tile_missing_entity" time="0.005" /><testcase classname="tests.test_dual_price_simulation.TestSimulatorPhysics" name="test_home_iii_exports_only_when_full" time="0.004" /><testcase classname="tests.test_data_source_controller" name="test_on_any_state_change_tracks_control_domains[number.oig_local_123_tbl_invertor_prms_bat_min_cfg]" time="0.005" /><testcase classname="tests.test_coverage_block_more2" name="test_unified_cost_tile_comparison_merge" time="0.007" /><testcase classname="tests.test_dual_price_simulation.TestSimulatorPhysics" name="test_home_iii_no_export_when_battery_has_space" time="0.005" /><testcase classname="tests.test_data_source_controller" name="test_on_any_state_change_tracks_control_domains[select.oig_local_123_proxy_control_proxy_mode_cfg]" time="0.004" /><testcase classname="tests.test_dual_price_simulation.TestSimulatorPhysics" name="test_home_ii_fve_covers_load_first" time="0.004" /><testcase classname="tests.test_coverage_block_more2" name="test_detail_tabs_view_missing_entity" time="0.005" /><testcase classname="tests.test_dual_price_simulation.TestSimulatorPhysics" name="test_home_ii_deficit_from_grid_not_battery" time="0.003" /><testcase classname="tests.test_data_source_controller" name="test_on_any_state_change_tracks_legacy_local_entity_id" time="0.004" /><testcase classname="tests.test_dual_price_simulation.TestSimulatorPhysics" name="test_home_i_deficit_from_battery" time="0.003" /><testcase classname="tests.test_coverage_block_more2" name="test_detail_tabs_view_precomputed_missing_detail_tabs" time="0.009" /><testcase classname="tests.test_dual_price_simulation.TestSimulatorPhysics" name="test_night_all_modes_discharge_battery" time="0.004" /><testcase classname="tests.test_coverage_block_more2" name="test_detail_tabs_view_precomputed_error" time="0.006" /><testcase classname="tests.test_dual_price_simulation.TestSimulatorPhysics" name="test_battery_discharge_with_efficiency" time="0.003" /><testcase classname="tests.test_dual_price_simulation.TestSimulatorPhysics" name="test_hw_minimum_stops_discharge" time="0.004" /><testcase classname="tests.test_coverage_block_more2" name="test_detail_tabs_view_build_error" time="0.007" /><testcase classname="tests.test_dual_price_simulation.TestFullDaySimulation" name="test_summer_day_comparison" time="0.005" /><testcase classname="tests.test_coverage_block_more2" name="test_hybrid_savings_percent_positive" time="0.004" /><testcase classname="tests.test_entities_analytics_sensor" name="test_parse_tariff_times" time="0.127" /><testcase classname="tests.test_coverage_block_more2" name="test_hybrid_planning_min_len_and_recovery_index" time="0.005" /><testcase classname="tests.test_entities_analytics_sensor" name="test_calculate_current_tariff_single" time="0.005" /><testcase classname="tests.test_coverage_block_more2" name="test_hybrid_planning_gap_fill_forward" time="0.008" /><testcase classname="tests.test_entities_analytics_sensor" name="test_calculate_current_tariff_weekday" time="0.005" /><testcase classname="tests.test_coverage_block_more2" name="test_hybrid_scoring_reason_branches" time="0.006" /><testcase classname="tests.test_entities_analytics_sensor" name="test_calculate_current_tariff_weekend" time="0.005" /><testcase classname="tests.test_entities_analytics_sensor" name="test_get_next_tariff_change" time="0.004" /><testcase classname="tests.test_coverage_block_more2" name="test_build_today_cost_data_edge_cases" time="0.007" /><testcase classname="tests.test_entities_analytics_sensor" name="test_calculate_tariff_intervals_single_tariff" time="0.005" /><testcase classname="tests.test_coverage_block_more2" name="test_build_tomorrow_cost_data_mode_distribution" time="0.006" /><testcase classname="tests.test_entities_analytics_sensor" name="test_get_tariff_for_datetime_weekend" time="0.005" /><testcase classname="tests.test_entities_analytics_sensor" name="test_final_price_with_fees_percentage" time="0.005" /><testcase classname="tests.test_entities_battery_balancing_sensor_more" name="test_format_hhmm" time="0.130" /><testcase classname="tests.test_entities_analytics_sensor" name="test_final_price_with_fees_fixed" time="0.005" /><testcase classname="tests.test_entities_battery_balancing_sensor_more" name="test_parse_dt_local_invalid" time="0.004" /><testcase classname="tests.test_entities_analytics_sensor" name="test_get_today_extreme_price" time="0.005" /><testcase classname="tests.test_entities_analytics_sensor" name="test_dynamic_spot_exchange_rate" time="0.004" /><testcase classname="tests.test_data_source_helpers" name="test_parse_dt_variants" time="0.131" /><testcase classname="tests.test_entities_analytics_sensor" name="test_calculate_fixed_final_price_for_datetime" time="0.005" /><testcase classname="tests.test_entities_battery_balancing_sensor_more" name="test_update_from_manager_disabled" time="0.031" /><testcase classname="tests.test_data_source_helpers" name="test_coerce_box_id_variants" time="0.005" /><testcase classname="tests.test_entities_analytics_sensor" name="test_get_spot_price_value_empty_data" time="0.004" /><testcase classname="tests.test_entities_analytics_sensor" name="test_get_fixed_price_value_min_max" time="0.005" /><testcase classname="tests.test_data_source_helpers" name="test_coerce_box_id_regex_error" time="0.003" /><testcase classname="tests.test_data_source_helpers" name="test_get_configured_mode_mapping" time="0.004" /><testcase classname="tests.test_entities_analytics_sensor" name="test_calculate_fixed_daily_average_dual_tariff" time="0.006" /><testcase classname="tests.test_data_source_helpers" name="test_get_proxy_stale_minutes_default" time="0.003" /><testcase classname="tests.test_entities_battery_balancing_sensor_more" name="test_update_from_manager_active_plan_balancing" time="0.019" /><testcase classname="tests.test_entities_analytics_sensor" name="test_get_next_tariff_change_single_tariff" time="0.005" /><testcase classname="tests.test_data_source_helpers" name="test_get_local_event_debounce_ms_default" time="0.004" /><testcase classname="tests.test_data_source_helpers" name="test_get_data_source_state_default" time="0.003" /><testcase classname="tests.test_entities_analytics_sensor" name="test_calculate_tariff_intervals_dual_tariff_weekend" time="0.005" /><testcase classname="tests.test_data_source_helpers" name="test_get_effective_mode" time="0.003" /><testcase classname="tests.test_dynamic_day_policy.TestDayContextProfile" name="test_profile_is_immutable" time="0.142" /><testcase classname="tests.test_entities_analytics_sensor" name="test_available_pricing_disabled" time="0.005" /><testcase classname="tests.test_dynamic_day_policy.TestDayContextProfile" name="test_profile_has_required_fields" time="0.004" /><testcase classname="tests.test_data_source_helpers" name="test_get_latest_local_entity_update" time="0.003" /><testcase classname="tests.test_entities_analytics_sensor" name="test_state_current_tariff_and_spot_price" time="0.007" /><testcase classname="tests.test_data_source_helpers" name="test_get_latest_local_entity_update_skips_unknown" time="0.004" /><testcase classname="tests.test_entities_battery_balancing_sensor_more" name="test_update_from_manager_active_plan_ok" time="0.019" /><testcase classname="tests.test_dynamic_day_policy.TestPredefinedProfiles" name="test_pv_first_profile_disallows_grid_charging" time="0.005" /><testcase classname="tests.test_data_source_helpers" name="test_get_latest_local_entity_update_exception" time="0.004" /><testcase classname="tests.test_data_source_helpers" name="test_iter_local_entities_covers_all_domains" time="0.003" /><testcase classname="tests.test_entities_analytics_sensor" name="test_extra_state_attributes_current_tariff" time="0.005" /><testcase classname="tests.test_data_source_helpers" name="test_get_latest_local_entity_update_includes_control_domains" time="0.004" /><testcase classname="tests.test_entities_analytics_sensor" name="test_extra_state_attributes_hourly_fixed_prices" time="0.007" /><testcase classname="tests.test_entities_battery_balancing_sensor_more" name="test_update_from_manager_overdue" time="0.018" /><testcase classname="tests.test_dynamic_day_policy.TestPredefinedProfiles" name="test_cost_aware_profile_allows_grid_charging" time="0.003" /><testcase classname="tests.test_dynamic_day_policy.TestPredefinedProfiles" name="test_conservative_profile_allows_grid_charging" time="0.003" /><testcase classname="tests.test_dynamic_day_policy.TestPredefinedProfiles" name="test_legacy_profile_for_disabled_flags" time="0.003" /><testcase classname="tests.test_coverage_block_more3" name="test_validate_tariff_hours_overlap_and_gaps" time="0.120" /><testcase classname="tests.test_coverage_block_more3" name="test_validate_input_paths" time="0.005" /><testcase classname="tests.test_data_source_helpers" name="test_get_latest_local_entity_update_alphanumeric" time="0.004" /><testcase classname="tests.test_dynamic_day_policy.TestDayPolicySelector" name="test_selects_cost_profile_when_pv_weak" time="0.002" /><testcase classname="tests.test_entities_analytics_sensor" name="test_extra_state_attributes_hourly_dynamic" time="0.005" /><testcase classname="tests.test_dynamic_day_policy.TestDayPolicySelector" name="test_pv_first_hard_guard_not_overridden" time="0.003" /><testcase classname="tests.test_data_source_helpers" name="test_iter_local_entities_alphanumeric" time="0.003" /><testcase classname="tests.test_coverage_block_more3" name="test_validate_solar_forecast_api_key" time="0.006" /><testcase classname="tests.test_dynamic_day_policy.TestDayPolicySelector" name="test_legacy_when_flags_disabled" time="0.004" /><testcase classname="tests.test_coverage_block_more3" name="test_local_mapper_helpers" time="0.004" /><testcase classname="tests.test_data_source_helpers" name="test_iter_local_entities_rejects_malformed_ids" time="0.003" /><testcase classname="tests.test_data_source_helpers" name="test_iter_local_entities_discovers_legacy_format" time="0.004" /><testcase classname="tests.test_dynamic_day_policy.TestDayPolicySelector" name="test_conservative_when_quality_degraded" time="0.004" /><testcase classname="tests.test_coverage_block_more3" name="test_telemetry_store_paths" time="0.004" /><testcase classname="tests.test_dynamic_day_policy.TestDayPolicySelector" name="test_conservative_when_quality_stale" time="0.004" /><testcase classname="tests.test_coverage_block_more3" name="test_boiler_api_views" time="0.006" /><testcase classname="tests.test_data_source_helpers" name="test_iter_local_entities_mixed_current_and_legacy" time="0.002" /><testcase classname="tests.test_dynamic_day_policy.TestDayPolicySelector" name="test_pv_first_with_strong_pv_despite_degraded_quality" time="0.003" /><testcase classname="tests.test_data_source_helpers" name="test_infer_box_id_from_current_local_entities" time="0.011" /><testcase classname="tests.test_entities_battery_balancing_sensor_more" name="test_async_added_to_hass_restores" time="0.026" /><testcase classname="tests.test_dynamic_day_policy.TestDayPolicySelector" name="test_conservative_when_low_runway_and_weak_pv" time="0.004" /><testcase classname="tests.test_coverage_block_more3" name="test_boiler_planner_helpers" time="0.005" /><testcase classname="tests.test_dynamic_day_policy.TestDayPolicySelector" name="test_deterministic_selection" time="0.004" /><testcase classname="tests.test_data_source_helpers" name="test_infer_box_id_from_legacy_local_entities" time="0.004" /><testcase classname="tests.test_dynamic_day_policy.TestDayPolicySelector" name="test_price_quality_affects_selection" time="0.005" /><testcase classname="tests.test_data_source_helpers" name="test_infer_box_id_returns_none_when_ambiguous" time="0.003" /><testcase classname="tests.test_dynamic_day_policy.TestSelectDayPolicyFunction" name="test_function_returns_same_as_selector" time="0.004" /><testcase classname="tests.test_data_source_helpers" name="test_infer_box_id_ignores_cloud_entities" time="0.004" /><testcase classname="tests.test_dynamic_day_policy.TestHelperFunctions" name="test_is_pv_first_profile" time="0.004" /><testcase classname="tests.test_dynamic_day_policy.TestHelperFunctions" name="test_allows_economic_charging" time="0.004" /><testcase classname="tests.test_dynamic_day_policy.TestHelperFunctions" name="test_get_profile_summary" time="0.003" /><testcase classname="tests.test_dynamic_day_policy.TestPolicyThresholds" name="test_thresholds_are_reasonable" time="0.004" /><testcase classname="tests.test_dynamic_day_policy.TestEdgeCases" name="test_zero_pv_forecast" time="0.004" /><testcase classname="tests.test_dynamic_day_policy.TestEdgeCases" name="test_zero_confidence" time="0.004" /><testcase classname="tests.test_dynamic_day_policy.TestEdgeCases" name="test_exactly_at_strong_pv_threshold" time="0.005" /><testcase classname="tests.test_dynamic_day_policy.TestEdgeCases" name="test_just_below_strong_pv_threshold" time="0.004" /><testcase classname="tests.test_dynamic_day_policy.TestEdgeCases" name="test_negative_soc_runway" time="0.004" /><testcase classname="tests.test_entities_analytics_sensor_edge" name="test_fixed_prices_hourly_all_current_value" time="0.138" /><testcase classname="tests.test_entities_battery_health_sensor" name="test_find_monotonic_charging_intervals" time="0.143" /><testcase classname="tests.test_entities_battery_health_sensor" name="test_calculate_capacity" time="0.005" /><testcase classname="tests.test_coverage_block_more4" name="test_unified_cost_tile_fallback_compare_and_error" time="0.148" /><testcase classname="tests.test_detail_tabs_blocks" name="test_determine_block_status_fixed_tabs" time="0.135" /><testcase classname="tests.test_entities_battery_health_sensor" name="test_get_value_at_time_invalid_state" time="0.005" /><testcase classname="tests.test_coverage_block_more4" name="test_detail_tabs_view_outer_exception" time="0.006" /><testcase classname="tests.test_detail_tabs_blocks" name="test_determine_block_status_current_and_planned" time="0.004" /><testcase classname="tests.test_entities_battery_health_sensor" name="test_current_soh_and_capacity" time="0.005" /><testcase classname="tests.test_coverage_block_more4" name="test_detail_tabs_view_tab_filter_from_precomputed" time="0.006" /><testcase classname="tests.test_detail_tabs_blocks" name="test_determine_block_status_invalid_time" time="0.004" /><testcase classname="tests.test_entities_battery_health_sensor" name="test_storage_load_and_save" time="0.008" /><testcase classname="tests.test_detail_tabs_blocks" name="test_determine_block_status_missing_time" time="0.003" /><testcase classname="tests.test_coverage_block_more4" name="test_build_today_cost_data_branches" time="0.007" /><testcase classname="tests.test_detail_tabs_blocks" name="test_get_mode_from_intervals" time="0.004" /><testcase classname="tests.test_entities_battery_health_sensor" name="test_storage_load_and_save_errors" time="0.008" /><testcase classname="tests.test_coverage_block_more4" name="test_build_tomorrow_cost_data_empty_modes" time="0.006" /><testcase classname="tests.test_detail_tabs_blocks" name="test_summarize_block_reason_guard_exception" time="0.005" /><testcase classname="tests.test_coverage_block_more4" name="test_hybrid_planning_gap_fill_variants" time="0.004" /><testcase classname="tests.test_detail_tabs_blocks" name="test_summarize_block_reason_price_band_hold" time="0.005" /><testcase classname="tests.test_entities_battery_health_sensor" name="test_analyze_last_10_days_no_history" time="0.007" /><testcase classname="tests.test_coverage_block_more4" name="test_hybrid_scoring_reason_branches" time="0.005" /><testcase classname="tests.test_coverage_block_more4" name="test_timeline_extended_missing_branches" time="0.007" /><testcase classname="tests.test_detail_tabs_blocks" name="test_summarize_dominant_code_no_reason" time="0.003" /><testcase classname="tests.test_detail_tabs_blocks" name="test_summarize_block_reason_price_band_hold_no_future" time="0.004" /><testcase classname="tests.test_entities_battery_health_sensor" name="test_analyze_last_10_days_missing_sensors" time="0.006" /><testcase classname="tests.test_entities_battery_health_sensor" name="test_analyze_last_10_days_happy_path" time="0.007" /><testcase classname="tests.test_detail_tabs_blocks" name="test_summarize_block_reason_price_band_hold_no_price" time="0.004" /><testcase classname="tests.test_coverage_block_more4" name="test_schema_edge_cases" time="0.005" /><testcase classname="tests.test_e2e_precedence_chain" name="test_e2e_pv_first_defers_grid_charge_full_chain" time="0.137" /><testcase classname="tests.test_detail_tabs_blocks" name="test_summarize_block_reason_ups_charge" time="0.004" /><testcase classname="tests.test_coverage_block_more4" name="test_local_mapper_edge_cases" time="0.004" /><testcase classname="tests.test_entities_battery_health_sensor" name="test_find_monotonic_intervals_ignores_unknown" time="0.004" /><testcase classname="tests.test_detail_tabs_blocks" name="test_summarize_block_reason_guard_forced_mode" time="0.004" /><testcase classname="tests.test_e2e_precedence_chain" name="test_e2e_death_valley_overrides_pv_first" time="0.058" /><testcase classname="tests.test_entities_battery_health_sensor" name="test_calculate_capacity_rejects_invalid" time="0.004" /><testcase classname="tests.test_coverage_block_more4" name="test_boiler_coordinator_energy_tracking" time="0.007" /><testcase classname="tests.test_detail_tabs_blocks" name="test_summarize_block_reason_guard_no_time" time="0.004" /><testcase classname="tests.test_entities_battery_health_sensor" name="test_calculate_capacity_missing_charge_values" time="0.004" /><testcase classname="tests.test_detail_tabs_blocks" name="test_summarize_block_reason_dominant_other" time="0.006" /><testcase classname="tests.test_coverage_block_more4" name="test_boiler_planner_overflow_window_and_totals" time="0.004" /><testcase classname="tests.test_entities_analytics_sensor_more" name="test_native_value_unavailable" time="0.130" /><testcase classname="tests.test_entities_battery_health_sensor" name="test_calculate_capacity_efficiency_invalid" time="0.005" /><testcase classname="tests.test_coverage_block_more4" name="test_boiler_profiler_paths" time="0.006" /><testcase classname="tests.test_detail_tabs_blocks" name="test_summarize_block_reason_ups_price_limit" time="0.006" /><testcase classname="tests.test_entities_analytics_sensor_more" name="test_native_value_no_spot_prices" time="0.005" /><testcase classname="tests.test_entities_battery_health_sensor" name="test_calculate_capacity_soh_limits" time="0.005" /><testcase classname="tests.test_entities_battery_health_sensor" name="test_calculate_capacity_soh_too_low" time="0.003" /><testcase classname="tests.test_entities_analytics_sensor_more" name="test_calculate_current_tariff_fallback_yesterday" time="0.005" /><testcase classname="tests.test_detail_tabs_blocks" name="test_summarize_block_reason_ups_high_price_no_charge" time="0.004" /><testcase classname="tests.test_detail_tabs_blocks" name="test_summarize_block_reason_no_entries" time="0.003" /><testcase classname="tests.test_entities_battery_health_sensor" name="test_get_value_at_time_empty" time="0.005" /><testcase classname="tests.test_entities_analytics_sensor_more" name="test_get_next_tariff_change_no_changes" time="0.005" /><testcase classname="tests.test_entities_battery_health_sensor" name="test_current_soh_and_capacity_empty" time="0.004" /><testcase classname="tests.test_detail_tabs_blocks" name="test_summarize_block_reason_modes" time="0.006" /><testcase classname="tests.test_entities_analytics_sensor_more" name="test_build_date_range_from_prices_empty" time="0.005" /><testcase classname="tests.test_entities_battery_health_sensor" name="test_current_soh_and_capacity_short" time="0.003" /><testcase classname="tests.test_entities_analytics_sensor_more" name="test_calculate_tariff_intervals_no_changes" time="0.005" /><testcase classname="tests.test_detail_tabs_blocks" name="test_summarize_block_reason_no_reason" time="0.003" /><testcase classname="tests.test_entities_battery_health_sensor" name="test_current_soh_and_capacity_outliers" time="0.003" /><testcase classname="tests.test_detail_tabs_blocks" name="test_summarize_block_reason_actual_only" time="0.005" /><testcase classname="tests.test_entities_analytics_sensor_more" name="test_get_current_spot_price_eur_missing" time="0.006" /><testcase classname="tests.test_entities_battery_health_sensor" name="test_current_soh_and_capacity_median_odd" time="0.003" /><testcase classname="tests.test_e2e_precedence_chain" name="test_e2e_boiler_defers_to_pv_via_planner" time="0.005" /><testcase classname="tests.test_detail_tabs_blocks" name="test_build_mode_blocks_for_tab" time="0.005" /><testcase classname="tests.test_entities_battery_health_sensor" name="test_battery_health_sensor_lifecycle" time="0.008" /><testcase classname="tests.test_e2e_precedence_chain" name="test_e2e_observability_counts_defer_decisions" time="0.004" /><testcase classname="tests.test_entities_analytics_sensor_more" name="test_get_today_average_price_missing" time="0.005" /><testcase classname="tests.test_detail_tabs_blocks" name="test_build_mode_blocks_for_tab_empty" time="0.004" /><testcase classname="tests.test_e2e_precedence_chain" name="test_e2e_decision_trace_flows_to_sensor_attributes" time="0.005" /><testcase classname="tests.test_entities_analytics_sensor_more" name="test_get_today_extreme_price_invalid_key" time="0.005" /><testcase classname="tests.test_entities_battery_health_sensor" name="test_battery_health_sensor_resolve_box_id_error" time="0.004" /><testcase classname="tests.test_detail_tabs_blocks" name="test_build_mode_blocks_for_tab_skips_empty_group" time="0.004" /><testcase classname="tests.test_entities_analytics_sensor_more" name="test_get_tomorrow_average_price_missing" time="0.005" /><testcase classname="tests.test_detail_tabs_blocks" name="test_build_mode_blocks_for_tab_planned_only" time="0.003" /><testcase classname="tests.test_entities_battery_health_sensor" name="test_battery_health_sensor_remove_and_initial_analysis" time="0.006" /><testcase classname="tests.test_e2e_precedence_chain" name="test_e2e_legacy_path_no_pv_forecast_still_works" time="0.055" /><testcase classname="tests.test_entities_analytics_sensor_more" name="test_get_spot_price_value_fixed_prices_eur" time="0.004" /><testcase classname="tests.test_entities_battery_health_sensor" name="test_battery_health_sensor_native_value_and_attrs" time="0.004" /><testcase classname="tests.test_entities_analytics_sensor_more" name="test_extra_state_attributes_no_spot_prices" time="0.004" /><testcase classname="tests.test_entities_analytics_sensor_more" name="test_available_pricing_enabled_success" time="0.005" /><testcase classname="tests.test_entities_analytics_sensor_more" name="test_state_error_path" time="0.010" /><testcase classname="tests.test_e2e_precedence_chain" name="test_e2e_rollout_gate_healthy_after_pv_first_session" time="0.004" /><testcase classname="tests.test_data_sensor_extra" name="test_notification_state_and_attributes" time="0.124" /><testcase classname="tests.test_e2e_precedence_chain" name="test_e2e_protection_safety_bypasses_pv_first" time="0.006" /><testcase classname="tests.test_data_sensor_extra" name="test_extended_values_and_fve_current" time="0.005" /><testcase classname="tests.test_data_sensor_extra" name="test_grid_mode_king_and_queen" time="0.004" /><testcase classname="tests.test_e2e_precedence_chain" name="test_e2e_combined_battery_boiler_pv_first_chain" time="0.005" /><testcase classname="tests.test_e2e_precedence_chain" name="test_e2e_observability_records_boiler_source_outcomes" time="0.006" /><testcase classname="tests.test_e2e_precedence_chain" name="test_e2e_trace_precedence_levels_are_consistent" time="0.006" /><testcase classname="tests.test_data_sensor_extra" name="test_local_entity_value_mapping" time="0.010" /><testcase classname="tests.test_data_sensor_extra" name="test_handle_coordinator_update" time="0.011" /><testcase classname="tests.test_entities_shield_sensor" name="test_shield_sensor_state_changed_callback" time="0.150" /><testcase classname="tests.test_entities_chmu_sensor" name="test_get_gps_coordinates_priority" time="0.145" /><testcase classname="tests.test_entities_shield_sensor" name="test_shield_sensor_registers_callback" time="0.006" /><testcase classname="tests.test_entities_shield_sensor" name="test_shield_sensor_extra_state_attributes" time="0.004" /><testcase classname="tests.test_entities_chmu_sensor" name="test_get_gps_coordinates_fallback_to_ha" time="0.005" /><testcase classname="tests.test_entities_chmu_sensor" name="test_compute_severity_global_and_local" time="0.005" /><testcase classname="tests.test_entities_shield_sensor" name="test_shield_sensor_extra_state_attributes_grid_limit_running" time="0.004" /><testcase classname="tests.test_entities_chmu_sensor" name="test_extra_state_attributes_global_truncates_description" time="0.004" /><testcase classname="tests.test_entities_shield_sensor" name="test_shield_sensor_extra_state_attributes_legacy_queue_meta" time="0.004" /><testcase classname="tests.test_entities_chmu_sensor" name="test_extra_state_attributes_global_short_description" time="0.005" /><testcase classname="tests.test_entities_shield_sensor" name="test_shield_sensor_extra_state_attributes_queue_no_targets" time="0.004" /><testcase classname="tests.test_entities_analytics_sensor_more2" name="test_get_current_spot_price_missing_returns_none" time="0.147" /><testcase classname="tests.test_entities_chmu_sensor" name="test_available_fallback_to_super" time="0.004" /><testcase classname="tests.test_entities_shield_sensor" name="test_shield_sensor_extra_state_attributes_mode_reaction" time="0.004" /><testcase classname="tests.test_entities_shield_sensor" name="test_shield_sensor_extra_state_attributes_error" time="0.004" /><testcase classname="tests.test_entities_chmu_sensor" name="test_compute_severity_no_data" time="0.004" /><testcase classname="tests.test_entities_analytics_sensor_more2" name="test_get_tariff_for_datetime_single" time="0.005" /><testcase classname="tests.test_entities_shield_sensor" name="test_shield_sensor_unique_id_device_info_available" time="0.004" /><testcase classname="tests.test_entities_chmu_sensor" name="test_get_gps_coordinates_default" time="0.004" /><testcase classname="tests.test_entities_shield_sensor" name="test_shield_sensor_resolve_box_id_from_title" time="0.003" /><testcase classname="tests.test_entities_chmu_sensor" name="test_get_warning_data_from_coordinator" time="0.003" /><testcase classname="tests.test_entities_shield_sensor" name="test_shield_sensor_resolve_box_id_regex_error" time="0.004" /><testcase classname="tests.test_entities_chmu_sensor" name="test_async_added_to_hass_sets_attribute_when_missing" time="0.006" /><testcase classname="tests.test_entities_shield_sensor" name="test_shield_sensor_available_false" time="0.004" /><testcase classname="tests.test_entities_chmu_sensor" name="test_available_with_cached_data" time="0.004" /><testcase classname="tests.test_entities_shield_sensor" name="test_build_queue_items_includes_grid_delivery_step" time="0.004" /><testcase classname="tests.test_entities_chmu_sensor" name="test_extra_state_attributes_no_data" time="0.004" /><testcase classname="tests.test_entities_shield_sensor" name="test_build_description_includes_grid_step" time="0.004" /><testcase classname="tests.test_data_sensor_grid_mode.TestResolveGridDeliveryLiveState" name="test_king_off_via_grid_enabled" time="0.130" /><testcase classname="tests.test_entities_shield_sensor" name="test_build_description_without_grid_step" time="0.004" /><testcase classname="tests.test_entities_chmu_sensor" name="test_extra_state_attributes_local_no_top_warning" time="0.006" /><testcase classname="tests.test_data_sensor_grid_mode.TestResolveGridDeliveryLiveState" name="test_king_off_via_to_grid" time="0.005" /><testcase classname="tests.test_economic_planner" name="test_simulate_home_i_tuv_heating_spike_reaches_hw_floor" time="0.148" /><testcase classname="tests.test_data_sensor_grid_mode.TestResolveGridDeliveryLiveState" name="test_king_on" time="0.004" /><testcase classname="tests.test_economic_planner" name="test_simulate_home_i_soc_boundaries[12.0-10.24]" time="0.004" /><testcase classname="tests.test_entities_chmu_sensor" name="test_extra_state_attributes_local_with_details" time="0.005" /><testcase classname="tests.test_data_sensor_grid_mode.TestResolveGridDeliveryLiveState" name="test_king_limited" time="0.004" /><testcase classname="tests.test_economic_planner" name="test_simulate_home_i_soc_boundaries[3.5-3.5]" time="0.004" /><testcase classname="tests.test_entities_chmu_sensor" name="test_extra_state_attributes_local_regions_limit" time="0.005" /><testcase classname="tests.test_data_sensor_grid_mode.TestResolveGridDeliveryLiveState" name="test_king_limited_at_boundary" time="0.004" /><testcase classname="tests.test_economic_planner" name="test_simulate_home_i_soc_boundaries[0.5-2.048]" time="0.004" /><testcase classname="tests.test_entities_chmu_sensor" name="test_extra_state_attributes_local_regions_exception" time="0.004" /><testcase classname="tests.test_data_sensor_grid_mode.TestResolveGridDeliveryLiveState" name="test_king_on_at_boundary" time="0.004" /><testcase classname="tests.test_economic_planner" name="test_simulate_home_i_edge_case_zero_solar_zero_load" time="0.004" /><testcase classname="tests.test_entities_chmu_sensor" name="test_get_severity_distribution" time="0.005" /><testcase classname="tests.test_data_sensor_grid_mode.TestResolveGridDeliveryLiveState" name="test_king_uses_crct_fallback" time="0.004" /><testcase classname="tests.test_entities_chmu_sensor" name="test_get_severity_distribution_no_data" time="0.004" /><testcase classname="tests.test_economic_planner" name="test_simulate_home_i_edge_case_full_battery_exports_surplus" time="0.005" /><testcase classname="tests.test_data_sensor_grid_mode.TestResolveGridDeliveryLiveState" name="test_queen_off" time="0.004" /><testcase classname="tests.test_entities_chmu_sensor" name="test_icon_thresholds" time="0.004" /><testcase classname="tests.test_economic_planner" name="test_find_critical_moments_detects_soc_below_planning_min" time="0.005" /><testcase classname="tests.test_data_sensor_grid_mode.TestResolveGridDeliveryLiveState" name="test_queen_limited" time="0.004" /><testcase classname="tests.test_entities_chmu_sensor" name="test_device_info_passthrough" time="0.004" /><testcase classname="tests.test_data_sensor_grid_mode.TestResolveGridDeliveryLiveState" name="test_queen_on" time="0.004" /><testcase classname="tests.test_economic_planner" name="test_find_critical_moments_raises_when_charge_rate_per_interval_is_zero" time="0.005" /><testcase classname="tests.test_entities_chmu_sensor" name="test_load_and_save_persistent_data" time="0.007" /><testcase classname="tests.test_data_sensor_grid_mode.TestResolveGridDeliveryLiveState" name="test_unknown_missing_box_prms" time="0.004" /><testcase classname="tests.test_economic_planner" name="test_find_critical_moments_must_start_charging_never_negative" time="0.004" /><testcase classname="tests.test_data_sensor_grid_mode.TestResolveGridDeliveryLiveState" name="test_unknown_missing_crcte_and_crct" time="0.003" /><testcase classname="tests.test_entities_chmu_sensor" name="test_load_persistent_data_no_warning" time="0.006" /><testcase classname="tests.test_data_sensor_grid_mode.TestResolveGridDeliveryLiveState" name="test_unknown_missing_invertor_prm1" time="0.005" /><testcase classname="tests.test_economic_planner" name="test_planner_inputs_rejects_forecast_length_mismatch" time="0.012" /><testcase classname="tests.test_entities_chmu_sensor" name="test_load_persistent_data_none" time="0.005" /><testcase classname="tests.test_data_sensor_grid_mode.TestResolveGridDeliveryLiveState" name="test_unknown_missing_p_max_feed_grid" time="0.004" /><testcase classname="tests.test_data_sensor_grid_mode.TestResolveGridDeliveryLiveState" name="test_unknown_missing_invertor_prms" time="0.002" /><testcase classname="tests.test_economic_planner" name="test_planner_inputs_rejects_non_positive_current_soc" time="0.009" /><testcase classname="tests.test_data_sensor_grid_mode.TestResolveGridDeliveryLiveState" name="test_unknown_missing_to_grid" time="0.005" /><testcase classname="tests.test_entities_chmu_sensor" name="test_load_persistent_data_error" time="0.004" /><testcase classname="tests.test_entities_chmu_sensor" name="test_save_persistent_data_error" time="0.006" /><testcase classname="tests.test_entities_analytics_sensor_more3" name="test_dynamic_spot_price_paths" time="0.146" /><testcase classname="tests.test_data_sensor_grid_mode.TestResolveGridDeliveryLiveState" name="test_unknown_non_numeric_values" time="0.004" /><testcase classname="tests.test_economic_planner" name="test_planner_inputs_rejects_current_soc_above_capacity" time="0.007" /><testcase classname="tests.test_data_sensor_grid_mode.TestResolveGridDeliveryLiveState" name="test_unknown_none_values" time="0.005" /><testcase classname="tests.test_data_sensor_grid_mode.TestResolveGridDeliveryLiveState" name="test_unknown_empty_raw_values" time="0.004" /><testcase classname="tests.test_economic_planner" name="test_planner_inputs_rejects_non_positive_max_capacity" time="0.007" /><testcase classname="tests.test_entities_analytics_sensor_more3" name="test_fixed_price_paths_dual_tariff" time="0.009" /><testcase classname="tests.test_data_sensor_grid_mode.TestResolveGridDeliveryLiveState" name="test_queen_with_boolean_true" time="0.003" /><testcase classname="tests.test_entities_solar_forecast_sensor" name="test_parse_forecast_hour" time="0.118" /><testcase classname="tests.test_economic_planner" name="test_planner_inputs_rejects_non_positive_charge_rate" time="0.007" /><testcase classname="tests.test_entities_solar_forecast_sensor" name="test_should_fetch_data_daily_optimized" time="0.003" /><testcase classname="tests.test_data_sensor_grid_mode.TestResolveGridDeliveryLiveState" name="test_queen_with_int_one" time="0.003" /><testcase classname="tests.test_entities_analytics_sensor_more3" name="test_current_tariff_and_extra_attributes" time="0.005" /><testcase classname="tests.test_entities_solar_forecast_sensor" name="test_should_fetch_data_manual" time="0.004" /><testcase classname="tests.test_entities_analytics_sensor_more3" name="test_next_tariff_change_weekend" time="0.005" /><testcase classname="tests.test_data_sensor_grid_mode.TestResolveGridDeliveryLiveState" name="test_invalid_to_grid_value" time="0.003" /><testcase classname="tests.test_economic_planner" name="test_planner_inputs_rejects_planning_min_percent_above_100" time="0.008" /><testcase classname="tests.test_entities_solar_forecast_sensor" name="test_get_update_interval" time="0.003" /><testcase classname="tests.test_data_sensor_grid_mode.TestResolveGridDeliveryLiveState" name="test_zero_limit_is_valid" time="0.004" /><testcase classname="tests.test_data_sensor_grid_mode.TestResolveGridDeliveryLiveState" name="test_string_numbers_parsed" time="0.004" /><testcase classname="tests.test_entities_solar_forecast_sensor" name="test_load_persistent_data" time="0.007" /><testcase classname="tests.test_economic_planner" name="test_planner_inputs_rejects_negative_solar_forecast" time="0.009" /><testcase classname="tests.test_entities_solar_forecast_sensor" name="test_save_persistent_data" time="0.008" /><testcase classname="tests.test_economic_planner" name="test_planner_inputs_rejects_negative_load_forecast" time="0.007" /><testcase classname="tests.test_entities_solar_forecast_sensor" name="test_should_fetch_data_modes" time="0.005" /><testcase classname="tests.test_economic_planner" name="test_planner_inputs_allows_negative_prices" time="0.004" /><testcase classname="tests.test_entities_solar_forecast_sensor" name="test_convert_to_hourly_keeps_max" time="0.005" /><testcase classname="tests.test_economic_planner" name="test_generate_plan_returns_expected_result_structure_and_cost" time="0.006" /><testcase classname="tests.test_entities_solar_forecast_sensor" name="test_process_forecast_data_combines_strings" time="0.007" /><testcase classname="tests.test_economic_planner" name="test_plan_battery_schedule_ideal_day_has_no_critical_moments_and_no_ups" time="0.009" /><testcase classname="tests.test_entities_solar_forecast_sensor" name="test_periodic_update_daily_optimized_triggers" time="0.007" /><testcase classname="tests.test_economic_planner" name="test_plan_battery_schedule_critical_day_schedules_ups_charging" time="0.160" /><testcase classname="tests.test_entities_solar_forecast_sensor" name="test_periodic_update_daily_optimized_skips_recent" time="0.006" /><testcase classname="tests.test_entities_solar_forecast_sensor" name="test_periodic_update_daily_calls" time="0.006" /><testcase classname="tests.test_entities_solar_forecast_sensor" name="test_async_fetch_forecast_data_rate_limit" time="0.007" /><testcase classname="tests.test_entities_computed_sensor_more3" name="test_reset_daily_uses_now" time="0.125" /><testcase classname="tests.test_entities_solar_forecast_sensor" name="test_async_fetch_forecast_data_string1_only" time="0.006" /><testcase classname="tests.test_entities_solar_forecast_sensor" name="test_broadcast_forecast_data_triggers_updates" time="0.005" /><testcase classname="tests.test_entities_solar_forecast_sensor" name="test_async_added_to_hass_schedules_fetch" time="0.006" /><testcase classname="tests.test_entities_solar_forecast_sensor" name="test_async_added_to_hass_uses_cached_data" time="0.007" /><testcase classname="tests.test_entities_solar_forecast_sensor" name="test_state_uses_coordinator_and_availability" time="0.005" /><testcase classname="tests.test_entities_analytics_sensor_more4" name="test_parse_tariff_times_invalid" time="0.135" /><testcase classname="tests.test_entities_analytics_sensor_more4" name="test_get_spot_price_value_no_data" time="0.005" /><testcase classname="tests.test_data_sensor_more" name="test_fallback_value_uses_last_state" time="0.133" /><testcase classname="tests.test_entities_solar_forecast_sensor" name="test_state_and_attributes_all_sensors" time="0.005" /><testcase classname="tests.test_entities_analytics_sensor_more4" name="test_get_next_tariff_change_no_dual" time="0.007" /><testcase classname="tests.test_data_sensor_more" name="test_fallback_value_restored_state" time="0.005" /><testcase classname="tests.test_entities_solar_forecast_sensor" name="test_periodic_update_every_4h_and_hourly" time="0.008" /><testcase classname="tests.test_data_sensor_more" name="test_fallback_value_energy_default" time="0.004" /><testcase classname="tests.test_entities_solar_forecast_sensor" name="test_manual_update_handles_failure" time="0.006" /><testcase classname="tests.test_entities_analytics_sensor_more4" name="test_fixed_price_hourly_all" time="0.007" /><testcase classname="tests.test_data_sensor_more" name="test_get_local_entity_id_for_config_prefers_existing_state" time="0.005" /><testcase classname="tests.test_data_sensor_more" name="test_get_local_entity_id_for_config_legacy_fallback" time="0.004" /><testcase classname="tests.test_entities_analytics_sensor_more4" name="test_fixed_price_today_min_single_tariff" time="0.006" /><testcase classname="tests.test_data_sensor_more" name="test_get_local_entity_id_for_config_legacy_cfg_fallback" time="0.004" /><testcase classname="tests.test_entities_analytics_sensor_more4" name="test_current_tariff_yesterday_fallback" time="0.006" /><testcase classname="tests.test_data_sensor_more" name="test_get_local_entity_id_for_config_default_domain" time="0.005" /><testcase classname="tests.test_data_sensor_more" name="test_apply_local_value_map_and_coerce" time="0.004" /><testcase classname="tests.test_data_sensor_more" name="test_get_extended_value_out_of_range" time="0.004" /><testcase classname="tests.test_data_sensor_more" name="test_compute_fve_current_voltage_zero" time="0.004" /><testcase classname="tests.test_data_sensor_more" name="test_local_grid_mode_uses_local_values" time="0.004" /><testcase classname="tests.test_data_sensor_more" name="test_grid_mode_fallbacks_to_local" time="0.004" /><testcase classname="tests.test_economic_planner" name="test_plan_battery_schedule_detects_tuv_heating_spike_as_critical" time="0.016" /><testcase classname="tests.test_data_sensor_more" name="test_local_grid_mode_king_off" time="0.004" /><testcase classname="tests.test_entities_data_sensor" name="test_get_mode_name_and_unknown" time="0.134" /><testcase classname="tests.test_entities_data_sensor" name="test_grid_mode_uses_canonical_helper" time="0.005" /><testcase classname="tests.test_data_sensor_more" name="test_local_grid_mode_king_on" time="0.004" /><testcase classname="tests.test_entities_data_sensor" name="test_apply_local_value_map_and_coerce" time="0.004" /><testcase classname="tests.test_data_sensor_more" name="test_local_grid_mode_king_limited" time="0.004" /><testcase classname="tests.test_entities_data_sensor" name="test_state_box_mode" time="0.004" /><testcase classname="tests.test_economic_planner" name="test_plan_battery_schedule_preserves_headroom_before_strong_solar_surplus" time="0.007" /><testcase classname="tests.test_data_sensor_more" name="test_local_grid_mode_king_unknown" time="0.004" /><testcase classname="tests.test_entities_data_sensor" name="test_state_grid_mode_missing_data_uses_local" time="0.004" /><testcase classname="tests.test_economic_planner" name="test_plan_battery_schedule_emits_trace_for_each_greedy_pick" time="0.188" /><testcase classname="tests.test_data_sensor_more" name="test_handle_coordinator_update_no_data" time="0.005" /><testcase classname="tests.test_entities_data_sensor" name="test_state_latest_notification_without_manager" time="0.004" /><testcase classname="tests.test_data_sensor_more" name="test_handle_coordinator_update_unchanged" time="0.004" /><testcase classname="tests.test_entities_data_sensor" name="test_extra_state_attributes_notification_manager" time="0.004" /><testcase classname="tests.test_data_sensor_more" name="test_notification_manager_missing" time="0.004" /><testcase classname="tests.test_entities_data_sensor" name="test_get_extended_value_and_compute_current" time="0.004" /><testcase classname="tests.test_data_sensor_more" name="test_bypass_status_missing_manager" time="0.004" /><testcase classname="tests.test_entities_data_sensor" name="test_unique_id_and_device_info_unknown" time="0.004" /><testcase classname="tests.test_data_sensor_more" name="test_notification_counts_and_attributes" time="0.004" /><testcase classname="tests.test_entities_data_sensor" name="test_state_fallback_when_no_data" time="0.004" /><testcase classname="tests.test_data_sensor_more" name="test_latest_notification_attributes" time="0.004" /><testcase classname="tests.test_entities_solar_forecast_sensor_more" name="test_parse_forecast_hour_invalid" time="0.124" /><testcase classname="tests.test_entities_data_sensor" name="test_extended_value_for_fve_and_missing_data" time="0.004" /><testcase classname="tests.test_data_sensor_more" name="test_bypass_status_attributes" time="0.004" /><testcase classname="tests.test_entities_solar_forecast_sensor_more" name="test_should_fetch_data_modes" time="0.005" /><testcase classname="tests.test_entities_data_sensor" name="test_status_name_unknowns" time="0.004" /><testcase classname="tests.test_data_sensor_more" name="test_special_state_mappings" time="0.004" /><testcase classname="tests.test_entities_solar_forecast_sensor_more" name="test_get_update_interval" time="0.005" /><testcase classname="tests.test_entities_data_sensor" name="test_get_local_value_for_sensor_type_missing_and_exception" time="0.004" /><testcase classname="tests.test_data_sensor_more" name="test_grid_mode_missing_data" time="0.004" /><testcase classname="tests.test_entities_data_sensor" name="test_get_node_value_exception" time="0.004" /><testcase classname="tests.test_entities_analytics_sensor_more5" name="test_device_info_and_available" time="0.126" /><testcase classname="tests.test_entities_solar_forecast_sensor_more" name="test_periodic_update_daily_optimized_skips" time="0.006" /><testcase classname="tests.test_data_sensor_more" name="test_get_local_value_unknown_state" time="0.004" /><testcase classname="tests.test_entities_analytics_sensor_more5" name="test_calculate_current_tariff_yesterday_weekend" time="0.005" /><testcase classname="tests.test_entities_solar_forecast_sensor_more" name="test_periodic_update_daily_only_at_six" time="0.006" /><testcase classname="tests.test_data_sensor_more" name="test_get_node_value_missing" time="0.004" /><testcase classname="tests.test_entities_analytics_sensor_more5" name="test_fixed_price_value_variants" time="0.008" /><testcase classname="tests.test_data_sensor_more" name="test_get_extended_value_for_sensor_types" time="0.004" /><testcase classname="tests.test_entities_solar_forecast_sensor_more" name="test_async_fetch_forecast_rate_limit" time="0.006" /><testcase classname="tests.test_data_sensor_more" name="test_compute_fve_current_second_channel" time="0.004" /><testcase classname="tests.test_entities_solar_forecast_sensor_more" name="test_async_fetch_forecast_string1_422" time="0.006" /><testcase classname="tests.test_entities_analytics_sensor_more5" name="test_fixed_daily_average_dual_tariff" time="0.005" /><testcase classname="tests.test_data_sensor_more" name="test_get_extended_value_handles_missing" time="0.004" /><testcase classname="tests.test_entities_analytics_sensor_more5" name="test_final_price_with_fees_variants" time="0.005" /><testcase classname="tests.test_entities_solar_forecast_sensor_more" name="test_async_fetch_forecast_no_strings" time="0.008" /><testcase classname="tests.test_data_sensor_more" name="test_async_added_and_removed" time="0.006" /><testcase classname="tests.test_entities_analytics_sensor_more5" name="test_today_extreme_price_and_tomorrow_avg" time="0.005" /><testcase classname="tests.test_data_sensor_more" name="test_state_handles_invalid_grid_value" time="0.004" /><testcase classname="tests.test_entities_solar_forecast_sensor_more" name="test_async_fetch_forecast_success" time="0.008" /><testcase classname="tests.test_entities_analytics_sensor_more5" name="test_extra_state_attributes_hourly_all_fixed" time="0.006" /><testcase classname="tests.test_entities_solar_forecast_sensor_more" name="test_process_forecast_data_string2_only" time="0.006" /><testcase classname="tests.test_entities_analytics_sensor_more5" name="test_extra_state_attributes_hourly_all_dynamic" time="0.005" /><testcase classname="tests.test_entities_solar_forecast_sensor_more" name="test_convert_to_hourly_invalid_timestamp" time="0.005" /><testcase classname="tests.test_entities_solar_forecast_sensor_more" name="test_extra_state_attributes_string1_and_string2" time="0.005" /><testcase classname="tests.test_economic_planner" name="test_plan_battery_schedule_emergency_mode_falls_back_when_planning_fails" time="0.012" /><testcase classname="tests.test_entities_data_sensor_more" name="test_extended_value_lookup_and_mode_name" time="0.132" /><testcase classname="tests.test_entities_data_sensor_more" name="test_extended_value_missing_data" time="0.004" /><testcase classname="tests.test_economic_planner" name="test_plan_battery_schedule_logs_error_on_exception" time="0.012" /><testcase classname="tests.test_economic_planner" name="test_calculate_cost_use_battery_returns_zero_when_moment_out_of_range" time="0.004" /><testcase classname="tests.test_economic_planner" name="test_calculate_cost_use_battery_uses_current_soc_when_moment_soc_is_none" time="0.004" /><testcase classname="tests.test_economic_planner" name="test_calculate_cost_wait_for_solar_returns_infinity_when_no_solar_surplus" time="0.004" /><testcase classname="tests.test_economic_planner" name="test_calculate_cost_wait_for_solar_uses_current_soc_when_moment_soc_is_none" time="0.004" /><testcase classname="tests.test_entities_statistics_sensor_more5" name="test_init_invalid_device_and_state_class" time="0.144" /><testcase classname="tests.test_economic_planner" name="test_calculate_cost_charge_cheapest_handles_invalid_ranges_and_breaks_when_filled" time="0.004" /><testcase classname="tests.test_entities_statistics_sensor_more5" name="test_async_added_to_hass_time_range" time="0.007" /><testcase classname="tests.test_economic_planner" name="test_make_economic_decisions_emergency_when_all_strategies_non_finite" time="0.006" /><testcase classname="tests.test_entities_chmu_sensor" name="test_async_added_to_hass_fetches_immediately" time="0.146" /><testcase classname="tests.test_economic_planner" name="test_generate_plan_raises_on_safety_validation_failure" time="0.007" /><testcase classname="tests.test_entities_statistics_sensor_more5" name="test_calculate_statistics_value_fallback_to_all_data" time="0.005" /><testcase classname="tests.test_entities_chmu_sensor" name="test_async_added_to_hass_loads_cached" time="0.007" /><testcase classname="tests.test_entities_solar_forecast_sensor_more2" name="test_load_persistent_data_empty_and_error" time="0.143" /><testcase classname="tests.test_entities_statistics_sensor_more5" name="test_get_actual_load_value_invalid_state" time="0.005" /><testcase classname="tests.test_entities_chmu_sensor" name="test_should_fetch_data" time="0.005" /><testcase classname="tests.test_entities_solar_forecast_sensor_more2" name="test_save_persistent_data_error" time="0.007" /><testcase classname="tests.test_entities_chmu_sensor" name="test_delayed_initial_fetch" time="0.007" /><testcase classname="tests.test_entities_solar_forecast_sensor_more2" name="test_async_added_to_hass_uses_cached" time="0.007" /><testcase classname="tests.test_entities_chmu_sensor" name="test_periodic_update_triggers_fetch" time="0.006" /><testcase classname="tests.test_entities_solar_forecast_sensor_more2" name="test_periodic_update_modes" time="0.006" /><testcase classname="tests.test_entities_chmu_sensor" name="test_fetch_warning_data_no_gps" time="0.007" /><testcase classname="tests.test_entities_solar_forecast_sensor_more2" name="test_async_manual_update_failure" time="0.007" /><testcase classname="tests.test_entities_chmu_sensor" name="test_fetch_warning_data_no_api" time="0.006" /><testcase classname="tests.test_entities_solar_forecast_sensor_more2" name="test_async_will_remove_from_hass" time="0.007" /><testcase classname="tests.test_entities_chmu_sensor" name="test_fetch_warning_data_success" time="0.007" /><testcase classname="tests.test_entities_solar_forecast_sensor_more2" name="test_async_fetch_forecast_string2_errors" time="0.009" /><testcase classname="tests.test_entities_chmu_sensor" name="test_fetch_warning_data_api_error_cached" time="0.008" /><testcase classname="tests.test_entities_data_sensor_more2" name="test_extended_value_out_of_range" time="0.145" /><testcase classname="tests.test_entities_chmu_sensor" name="test_fetch_warning_data_api_error_no_cache" time="0.008" /><testcase classname="tests.test_entities_solar_forecast_sensor_more2" name="test_async_fetch_forecast_timeout_and_error" time="0.009" /><testcase classname="tests.test_entities_solar_forecast_sensor_more2" name="test_process_forecast_data_error" time="0.010" /><testcase classname="tests.test_entities_solar_forecast_sensor_more2" name="test_state_and_attributes_branches" time="0.005" /><testcase classname="tests.test_entities_statistics_sensor_more6" name="test_init_resolve_box_id_fallback" time="0.142" /><testcase classname="tests.test_economic_planner_integration.TestSolarForecastHelpers" name="test_get_solar_candidates_with_box_id" time="0.143" /><testcase classname="tests.test_economic_planner_integration.TestSolarForecastHelpers" name="test_get_solar_candidates_without_box_id" time="0.004" /><testcase classname="tests.test_entities_statistics_sensor_more6" name="test_async_added_to_hass_hourly_setup" time="0.008" /><testcase classname="tests.test_economic_planner_integration.TestSolarForecastHelpers" name="test_quarter_hour_from_hourly_kw" time="0.004" /><testcase classname="tests.test_entities_statistics_sensor_more6" name="test_load_statistics_data_invalid_records" time="0.014" /><testcase classname="tests.test_economic_planner_integration.TestSolarForecastHelpers" name="test_quarter_hour_from_hourly_kw_empty" time="0.004" /><testcase classname="tests.test_economic_planner_integration.TestSolarForecastHelpers" name="test_pad_or_trim_pad" time="0.004" /><testcase classname="tests.test_economic_planner_integration.TestSolarForecastHelpers" name="test_pad_or_trim_trim" time="0.005" /><testcase classname="tests.test_entities_statistics_sensor_more6" name="test_save_statistics_data_and_cleanup" time="0.008" /><testcase classname="tests.test_economic_planner_integration.TestSolarForecastHelpers" name="test_pad_or_trim_exact" time="0.005" /><testcase classname="tests.test_entities_statistics_sensor_more6" name="test_update_sampling_data_and_check_hourly" time="0.006" /><testcase classname="tests.test_economic_planner_integration.TestModeToName" name="test_mode_to_name_home_i" time="0.004" /><testcase classname="tests.test_economic_planner_integration.TestModeToName" name="test_mode_to_name_home_iii" time="0.004" /><testcase classname="tests.test_entities_statistics_sensor_more6" name="test_daily_statistics_update_and_interval_history" time="0.007" /><testcase classname="tests.test_entities_data_sensor_more3" name="test_fallback_value_prefers_last_state" time="0.135" /><testcase classname="tests.test_economic_planner_integration.TestModeToName" name="test_mode_to_name_home_ups" time="0.005" /><testcase classname="tests.test_entities_statistics_sensor_more6" name="test_interval_history_with_values" time="0.007" /><testcase classname="tests.test_entities_data_sensor_more3" name="test_local_entity_id_suffix_and_domains" time="0.004" /><testcase classname="tests.test_economic_planner_integration.TestModeToName" name="test_mode_to_name_unknown" time="0.004" /><testcase classname="tests.test_entities_data_sensor_more3" name="test_apply_local_value_map_numeric_conversion" time="0.004" /><testcase classname="tests.test_entities_statistics_sensor_more6" name="test_hourly_energy_and_availability" time="0.004" /><testcase classname="tests.test_economic_planner_integration.TestFetchSolarForecast" name="test_fetch_solar_forecast_no_sensors" time="0.005" /><testcase classname="tests.test_entities_computed_sensor" name="test_get_entity_number_and_oig_number" time="0.142" /><testcase classname="tests.test_entities_data_sensor_more3" name="test_get_local_grid_mode_failure" time="0.007" /><testcase classname="tests.test_entities_computed_sensor" name="test_get_oig_last_updated" time="0.005" /><testcase classname="tests.test_entities_statistics_sensor_more6" name="test_calculate_hourly_energy_branches" time="0.005" /><testcase classname="tests.test_entities_solar_forecast_sensor_more3" name="test_load_persistent_data_no_data" time="0.133" /><testcase classname="tests.test_entities_statistics_sensor_more6" name="test_extra_state_attributes_and_processor" time="0.009" /><testcase classname="tests.test_entities_data_sensor_more3" name="test_get_node_value_missing_node_key" time="0.004" /><testcase classname="tests.test_entities_computed_sensor" name="test_energy_store_load_and_save" time="0.006" /><testcase classname="tests.test_entities_data_sensor_more3" name="test_init_handles_sensor_types_import_error" time="0.004" /><testcase classname="tests.test_entities_computed_sensor" name="test_format_time_variants" time="0.004" /><testcase classname="tests.test_entities_solar_forecast_sensor_more3" name="test_load_persistent_data_error" time="0.009" /><testcase classname="tests.test_entities_data_sensor_more3" name="test_get_extended_value_unknown_mapping" time="0.008" /><testcase classname="tests.test_entities_computed_sensor" name="test_check_for_real_data_changes" time="0.006" /><testcase classname="tests.test_entities_computed_sensor" name="test_batt_power_charge_discharge" time="0.005" /><testcase classname="tests.test_entities_data_sensor_more3" name="test_get_extended_value_index_out_of_range" time="0.004" /><testcase classname="tests.test_entities_solar_forecast_sensor_more3" name="test_save_persistent_data_error" time="0.007" /><testcase classname="tests.test_entities_solar_forecast_sensor_more3" name="test_load_save_last_api_call_noop" time="0.007" /><testcase classname="tests.test_entities_data_sensor_more3" name="test_async_added_to_hass_restore_exception" time="0.006" /><testcase classname="tests.test_entities_computed_sensor" name="test_extended_fve_current" time="0.004" /><testcase classname="tests.test_entities_computed_sensor" name="test_get_energy_value_from_cache" time="0.005" /><testcase classname="tests.test_entities_data_sensor_more3" name="test_async_will_remove_from_hass_unsub_errors" time="0.006" /><testcase classname="tests.test_entities_solar_forecast_sensor_more3" name="test_async_added_uses_cached_data" time="0.007" /><testcase classname="tests.test_entities_computed_sensor" name="test_accumulate_energy_charging" time="0.005" /><testcase classname="tests.test_entities_data_sensor_more3" name="test_device_info_unknown_box" time="0.004" /><testcase classname="tests.test_entities_solar_forecast_sensor_more3" name="test_delayed_initial_fetch_error" time="0.007" /><testcase classname="tests.test_entities_data_sensor_more3" name="test_available_and_should_poll" time="0.005" /><testcase classname="tests.test_entities_computed_sensor" name="test_state_totals_from_entities" time="0.005" /><testcase classname="tests.test_entities_solar_forecast_sensor_more3" name="test_periodic_update_daily_skip" time="0.007" /><testcase classname="tests.test_entities_computed_sensor" name="test_boiler_current_manual_and_auto_modes" time="0.005" /><testcase classname="tests.test_entities_data_sensor_more3" name="test_async_update_noop" time="0.006" /><testcase classname="tests.test_entities_solar_forecast_sensor_more3" name="test_periodic_update_every_4h_skip" time="0.007" /><testcase classname="tests.test_entities_data_sensor_more3" name="test_state_notification_count_manager_missing" time="0.004" /><testcase classname="tests.test_entities_computed_sensor" name="test_reset_daily_resets_periods" time="0.007" /><testcase classname="tests.test_entities_data_sensor_more3" name="test_state_coordinator_missing_data_fallback" time="0.004" /><testcase classname="tests.test_entities_solar_forecast_sensor_more3" name="test_periodic_update_hourly_skip" time="0.007" /><testcase classname="tests.test_entities_computed_sensor" name="test_async_added_to_hass_restores_from_state" time="0.008" /><testcase classname="tests.test_entities_data_sensor_more3" name="test_state_coordinator_data_none_fallback" time="0.004" /><testcase classname="tests.test_entities_solar_forecast_sensor_more3" name="test_manual_update_error" time="0.007" /><testcase classname="tests.test_entities_data_sensor_more3" name="test_state_raw_value_none_fallback" time="0.004" /><testcase classname="tests.test_entities_data_sensor_more3" name="test_state_exception_fallback" time="0.007" /><testcase classname="tests.test_entities_solar_forecast_sensor_more3" name="test_async_will_remove_from_hass" time="0.006" /><testcase classname="tests.test_entities_solar_forecast_sensor_more3" name="test_async_fetch_rate_limit" time="0.007" /><testcase classname="tests.test_entities_data_sensor_more3" name="test_get_extended_value_for_sensor_type_routes" time="0.004" /><testcase classname="tests.test_entities_data_sensor_more3" name="test_get_extended_value_missing_data" time="0.004" /><testcase classname="tests.test_entities_solar_forecast_sensor_more4" name="test_async_fetch_string1_error_status" time="0.134" /><testcase classname="tests.test_entities_solar_forecast_sensor_more3" name="test_broadcast_forecast_data_error" time="0.007" /><testcase classname="tests.test_entities_data_sensor_more3" name="test_get_extended_value_missing_extended_block" time="0.004" /><testcase classname="tests.test_entities_solar_forecast_sensor_more3" name="test_process_forecast_data_error" time="0.006" /><testcase classname="tests.test_entities_data_sensor_more3" name="test_get_local_value_for_sensor_type_exception" time="0.004" /><testcase classname="tests.test_entities_solar_forecast_sensor_more4" name="test_async_fetch_string2_success_with_key" time="0.011" /><testcase classname="tests.test_entities_data_sensor_more3" name="test_get_node_value_unhashable_node_id" time="0.004" /><testcase classname="tests.test_entities_solar_forecast_sensor_more3" name="test_convert_to_hourly_invalid_timestamp" time="0.005" /><testcase classname="tests.test_entities_statistics_sensor_more7" name="test_load_statistics_data_invalid_records" time="0.133" /><testcase classname="tests.test_entities_data_sensor_more3" name="test_get_node_value_index_error" time="0.004" /><testcase classname="tests.test_entities_solar_forecast_sensor_more3" name="test_available_disabled" time="0.005" /><testcase classname="tests.test_entities_solar_forecast_sensor_more4" name="test_async_fetch_string2_rate_limit" time="0.009" /><testcase classname="tests.test_entities_data_sensor_more3" name="test_get_extended_value_error" time="0.004" /><testcase classname="tests.test_entities_statistics_sensor_more7" name="test_save_statistics_data_filters_hourly" time="0.007" /><testcase classname="tests.test_entities_solar_forecast_sensor_more3" name="test_state_error_path" time="0.006" /><testcase classname="tests.test_entities_solar_forecast_sensor_more4" name="test_async_fetch_string2_error_status" time="0.007" /><testcase classname="tests.test_entities_data_sensor_more3" name="test_compute_fve_current_variants" time="0.004" /><testcase classname="tests.test_entities_statistics_sensor_more7" name="test_cleanup_old_data_invalid_hourly" time="0.008" /><testcase classname="tests.test_entities_solar_forecast_sensor_more3" name="test_extra_state_attributes_empty" time="0.006" /><testcase classname="tests.test_entities_solar_forecast_sensor_more4" name="test_async_fetch_solcast_provider_calls_fetch" time="0.006" /><testcase classname="tests.test_entities_data_sensor_more3" name="test_compute_fve_current_exception" time="0.009" /><testcase classname="tests.test_entities_solar_forecast_sensor_more3" name="test_extra_state_attributes_invalid_hours" time="0.005" /><testcase classname="tests.test_entities_statistics_sensor_more7" name="test_daily_statistics_update_no_value" time="0.006" /><testcase classname="tests.test_entities_solar_forecast_sensor_more4" name="test_fetch_solcast_missing_api_key" time="0.006" /><testcase classname="tests.test_entities_data_sensor_more3" name="test_mode_name_variants" time="0.007" /><testcase classname="tests.test_entities_solar_forecast_sensor_more3" name="test_extra_state_attributes_string1_invalid_hour" time="0.005" /><testcase classname="tests.test_entities_statistics_sensor_more7" name="test_calculate_interval_statistics_no_data" time="0.007" /><testcase classname="tests.test_entities_solar_forecast_sensor_more4" name="test_fetch_solcast_requires_kwp" time="0.007" /><testcase classname="tests.test_entities_solar_forecast_sensor_more3" name="test_extra_state_attributes_error" time="0.005" /><testcase classname="tests.test_entities_data_sensor_more3" name="test_grid_mode_missing_fields" time="0.009" /><testcase classname="tests.test_entities_statistics_sensor_more7" name="test_get_actual_load_value_invalid_float" time="0.005" /><testcase classname="tests.test_entities_solar_forecast_sensor_more4" name="test_fetch_solcast_auth_failed" time="0.006" /><testcase classname="tests.test_entities_statistics_sensor_more7" name="test_calculate_hourly_energy_unknown_unit" time="0.006" /><testcase classname="tests.test_entities_data_sensor_more3" name="test_grid_mode_exception" time="0.005" /><testcase classname="tests.test_entities_solar_forecast_sensor_more4" name="test_fetch_solcast_rate_limited" time="0.006" /><testcase classname="tests.test_entities_statistics_sensor_more7" name="test_extra_state_attributes_hourly_invalid_record" time="0.005" /><testcase classname="tests.test_entities_data_sensor_more3" name="test_on_off_and_mode_names" time="0.005" /><testcase classname="tests.test_entities_statistics_sensor_more7" name="test_create_hourly_attributes_error" time="0.006" /><testcase classname="tests.test_entities_solar_forecast_sensor_more4" name="test_fetch_solcast_other_error" time="0.007" /><testcase classname="tests.test_entities_data_sensor_more3" name="test_local_entity_id_for_config_domains" time="0.005" /><testcase classname="tests.test_entities_solar_forecast_sensor_more4" name="test_fetch_solcast_no_forecasts" time="0.006" /><testcase classname="tests.test_entities_statistics_sensor_more7" name="test_statistics_processor_error" time="0.004" /><testcase classname="tests.test_entities_computed_sensor_edge" name="test_get_oig_number_invalid_box" time="0.137" /><testcase classname="tests.test_entities_data_sensor_more3" name="test_coerce_number_non_string" time="0.005" /><testcase classname="tests.test_entities_solar_forecast_sensor_more4" name="test_fetch_solcast_success" time="0.008" /><testcase classname="tests.test_entities_data_sensor_more3" name="test_apply_local_value_map_none" time="0.004" /><testcase classname="tests.test_entities_data_sensor_more3" name="test_get_local_value_missing_entity" time="0.006" /><testcase classname="tests.test_entities_solar_forecast_sensor_more4" name="test_fetch_solcast_success_sets_attr" time="0.008" /><testcase classname="tests.test_entities_data_sensor_more3" name="test_get_local_value_for_sensor_type_missing" time="0.004" /><testcase classname="tests.test_entities_solar_forecast_sensor_more4" name="test_process_solcast_data_skips_invalid_entries" time="0.006" /><testcase classname="tests.test_entities_data_sensor_more3" name="test_get_local_value_for_sensor_type_unavailable" time="0.005" /><testcase classname="tests.test_entities_data_sensor_more3" name="test_get_node_value_missing_data" time="0.004" /><testcase classname="tests.test_entities_solar_forecast_sensor_more4" name="test_parse_solcast_period_hours_invalid_minutes" time="0.004" /><testcase classname="tests.test_entities_solar_forecast_sensor_more4" name="test_parse_solcast_period_hours_invalid_hours" time="0.005" /><testcase classname="tests.test_entities_data_sensor_more3" name="test_get_node_value_exception" time="0.005" /><testcase classname="tests.test_entities_solar_forecast_sensor_more4" name="test_parse_solcast_period_hours_default" time="0.004" /><testcase classname="tests.test_entities_data_sensor_more3" name="test_get_local_grid_mode_crcte_only" time="0.004" /><testcase classname="tests.test_entities_solar_forecast_sensor_more4" name="test_async_fetch_exception_uses_cached" time="0.007" /><testcase classname="tests.test_entities_data_sensor_more3" name="test_get_local_grid_mode_crcte_overrides_crct" time="0.005" /><testcase classname="tests.test_entities_solar_forecast_sensor_more4" name="test_process_solcast_data_splits_strings" time="0.006" /><testcase classname="tests.test_entities_data_sensor_more3" name="test_get_local_grid_mode_crct_fallback" time="0.006" /><testcase classname="tests.test_entities_solar_forecast_sensor_more4" name="test_parse_solcast_period_hours" time="0.004" /><testcase classname="tests.test_entities_solar_forecast_sensor_more4" name="test_device_info_property" time="0.004" /><testcase classname="tests.test_entities_solar_forecast_sensor_more4" name="test_state_returns_none_without_data" time="0.004" /><testcase classname="tests.test_entities_solar_forecast_sensor_more4" name="test_load_persistent_data_missing_forecast" time="0.138" /><testcase classname="tests.test_entities_solar_forecast_sensor_more4" name="test_delayed_initial_fetch_success" time="0.006" /><testcase classname="tests.test_entities_solar_forecast_sensor_more4" name="test_periodic_update_every_4h_skip" time="0.006" /><testcase classname="tests.test_entities_solar_forecast_sensor_more4" name="test_periodic_update_hourly_skip" time="0.005" /><testcase classname="tests.test_entities_statistics_sensor_more8" name="test_device_info_property" time="0.136" /><testcase classname="tests.test_entities_solar_forecast_sensor_more4" name="test_manual_update_success" time="0.007" /><testcase classname="tests.test_entities_statistics_sensor_more8" name="test_async_added_to_hass_battery_load_median" time="0.007" /><testcase classname="tests.test_entities_computed_sensor_more" name="test_get_entity_number_invalid_inputs" time="0.144" /><testcase classname="tests.test_entities_solar_forecast_sensor_more4" name="test_async_fetch_string1_rate_limit_with_key" time="0.009" /><testcase classname="tests.test_entities_statistics_sensor_more8" name="test_load_statistics_data_timezone_and_hourly_restore" time="0.007" /><testcase classname="tests.test_entities_computed_sensor_more" name="test_get_last_energy_update_fallback" time="0.004" /><testcase classname="tests.test_entities_computed_sensor_more" name="test_maybe_schedule_energy_save_no_hass" time="0.004" /><testcase classname="tests.test_entities_statistics_sensor_more8" name="test_load_statistics_data_failure" time="0.007" /><testcase classname="tests.test_entities_computed_sensor_more" name="test_get_oig_number_invalid_box" time="0.004" /><testcase classname="tests.test_entities_statistics_sensor_more8" name="test_update_sampling_data_non_median" time="0.006" /><testcase classname="tests.test_entities_computed_sensor_more" name="test_get_oig_last_updated_naive_time" time="0.004" /><testcase classname="tests.test_entities_statistics_sensor_more8" name="test_update_sampling_data_trims" time="0.008" /><testcase classname="tests.test_entities_computed_sensor_more" name="test_get_oig_last_updated_exception" time="0.004" /><testcase classname="tests.test_entities_computed_sensor_more" name="test_get_entity_timestamp_parse_fallback" time="0.004" /><testcase classname="tests.test_entities_statistics_sensor_more8" name="test_check_hourly_end_non_hourly" time="0.007" /><testcase classname="tests.test_entities_computed_sensor_more" name="test_get_entity_timestamp_exception" time="0.004" /><testcase classname="tests.test_entities_statistics_sensor_more8" name="test_check_hourly_end_invalid_hourly_record" time="0.008" /><testcase classname="tests.test_entities_computed_sensor_more" name="test_get_latest_oig_entity_update_guard_clauses" time="0.005" /><testcase classname="tests.test_entities_data_source_sensor" name="test_state_local_vs_cloud" time="0.134" /><testcase classname="tests.test_entities_statistics_sensor_more8" name="test_daily_statistics_update_no_time_range" time="0.006" /><testcase classname="tests.test_entities_computed_sensor_more" name="test_get_latest_oig_entity_update_skips_invalid" time="0.004" /><testcase classname="tests.test_entities_data_source_sensor" name="test_extra_state_attributes" time="0.004" /><testcase classname="tests.test_entities_statistics_sensor_more8" name="test_is_correct_day_type_weekend_weekday" time="0.004" /><testcase classname="tests.test_entities_computed_sensor_more" name="test_load_energy_from_storage_non_numeric" time="0.007" /><testcase classname="tests.test_entities_data_source_sensor" name="test_unique_id_and_device_info" time="0.004" /><testcase classname="tests.test_entities_statistics_sensor_more8" name="test_is_correct_day_type_default" time="0.005" /><testcase classname="tests.test_entities_statistics_sensor" name="test_ensure_timezone_aware" time="0.132" /><testcase classname="tests.test_entities_computed_sensor_more" name="test_save_energy_to_storage_throttled" time="0.006" /><testcase classname="tests.test_entities_data_source_sensor" name="test_async_added_and_removed" time="0.005" /><testcase classname="tests.test_entities_statistics_sensor_more8" name="test_calculate_interval_statistics_day_type_skip" time="0.007" /><testcase classname="tests.test_entities_statistics_sensor" name="test_safe_datetime_compare" time="0.004" /><testcase classname="tests.test_entities_computed_sensor_more" name="test_state_real_data_update" time="0.005" /><testcase classname="tests.test_entities_data_source_sensor" name="test_async_added_refresh_callback" time="0.005" /><testcase classname="tests.test_entities_statistics_sensor" name="test_create_hourly_attributes" time="0.004" /><testcase classname="tests.test_entities_statistics_sensor_more8" name="test_calculate_interval_statistics_outside_normal_interval" time="0.008" /><testcase classname="tests.test_entities_computed_sensor_more" name="test_state_real_data_update_proxy_fallback" time="0.005" /><testcase classname="tests.test_entities_data_source_sensor" name="test_async_will_remove_handles_unsub_error" time="0.006" /><testcase classname="tests.test_entities_statistics_sensor" name="test_statistics_processor_process_hourly_data" time="0.006" /><testcase classname="tests.test_entities_computed_sensor_more" name="test_state_real_data_update_uses_latest_cloud_entity" time="0.005" /><testcase classname="tests.test_entities_statistics_sensor_more8" name="test_calculate_interval_statistics_outside_overnight_interval" time="0.008" /><testcase classname="tests.test_entities_computed_sensor_more" name="test_state_various_aggregations" time="0.004" /><testcase classname="tests.test_entities_statistics_sensor" name="test_load_statistics_data" time="0.013" /><testcase classname="tests.test_entities_statistics_sensor_more8" name="test_calculate_hourly_energy_missing_config" time="0.006" /><testcase classname="tests.test_entities_computed_sensor_more" name="test_state_batt_comp_charge_discharge" time="0.005" /><testcase classname="tests.test_entities_computed_sensor_more" name="test_state_capacity_variants_and_time" time="0.004" /><testcase classname="tests.test_entities_statistics_sensor_more8" name="test_calculate_hourly_energy_source_unavailable" time="0.006" /><testcase classname="tests.test_entities_statistics_sensor" name="test_async_added_to_hass_backgrounds_startup_load" time="0.006" /><testcase classname="tests.test_forecast_update" name="test_async_update_planner_options[False-30.0]" time="0.130" /><testcase classname="tests.test_entities_computed_sensor_more" name="test_state_time_edge_strings" time="0.004" /><testcase classname="tests.test_entities_statistics_sensor_more8" name="test_calculate_hourly_energy_unknown_type" time="0.008" /><testcase classname="tests.test_entities_computed_sensor_more" name="test_format_time_plural_variants" time="0.004" /><testcase classname="tests.test_forecast_update" name="test_async_update_planner_options[True-30.0]" time="0.007" /><testcase classname="tests.test_entities_statistics_sensor" name="test_save_statistics_data" time="0.012" /><testcase classname="tests.test_entities_statistics_sensor_more8" name="test_calculate_hourly_energy_invalid_value" time="0.006" /><testcase classname="tests.test_entities_computed_sensor_more" name="test_get_energy_value_missing_key" time="0.005" /><testcase classname="tests.test_entities_statistics_sensor_more8" name="test_calculate_statistics_value_empty" time="0.004" /><testcase classname="tests.test_entities_statistics_sensor" name="test_cleanup_old_data" time="0.012" /><testcase classname="tests.test_entities_computed_sensor_more" name="test_accumulate_energy_discharge" time="0.005" /><testcase classname="tests.e2e.test_config_flow_modules_e2e" name="test_config_flow_modules_options_update" time="4.810" /><testcase classname="tests.test_entities_computed_sensor_more" name="test_boiler_consumption_error" time="0.005" /><testcase classname="tests.test_entities_statistics_sensor_more8" name="test_calculate_statistics_value_exception" time="0.006" /><testcase classname="tests.test_entities_statistics_sensor" name="test_update_sampling_data_triggers_save" time="0.008" /><testcase classname="tests.test_entities_statistics_sensor_more8" name="test_state_hourly_when_coordinator_has_data" time="0.005" /><testcase classname="tests.test_entities_computed_sensor_more" name="test_cancel_reset_unsub_error" time="0.006" /><testcase classname="tests.test_entities_statistics_sensor_more8" name="test_state_non_hourly_uses_statistics" time="0.004" /><testcase classname="tests.test_entities_statistics_sensor" name="test_check_hourly_end_updates" time="0.007" /><testcase classname="tests.test_entities_statistics_sensor_more8" name="test_available_battery_load_and_hourly" time="0.006" /><testcase classname="tests.test_entities_statistics_sensor" name="test_available_disabled_statistics" time="0.006" /><testcase classname="tests.test_entities_statistics_sensor_more8" name="test_available_hourly_missing_source_entity_id" time="0.004" /><testcase classname="tests.e2e.test_config_flow_modules_e2e" name="test_config_flow_module_combinations[entry_options0-True-True]" time="1.248" /><testcase classname="tests.test_entities_statistics_sensor_more8" name="test_available_non_hourly_uses_coordinator_data" time="0.005" /><testcase classname="tests.test_entities_statistics_sensor" name="test_available_hourly_with_source_entity" time="0.009" /><testcase classname="tests.test_entities_statistics_sensor_more8" name="test_statistics_processor_invalid_timestamps" time="0.004" /><testcase classname="tests.test_entities_statistics_sensor" name="test_calculate_hourly_energy_diff_kwh" time="0.008" /><testcase classname="tests.test_entities_statistics_sensor_more8" name="test_statistics_processor_datetime_timestamp" time="0.004" /><testcase classname="tests.test_entities_statistics_sensor" name="test_calculate_hourly_energy_diff_wh" time="0.006" /><testcase classname="tests.test_entities_statistics_sensor" name="test_calculate_hourly_energy_power_integral_w" time="0.008" /><testcase classname="tests.test_entities_runtime" name="test_available_with_missing_node" time="0.144" /><testcase classname="tests.test_entities_statistics_sensor" name="test_calculate_statistics_value_interval_median" time="0.006" /><testcase classname="tests.test_entities_statistics_sensor" name="test_calculate_statistics_value_uses_all_samples_when_stale" time="0.007" /><testcase classname="tests.test_entities_runtime" name="test_available_when_data_present" time="0.011" /><testcase classname="tests.test_entities_statistics_sensor" name="test_extra_state_attributes_hourly_totals" time="0.006" /><testcase classname="tests.test_entities_runtime" name="test_available_false_variants" time="0.004" /><testcase classname="tests.test_entities_runtime" name="test_device_info_categories" time="0.005" /><testcase classname="tests.test_entities_statistics_sensor" name="test_get_actual_load_value" time="0.006" /><testcase classname="tests.test_entities_runtime" name="test_device_info_queen_and_non_dict_data" time="0.005" /><testcase classname="tests.test_entities_statistics_sensor" name="test_daily_statistics_update_saves" time="0.006" /><testcase classname="tests.test_forecast_update_more2" name="test_async_update_adaptive_profiles_and_filters" time="0.143" /><testcase classname="tests.test_entities_runtime" name="test_name_uses_language" time="0.006" /><testcase classname="tests.test_entities_statistics_sensor" name="test_calculate_interval_statistics_from_history_cross_midnight" time="0.007" /><testcase classname="tests.test_forecast_update_more2" name="test_async_update_skips_write_without_hass" time="0.007" /><testcase classname="tests.test_entities_statistics_sensor" name="test_state_hourly_without_coordinator_data" time="0.005" /><testcase classname="tests.test_entities_runtime" name="test_name_fallback_and_metadata" time="0.006" /><testcase classname="tests.test_forecast_update_more2" name="test_async_update_warns_on_empty_spot_prices" time="0.008" /><testcase classname="tests.test_entities_runtime" name="test_entity_category_unique_id_and_poll" time="0.005" /><testcase classname="tests.test_entities_computed_sensor_more2" name="test_get_oig_last_updated_missing" time="0.134" /><testcase classname="tests.test_entities_runtime" name="test_get_node_value_variants" time="0.004" /><testcase classname="tests.test_forecast_update_more2" name="test_async_update_tomorrow_profile_and_padding" time="0.007" /><testcase classname="tests.test_entities_computed_sensor_more2" name="test_accumulate_energy_missing_power" time="0.004" /><testcase classname="tests.test_entities_runtime" name="test_async_update_calls_super" time="0.007" /><testcase classname="tests.test_forecast_update_more2" name="test_async_update_load_forecast_exception_and_solar_error" time="0.007" /><testcase classname="tests.test_forecast_update_more2" name="test_resolve_load_kwh_uses_today_profile_when_tomorrow_missing" time="0.004" /><testcase classname="tests.test_entities_runtime" name="test_async_update_calls_super_async" time="0.008" /><testcase classname="tests.test_forecast_update_more2" name="test_resolve_load_kwh_falls_back_when_adaptive_profile_missing_data" time="0.004" /><testcase classname="tests.test_forecast_update_more2" name="test_should_skip_bucket_allows_profiles_dirty_rerun" time="0.004" /><testcase classname="tests.test_etag_caching.TestETagCaching" name="test_first_request_without_etag" time="0.139" /><testcase classname="tests.test_forecast_update_more2" name="test_has_usable_adaptive_profiles_accepts_partial_profile" time="0.004" /><testcase classname="tests.test_forecast_update_more2" name="test_hourly_kwh_from_profile_returns_none_without_series_or_avg" time="0.004" /><testcase classname="tests.test_etag_caching.TestETagCaching" name="test_second_request_with_304" time="0.012" /><testcase classname="tests.test_forecast_update_more2" name="test_profile_avg_kwh_h_returns_none_when_key_exists_with_none_value" time="0.004" /><testcase classname="tests.test_forecast_update_more2" name="test_async_update_truncates_horizon" time="0.010" /><testcase classname="tests.test_etag_caching.TestETagCaching" name="test_etag_change_updates_cache" time="0.012" /><testcase classname="tests.test_forecast_update_more2" name="test_async_update_planner_failure" time="0.009" /><testcase classname="tests.test_etag_caching.TestETagCaching" name="test_no_etag_support" time="0.013" /><testcase classname="tests.test_forecast_update_more2" name="test_async_update_outer_exception_and_finally_guard" time="0.007" /><testcase classname="tests.test_etag_caching.TestETagCaching" name="test_extended_stats_etag" time="0.013" /><testcase classname="tests.test_etag_caching.TestJitter" name="test_jitter_range" time="0.006" /><testcase classname="tests.test_entities_statistics_sensor_edge" name="test_available_hourly_missing_entity" time="0.132" /><testcase classname="tests.test_etag_caching.TestJitter" name="test_jitter_stored" time="0.007" /><testcase classname="tests.test_entities_computed_sensor_more3" name="test_get_entity_number_variants" time="0.132" /><testcase classname="tests.test_entities_computed_sensor_more3" name="test_get_oig_number_invalid_box" time="0.005" /><testcase classname="tests.test_entities_computed_sensor_more3" name="test_get_oig_last_updated_missing_hass" time="0.005" /><testcase classname="tests.test_entities_computed_sensor_more3" name="test_get_oig_last_updated_invalid_box" time="0.005" /><testcase classname="tests.test_entities_computed_sensor_more3" name="test_get_oig_last_updated_handles_timezone" time="0.005" /><testcase classname="tests.test_entities_computed_sensor_more3" name="test_get_oig_last_updated_missing_dt" time="0.005" /><testcase classname="tests.test_entities_shield_sensor" name="test_extract_param_type" time="0.155" /><testcase classname="tests.test_entities_computed_sensor_more3" name="test_get_oig_last_updated_invalid_dt" time="0.006" /><testcase classname="tests.test_entities_shield_sensor" name="test_translate_shield_state" time="0.004" /><testcase classname="tests.test_entities_shield_sensor" name="test_shield_sensor_state_queue_and_status" time="0.005" /><testcase classname="tests.test_entities_computed_sensor_more3" name="test_load_energy_from_storage_populates_defaults" time="0.006" /><testcase classname="tests.test_entities_shield_sensor" name="test_shield_sensor_state_unavailable" time="0.004" /><testcase classname="tests.test_entities_computed_sensor_more3" name="test_load_energy_from_storage_cache" time="0.006" /><testcase classname="tests.test_entities_computed_sensor_more3" name="test_load_energy_from_storage_error" time="0.005" /><testcase classname="tests.test_entities_shield_sensor" name="test_shield_sensor_should_poll_and_metadata" time="0.004" /><testcase classname="tests.test_entities_shield_sensor" name="test_shield_sensor_state_mode_reaction_time" time="0.004" /><testcase classname="tests.test_entities_computed_sensor_more3" name="test_save_energy_to_storage_forced" time="0.006" /><testcase classname="tests.test_entities_shield_sensor" name="test_shield_sensor_state_mode_reaction_time_empty_stats" time="0.005" /><testcase classname="tests.test_entities_computed_sensor_more3" name="test_save_energy_to_storage_error" time="0.006" /><testcase classname="tests.test_forecast_update_round_trip_coverage" name="test_round_trip_to_directional_invalid_type" time="0.139" /><testcase classname="tests.test_entities_shield_sensor" name="test_shield_sensor_state_activity_and_idle" time="0.005" /><testcase classname="tests.test_entities_computed_sensor_more3" name="test_save_energy_to_storage_no_store" time="0.007" /><testcase classname="tests.test_forecast_update_round_trip_coverage" name="test_round_trip_to_directional_zero_efficiency" time="0.004" /><testcase classname="tests.test_entities_shield_sensor" name="test_shield_sensor_state_activity_fallback" time="0.006" /><testcase classname="tests.test_entities_computed_sensor_more3" name="test_async_added_to_hass_restore_from_state" time="0.006" /><testcase classname="tests.test_forecast_update_round_trip_coverage" name="test_round_trip_to_directional_negative_efficiency" time="0.004" /><testcase classname="tests.test_entities_shield_sensor" name="test_shield_sensor_state_unknown" time="0.007" /><testcase classname="tests.test_forecast_update_round_trip_coverage" name="test_round_trip_to_directional_efficiency_above_one" time="0.004" /><testcase classname="tests.test_entities_statistics_sensor_more" name="test_load_statistics_data_invalid_records" time="0.134" /><testcase classname="tests.test_entities_computed_sensor_more3" name="test_async_added_to_hass_restore_from_entity_state" time="0.007" /><testcase classname="tests.test_entities_statistics_sensor_more" name="test_save_statistics_data_store_failure" time="0.006" /><testcase classname="tests.test_extended_summary" name="test_aggregate_cost_by_day" time="0.137" /><testcase classname="tests.test_entities_computed_sensor_more3" name="test_state_invalid_box_returns_none" time="0.004" /><testcase classname="tests.test_entities_shield_sensor" name="test_shield_sensor_state_error_branch" time="0.005" /><testcase classname="tests.test_extended_summary" name="test_get_day_cost_from_timeline" time="0.004" /><testcase classname="tests.test_entities_statistics_sensor_more" name="test_update_sampling_data_no_value" time="0.005" /><testcase classname="tests.test_entities_computed_sensor_more3" name="test_state_ac_in_total_missing_component" time="0.004" /><testcase classname="tests.test_extended_summary" name="test_format_planned_data" time="0.004" /><testcase classname="tests.test_entities_statistics_sensor_more" name="test_check_hourly_end_skips_outside_window" time="0.006" /><testcase classname="tests.test_entities_computed_sensor_more3" name="test_state_actual_aci_total_missing_component" time="0.004" /><testcase classname="tests.test_extended_summary" name="test_format_actual_data" time="0.003" /><testcase classname="tests.test_entities_computed_sensor_more3" name="test_state_dc_in_total_missing_component" time="0.004" /><testcase classname="tests.test_extended_summary" name="test_calculate_day_summary" time="0.004" /><testcase classname="tests.test_entities_computed_sensor_more3" name="test_state_actual_fv_total_missing_component" time="0.004" /><testcase classname="tests.test_entities_statistics_sensor_more" name="test_check_hourly_end_skip_same_hour" time="0.006" /><testcase classname="tests.test_entities_statistics_sensor_more" name="test_calculate_hourly_energy_unknown_unit_energy_diff" time="0.006" /><testcase classname="tests.test_extended_summary" name="test_build_today_tile_summary" time="0.004" /><testcase classname="tests.test_extended_summary" name="test_build_today_tile_summary_handles_missing_time_and_costs" time="0.004" /><testcase classname="tests.test_entities_computed_sensor_more3" name="test_state_time_to_full_charged" time="0.005" /><testcase classname="tests.test_entities_statistics_sensor_more" name="test_calculate_hourly_energy_power_integral_kw" time="0.007" /><testcase classname="tests.test_extended_summary" name="test_build_today_tile_summary_confidence_low" time="0.004" /><testcase classname="tests.test_entities_computed_sensor_more3" name="test_state_time_to_empty_discharge" time="0.005" /><testcase classname="tests.test_entities_statistics_sensor_more" name="test_calculate_hourly_energy_initial_none" time="0.006" /><testcase classname="tests.test_extended_summary" name="test_build_today_tile_summary_confidence_high" time="0.004" /><testcase classname="tests.test_extended_summary" name="test_get_empty_tile_summary" time="0.004" /><testcase classname="tests.test_entities_computed_sensor_more3" name="test_state_battery_calculation_exception" time="0.005" /><testcase classname="tests.test_entities_statistics_sensor_more" name="test_calculate_statistics_value_interval_empty" time="0.005" /><testcase classname="tests.test_extended_summary" name="test_build_today_tile_summary_empty" time="0.004" /><testcase classname="tests.test_entities_computed_sensor_more3" name="test_accumulate_energy_fv_low_updates_grid" time="0.005" /><testcase classname="tests.test_entities_statistics_sensor_more" name="test_extra_state_attributes_battery_load_median" time="0.005" /><testcase classname="tests.test_entities_computed_sensor_more3" name="test_accumulate_energy_exception" time="0.007" /><testcase classname="tests.test_entities_statistics_sensor_more" name="test_extra_state_attributes_interval" time="0.005" /><testcase classname="tests.test_entities_statistics_sensor_more" name="test_available_hourly_unavailable_state" time="0.005" /><testcase classname="tests.test_entities_computed_sensor_more3" name="test_get_boiler_consumption_wrong_type" time="0.005" /><testcase classname="tests.test_entities_statistics_sensor_more" name="test_create_hourly_attributes_error" time="0.004" /><testcase classname="tests.test_entities_computed_sensor_more3" name="test_get_boiler_consumption_error" time="0.005" /><testcase classname="tests.test_entities_statistics_sensor_more" name="test_safe_datetime_compare_error" time="0.004" /><testcase classname="tests.test_entities_computed_sensor_more3" name="test_get_batt_power_charge_no_actual" time="0.004" /><testcase classname="tests.test_entities_statistics_sensor_more" name="test_restore_last_hour_reset_missing" time="0.005" /><testcase classname="tests.test_entities_computed_sensor_more3" name="test_get_batt_power_discharge_no_actual" time="0.003" /><testcase classname="tests.test_entities_computed_sensor_more3" name="test_extended_fve_current_voltage_zero" time="0.003" /><testcase classname="tests.test_entities_statistics_sensor_more" name="test_safe_state_value_unavailable" time="0.004" /><testcase classname="tests.test_entities_computed_sensor_more3" name="test_extended_fve_current_missing_data" time="0.004" /><testcase classname="tests.test_entities_statistics_sensor_more" name="test_calculate_interval_statistics_from_history_no_data" time="0.006" /><testcase classname="tests.test_entities_computed_sensor_more3" name="test_extra_state_attributes_default" time="0.004" /><testcase classname="tests.test_forecast_update_trace" name="test_trace_propagates_to_outputs" time="0.134" /><testcase classname="tests.test_entities_computed_sensor_more3" name="test_real_data_changes_exception" time="0.006" /><testcase classname="tests.test_forecast_update_trace" name="test_planner_decision_trace_propagates_to_outputs" time="0.005" /><testcase classname="tests.test_historical_scenarios" name="test_planner_passes_all_historical_scenarios[2025-03-06]" time="0.290" /><testcase classname="tests.test_entities_computed_sensor_more3" name="test_load_energy_from_storage_no_store" time="0.007" /><testcase classname="tests.test_forecast_update_trace" name="test_legacy_consumer_contract_still_valid" time="0.004" /><testcase classname="tests.test_forecast_update_trace" name="test_trace_absent_when_metrics_missing" time="0.004" /><testcase classname="tests.test_entities_computed_sensor_more3" name="test_async_added_to_hass_restore_invalid_state_warns" time="0.006" /><testcase classname="tests.test_forecast_update_trace" name="test_grid_sensor_reads_trace_from_coordinator" time="0.004" /><testcase classname="tests.test_entities_computed_sensor_more3" name="test_state_missing_inputs_return_none" time="0.005" /><testcase classname="tests.test_forecast_update_trace" name="test_grid_sensor_handles_missing_trace" time="0.005" /><testcase classname="tests.test_entities_computed_sensor_more3" name="test_time_to_full_and_empty_variants" time="0.003" /><testcase classname="tests.test_forecast_update_trace" name="test_grid_sensor_handles_missing_forecast_data" time="0.004" /><testcase classname="tests.test_entities_computed_sensor_more3" name="test_state_exception_returns_none" time="0.004" /><testcase classname="tests.test_forecast_update_trace" name="test_grid_sensor_extra_state_attributes_includes_trace" time="0.004" /><testcase classname="tests.test_entities_computed_sensor_more3" name="test_boiler_consumption_wrapper" time="0.004" /><testcase classname="tests.test_forecast_update_trace" name="test_grid_sensor_extra_state_attributes_no_trace_when_absent" time="0.004" /><testcase classname="tests.test_entities_computed_sensor_more3" name="test_state_computed_batt_calls_accumulate" time="0.004" /><testcase classname="tests.test_entities_computed_sensor_more3" name="test_extended_fve_current_2_variants" time="0.004" /><testcase classname="tests.test_forecast_update" name="test_async_update_emits_one_planner_summary_before_apply_results[planner_result0-planner_run_completed-success]" time="0.139" /><testcase classname="tests.test_entities_computed_sensor_more3" name="test_async_update_requests_refresh" time="0.006" /><testcase classname="tests.test_forecast_update" name="test_async_update_emits_one_planner_summary_before_apply_results[planner_result1-planner_run_empty-empty]" time="0.006" /><testcase classname="tests.test_forecast_update" name="test_async_update_emits_one_planner_summary_before_apply_results[planner_result2-planner_run_failed-failed]" time="0.006" /><testcase classname="tests.test_forecast_update" name="test_async_update_logs_marker_when_planner_telemetry_emit_fails_open" time="0.010" /><testcase classname="tests.test_forecast_update" name="test_async_update_skips_planner_telemetry_without_device_id_and_logs_marker" time="0.008" /><testcase classname="tests.test_entities_statistics_sensor_more2" name="test_get_actual_load_value_invalid" time="0.133" /><testcase classname="tests.test_forecast_update" name="test_async_update_skips_when_in_progress" time="0.007" /><testcase classname="tests.test_forecast_update" name="test_async_update_skips_same_bucket" time="0.012" /><testcase classname="tests.test_forecast_update" name="test_async_update_missing_capacity_schedules_retry" time="0.005" /><testcase classname="tests.test_forecast_update" name="test_async_update_happy_path" time="0.009" /><testcase classname="tests.test_historical_scenarios" name="test_planner_passes_all_historical_scenarios[2025-03-07]" time="0.171" /><testcase classname="tests.test_grid_charging_plan_sensor" name="test_calculate_charging_intervals" time="0.133" /><testcase classname="tests.test_grid_charging_plan_sensor" name="test_dynamic_offset_fallback" time="0.004" /><testcase classname="tests.test_init_helpers" name="test_ensure_planner_option_defaults_invalid_max_price" time="0.127" /><testcase classname="tests.test_grid_charging_plan_sensor" name="test_log_rate_limited" time="0.004" /><testcase classname="tests.test_init_helpers" name="test_balancing_manager_import_error" time="0.013" /><testcase classname="tests.test_grid_charging_plan_sensor" name="test_init_resolve_box_id_fallback" time="0.004" /><testcase classname="tests.test_grid_charging_plan_sensor" name="test_get_active_plan_key" time="0.004" /><testcase classname="tests.test_init_helpers" name="test_infer_box_id_from_local_entities" time="0.007" /><testcase classname="tests.test_grid_charging_plan_sensor" name="test_dynamic_offset_missing_entry_data" time="0.004" /><testcase classname="tests.test_grid_charging_plan_sensor" name="test_dynamic_offset_missing_config_entry" time="0.004" /><testcase classname="tests.test_init_helpers" name="test_remove_existing_panel_without_remove_method" time="0.003" /><testcase classname="tests.test_grid_charging_plan_sensor" name="test_dynamic_offset_missing_service_shield" time="0.004" /><testcase classname="tests.test_init_helpers" name="test_maybe_rename_entity_id_no_match" time="0.006" /><testcase classname="tests.test_grid_charging_plan_sensor" name="test_dynamic_offset_missing_tracker" time="0.004" /><testcase classname="tests.test_init_helpers" name="test_maybe_rename_entity_id_suffix_matches" time="0.004" /><testcase classname="tests.test_grid_charging_plan_sensor" name="test_dynamic_offset_missing_tracker_attribute" time="0.004" /><testcase classname="tests.test_init_helpers" name="test_resolve_entry_box_id_no_data" time="0.004" /><testcase classname="tests.test_entities_statistics_sensor_more3" name="test_is_correct_day_type" time="0.129" /><testcase classname="tests.test_grid_charging_plan_sensor" name="test_dynamic_offset_tracker_exception" time="0.005" /><testcase classname="tests.test_init_helpers" name="test_init_balancing_manager_missing_class" time="0.006" /><testcase classname="tests.test_entities_statistics_sensor_more3" name="test_calculate_interval_statistics_without_range" time="0.006" /><testcase classname="tests.test_grid_charging_plan_sensor" name="test_dynamic_offset_with_tracker" time="0.004" /><testcase classname="tests.test_init_helpers" name="test_init_telemetry_store_no_box_id" time="0.004" /><testcase classname="tests.test_entities_statistics_sensor_more3" name="test_calculate_interval_statistics_no_history" time="0.006" /><testcase classname="tests.test_grid_charging_plan_sensor" name="test_get_home_ups_blocks_from_detail_tabs" time="0.005" /><testcase classname="tests.test_init_helpers" name="test_device_name_matchers_empty" time="0.005" /><testcase classname="tests.test_entities_statistics_sensor_more3" name="test_calculate_interval_statistics_with_data" time="0.006" /><testcase classname="tests.test_grid_charging_plan_sensor" name="test_get_home_ups_blocks_without_detail_tabs" time="0.006" /><testcase classname="tests.test_init_helpers" name="test_infer_box_id_from_local_entities_exception" time="0.004" /><testcase classname="tests.test_init_helpers" name="test_register_static_paths" time="0.008" /><testcase classname="tests.test_grid_charging_plan_sensor" name="test_get_home_ups_blocks_tomorrow_non_ups" time="0.006" /><testcase classname="tests.test_grid_charging_plan_sensor" name="test_load_ups_blocks_updates_cache" time="0.006" /><testcase classname="tests.test_init_helpers" name="test_setup_frontend_panel_registers" time="0.007" /><testcase classname="tests.test_grid_charging_plan_sensor" name="test_get_home_ups_blocks_empty_sources" time="0.006" /><testcase classname="tests.test_init_helpers" name="test_remove_frontend_panel_handles_unknown" time="0.006" /><testcase classname="tests.test_ha_rest_api_more" name="test_balancing_decisions_warning_path" time="0.145" /><testcase classname="tests.test_grid_charging_plan_sensor" name="test_get_home_ups_blocks_skips_completed" time="0.007" /><testcase classname="tests.test_ha_rest_api_more" name="test_balancing_decisions_exception" time="0.006" /><testcase classname="tests.test_grid_charging_plan_sensor" name="test_get_home_ups_blocks_handles_exception" time="0.006" /><testcase classname="tests.test_ha_rest_api_more" name="test_detail_tabs_store_load_error_and_fallback" time="0.006" /><testcase classname="tests.test_grid_charging_plan_sensor" name="test_parse_time_to_datetime_invalid" time="0.004" /><testcase classname="tests.test_historical_scenarios" name="test_planner_passes_all_historical_scenarios[2025-03-08]" time="0.142" /><testcase classname="tests.test_ha_rest_api_more" name="test_detail_tabs_precomputed_missing_detail_tabs_fallback" time="0.006" /><testcase classname="tests.test_grid_charging_plan_sensor" name="test_get_next_mode_after_ups" time="0.004" /><testcase classname="tests.test_ha_rest_api_more" name="test_detail_tabs_precomputed_tab_filter" time="0.006" /><testcase classname="tests.test_grid_charging_plan_sensor" name="test_native_value_on_and_off" time="0.004" /><testcase classname="tests.test_grid_charging_plan_sensor" name="test_native_value_tomorrow_block_off" time="0.004" /><testcase classname="tests.test_ha_rest_api_more" name="test_unified_cost_tile_legacy_key" time="0.006" /><testcase classname="tests.test_grid_charging_plan_sensor" name="test_native_value_invalid_time_format" time="0.005" /><testcase classname="tests.test_ha_rest_api_more" name="test_unified_cost_tile_store_error_component_missing" time="0.006" /><testcase classname="tests.test_grid_charging_plan_sensor" name="test_native_value_next_mode_offset" time="0.004" /><testcase classname="tests.test_ha_rest_api_more" name="test_unified_cost_tile_build_error" time="0.007" /><testcase classname="tests.test_grid_charging_plan_sensor" name="test_native_value_wraps_midnight" time="0.003" /><testcase classname="tests.test_ha_rest_api_more" name="test_detail_tabs_precomputed_hybrid_tab_all" time="0.006" /><testcase classname="tests.test_grid_charging_plan_sensor" name="test_async_added_to_hass_loads_blocks" time="0.005" /><testcase classname="tests.test_ha_rest_api_more" name="test_detail_tabs_entity_components_fallback" time="0.006" /><testcase classname="tests.test_grid_charging_plan_sensor" name="test_handle_coordinator_update" time="0.006" /><testcase classname="tests.test_grid_charging_plan_sensor" name="test_extra_state_attributes" time="0.005" /><testcase classname="tests.test_ha_rest_api_more" name="test_detail_tabs_precomputed_store_on_entity" time="0.007" /><testcase classname="tests.test_grid_charging_plan_sensor" name="test_constructor_with_config" time="0.005" /><testcase classname="tests.test_ha_rest_api_more" name="test_planner_settings_post_no_change" time="0.006" /><testcase classname="tests.test_entities_statistics_sensor_more4" name="test_load_statistics_data_success" time="0.137" /><testcase classname="tests.test_grid_charging_plan_sensor" name="test_extra_state_attributes_empty" time="0.004" /><testcase classname="tests.test_ha_rest_api_more" name="test_planner_settings_entry_missing" time="0.005" /><testcase classname="tests.test_grid_charging_plan_sensor" name="test_current_mode_fallback" time="0.004" /><testcase classname="tests.test_entities_statistics_sensor_more4" name="test_save_statistics_data_tzaware" time="0.006" /><testcase classname="tests.test_grid_charging_plan_sensor" name="test_parse_time_to_datetime_tomorrow" time="0.003" /><testcase classname="tests.test_init_setup_entry" name="test_async_setup_entry_missing_credentials" time="0.126" /><testcase classname="tests.test_grid_charging_plan_sensor" name="test_is_home_ups_mode_detects_home_ups" time="0.004" /><testcase classname="tests.test_entities_statistics_sensor_more4" name="test_cleanup_old_data" time="0.008" /><testcase classname="tests.test_init_setup_entry" name="test_async_setup_entry_migrates_legacy_credentials_from_options" time="0.018" /><testcase classname="tests.test_entities_statistics_sensor_more4" name="test_update_sampling_data_triggers_save" time="0.007" /><testcase classname="tests.test_entities_statistics_sensor_more4" name="test_check_hourly_end_updates_hour" time="0.006" /><testcase classname="tests.test_init_setup_entry" name="test_async_setup_entry_success_local" time="0.014" /><testcase classname="tests.test_entities_statistics_sensor_more4" name="test_daily_statistics_update_success" time="0.007" /><testcase classname="tests.test_entities_statistics_sensor_more4" name="test_calculate_interval_statistics_overnight" time="0.007" /><testcase classname="tests.test_historical_scenarios" name="test_planner_passes_all_historical_scenarios[2025-03-09]" time="0.169" /><testcase classname="tests.test_init_setup_entry" name="test_init_session_manager_uses_async_refresh_when_available" time="0.006" /><testcase classname="tests.test_entities_statistics_sensor_more4" name="test_state_hourly_without_coordinator_data" time="0.004" /><testcase classname="tests.test_init_setup_entry" name="test_init_session_manager_uses_first_refresh_during_setup" time="0.006" /><testcase classname="tests.test_entities_statistics_sensor_more4" name="test_available_statistics_disabled" time="0.004" /><testcase classname="tests.test_entities_statistics_sensor_more4" name="test_extra_state_attributes_hourly_totals" time="0.005" /><testcase classname="tests.test_init_setup_entry" name="test_init_session_manager_defers_refresh_during_setup_when_cache_available" time="0.006" /><testcase classname="tests.test_entities_statistics_sensor_more4" name="test_extra_state_attributes_interval_latest" time="0.005" /><testcase classname="tests.test_init_setup_entry" name="test_init_session_manager_uses_first_refresh_when_only_box_id_exists" time="0.006" /><testcase classname="tests.test_entities_statistics_sensor_more4" name="test_ensure_timezone_aware_for_naive" time="0.004" /><testcase classname="tests.test_entities_statistics_sensor_more4" name="test_create_hourly_attributes_with_timestamp" time="0.004" /><testcase classname="tests.test_init_setup_entry" name="test_async_setup_entry_success_cloud" time="0.017" /><testcase classname="tests.test_entities_statistics_sensor_more4" name="test_statistics_processor_process_hourly_data" time="0.004" /><testcase classname="tests.test_init_setup_entry" name="test_async_setup_entry_migrates_spot_prices_flag" time="0.014" /><testcase classname="tests.test_ha_rest_api_helpers" name="test_transform_timeline_for_api" time="0.122" /><testcase classname="tests.test_init_setup_entry" name="test_async_setup_entry_infers_box_id_from_proxy" time="0.011" /><testcase classname="tests.test_ha_rest_api_helpers" name="test_find_entry_for_box" time="0.002" /><testcase classname="tests.test_init_setup_entry" name="test_async_setup_entry_infers_box_id_from_registry" time="0.012" /><testcase classname="tests.test_ha_rest_api_views" name="test_battery_timeline_view_precomputed" time="0.149" /><testcase classname="tests.test_ha_rest_api_views" name="test_battery_timeline_view_missing_sensor_component" time="0.007" /><testcase classname="tests.test_init_setup_entry" name="test_infer_box_id_from_local_entities" time="0.009" /><testcase classname="tests.test_ha_rest_api_views" name="test_battery_timeline_view_entity_precomputed" time="0.006" /><testcase classname="tests.test_init_setup_entry" name="test_async_setup_entry_cloud_empty_stats" time="0.015" /><testcase classname="tests.test_ha_rest_api_views" name="test_spot_prices_view_invalid_type" time="0.005" /><testcase classname="tests.test_ha_rest_api_views" name="test_spot_prices_view_valid" time="0.006" /><testcase classname="tests.test_init_setup_entry" name="test_async_setup_entry_service_shield_failure" time="0.013" /><testcase classname="tests.test_ha_rest_api_views" name="test_spot_prices_view_missing_component" time="0.005" /><testcase classname="tests.test_ha_rest_api_views" name="test_spot_prices_view_missing_entity" time="0.007" /><testcase classname="tests.test_ha_rest_api_views" name="test_unified_cost_tile_view_precomputed" time="0.006" /><testcase classname="tests.test_init_setup_entry" name="test_async_setup_entry_cloud_missing_live_data" time="0.032" /><testcase classname="tests.test_ha_rest_api_views" name="test_detail_tabs_view_precomputed" time="0.006" /><testcase classname="tests.test_historical_scenarios" name="test_planner_passes_all_historical_scenarios[2025-03-10]" time="0.166" /><testcase classname="tests.test_ha_rest_api_views" name="test_consumption_profiles_view_missing_component" time="0.006" /><testcase classname="tests.test_hybrid_planning_more" name="test_find_cheapest_none_when_above_max_price" time="0.133" /><testcase classname="tests.test_ha_rest_api_views" name="test_consumption_profiles_view_missing_entity" time="0.006" /><testcase classname="tests.test_init_setup_entry" name="test_async_setup_entry_infer_box_id_exception" time="0.010" /><testcase classname="tests.test_hybrid_planning_more" name="test_should_charge_now_uses_round_trip_cost_gate" time="0.004" /><testcase classname="tests.test_hybrid_planning_more" name="test_should_charge_now_allows_cheaper_precharge" time="0.003" /><testcase classname="tests.test_ha_rest_api_views" name="test_consumption_profiles_view_ok" time="0.005" /><testcase classname="tests.test_init_setup_entry" name="test_async_setup_entry_live_data_check_error" time="0.019" /><testcase classname="tests.test_hybrid_planning_more" name="test_economic_branch_uses_contract" time="0.005" /><testcase classname="tests.test_ha_rest_api_views" name="test_balancing_decisions_view_missing_component" time="0.006" /><testcase classname="tests.test_hybrid_planning_more" name="test_death_valley_has_higher_priority_than_defer" time="0.012" /><testcase classname="tests.test_ha_rest_api_views" name="test_balancing_decisions_view_missing_entity" time="0.006" /><testcase classname="tests.test_ha_rest_api_views" name="test_balancing_decisions_view_ok" time="0.007" /><testcase classname="tests.test_ha_rest_api_more" name="test_transform_timeline_for_api" time="0.131" /><testcase classname="tests.test_init_setup_entry" name="test_async_setup_entry_no_coordinator_data" time="0.017" /><testcase classname="tests.test_ha_rest_api_more" name="test_find_entry_for_box" time="0.004" /><testcase classname="tests.test_ha_rest_api_views" name="test_planner_settings_view_get_and_post" time="0.006" /><testcase classname="tests.test_ha_rest_api_more" name="test_battery_timeline_store_error_and_missing_entity" time="0.006" /><testcase classname="tests.test_ha_rest_api_views" name="test_planner_settings_view_invalid_payload" time="0.005" /><testcase classname="tests.e2e.test_config_flow_modules_e2e" name="test_config_flow_module_combinations[entry_options1-False-False]" time="5.299" /><testcase classname="tests.test_ha_rest_api_more" name="test_battery_timeline_timeline_hybrid" time="0.006" /><testcase classname="tests.test_init_setup_entry" name="test_async_setup_entry_notification_manager_fetch_error" time="0.021" /><testcase classname="tests.test_ha_rest_api_views" name="test_dashboard_modules_view" time="0.006" /><testcase classname="tests.test_ha_rest_api_more" name="test_battery_timeline_entity_precomputed_error" time="0.006" /><testcase classname="tests.test_ha_rest_api_views" name="test_dashboard_modules_view_enable_auto" time="0.006" /><testcase classname="tests.test_ha_rest_api_more" name="test_spot_prices_view_spot_ok" time="0.006" /><testcase classname="tests.test_ha_rest_api_views" name="test_dashboard_modules_view_missing" time="0.006" /><testcase classname="tests.test_init_setup_entry" name="test_async_setup_entry_pricing_init_error" time="0.012" /><testcase classname="tests.test_ha_rest_api_more" name="test_spot_prices_view_exception" time="0.004" /><testcase classname="tests.test_ha_rest_api_views" name="test_setup_api_endpoints_registers_views" time="0.004" /><testcase classname="tests.test_init_setup_entry" name="test_async_setup_entry_optional_modules" time="0.015" /><testcase classname="tests.test_ha_rest_api_views" name="test_analytics_view_ok" time="0.006" /><testcase classname="tests.test_ha_rest_api_more" name="test_analytics_view_missing_component" time="0.004" /><testcase classname="tests.test_ha_rest_api_more" name="test_analytics_view_exception" time="0.005" /><testcase classname="tests.test_ha_rest_api_views" name="test_analytics_view_missing_entity" time="0.005" /><testcase classname="tests.test_ha_rest_api_more" name="test_consumption_profiles_view_exception" time="0.005" /><testcase classname="tests.test_init_setup_entry" name="test_async_setup_entry_runtime_flags[True-True-True]" time="0.013" /><testcase classname="tests.test_ha_rest_api_views" name="test_planner_settings_view_invalid_json" time="0.006" /><testcase classname="tests.test_ha_rest_api_views" name="test_planner_settings_view_no_change" time="0.008" /><testcase classname="tests.test_init_setup_entry" name="test_async_setup_entry_runtime_flags[False-False-False]" time="0.014" /><testcase classname="tests.test_ha_rest_api_views" name="test_dashboard_modules_view_ok" time="0.006" /><testcase classname="tests.test_ha_rest_api_views" name="test_dashboard_modules_view_missing_entry" time="0.005" /><testcase classname="tests.test_init_setup_entry" name="test_async_setup_entry_balancing_disabled_and_missing_manager" time="0.014" /><testcase classname="tests.test_hybrid_scoring_helpers" name="test_extract_prices" time="0.121" /><testcase classname="tests.test_historical_scenarios" name="test_planner_passes_all_historical_scenarios[2025-03-11]" time="0.153" /><testcase classname="tests.test_ha_rest_api_views" name="test_detail_tabs_view_fallback" time="0.009" /><testcase classname="tests.test_hybrid_scoring_helpers" name="test_analyze_future_prices_negative" time="0.004" /><testcase classname="tests.test_init_setup_entry" name="test_async_setup_entry_boiler_error" time="0.014" /><testcase classname="tests.test_ha_rest_api_views" name="test_battery_timeline_view_entity_fallback" time="0.006" /><testcase classname="tests.test_hybrid_scoring_helpers" name="test_handle_negative_price_variants" time="0.004" /><testcase classname="tests.test_ha_rest_api_views" name="test_unified_cost_tile_view_build_from_entity" time="0.007" /><testcase classname="tests.test_hybrid_scoring_helpers" name="test_handle_negative_price_charge_grid_skips_ups_when_battery_at_target" time="0.005" /><testcase classname="tests.test_init_setup_entry" name="test_async_setup_entry_telemetry_store_error" time="0.011" /><testcase classname="tests.test_hybrid_scoring_helpers" name="test_apply_smoothing_merges_short_runs" time="0.004" /><testcase classname="tests.test_ha_rest_api_views" name="test_unified_cost_tile_view_missing_build_method" time="0.006" /><testcase classname="tests.test_hybrid_scoring_helpers" name="test_score_mode_ups_penalized_when_disabled" time="0.004" /><testcase classname="tests.test_ha_rest_api_views" name="test_planner_settings_view_missing_entry" time="0.006" /><testcase classname="tests.test_init_setup_entry" name="test_async_setup_entry_shield_device_info_resolve_error" time="0.011" /><testcase classname="tests.test_ha_rest_api_views" name="test_dashboard_modules_view_wrong_domain" time="0.005" /><testcase classname="tests.test_hybrid_scoring_helpers" name="test_calculate_baseline_cost" time="0.003" /><testcase classname="tests.test_init_setup_entry" name="test_async_setup_entry_notification_manager_no_device" time="0.015" /><testcase classname="tests.test_ha_rest_api_views" name="test_detail_tabs_view_missing_component" time="0.006" /><testcase classname="tests.test_ha_rest_api_views" name="test_detail_tabs_view_missing_build_method" time="0.010" /><testcase classname="tests.test_input_helpers_more" name="test_empty_load_avg_state_flag" time="0.113" /><testcase classname="tests.test_init_setup_entry" name="test_async_setup_entry_notification_manager_init_error" time="0.015" /><testcase classname="tests.test_input_helpers_more" name="test_get_solar_for_timestamp_logs_lookup_and_value" time="0.004" /><testcase classname="tests.test_input_helpers_more" name="test_get_load_avg_for_timestamp_midnight_wrap_and_day_type_skip" time="0.004" /><testcase classname="tests.test_init_setup_entry" name="test_async_setup_entry_notification_manager_box_id_error" time="0.017" /><testcase classname="tests.test_init_setup_entry" name="test_async_setup_entry_persist_box_id_error" time="0.014" /><testcase classname="tests.test_init_setup_entry" name="test_async_setup_entry_solar_forecast_error" time="0.009" /><testcase classname="tests.test_init_setup_entry" name="test_async_setup_entry_balancing_manager_paths" time="0.014" /><testcase classname="tests.test_historical_scenarios" name="test_planner_passes_all_historical_scenarios[2025-03-12]" time="0.184" /><testcase classname="tests.test_init_setup_entry" name="test_async_setup_entry_balancing_manager_no_box_id" time="0.013" /><testcase classname="tests.test_hybrid_scoring_more2" name="test_analyze_future_prices_no_future_data" time="0.122" /><testcase classname="tests.test_init_setup_entry" name="test_async_setup_entry_balancing_manager_executes" time="0.014" /><testcase classname="tests.test_hybrid_scoring_more2" name="test_analyze_future_prices_profitable_and_night" time="0.004" /><testcase classname="tests.test_hybrid_scoring_more2" name="test_analyze_future_prices_night_preparation" time="0.004" /><testcase classname="tests.test_init_setup_entry" name="test_async_setup_entry_balancing_manager_callbacks" time="0.017" /><testcase classname="tests.test_hybrid_scoring_more2" name="test_select_best_mode_reason_branches" time="0.003" /><testcase classname="tests.test_hybrid_scoring_more2" name="test_score_mode_branches" time="0.004" /><testcase classname="tests.test_hybrid_scoring_more2" name="test_handle_negative_price_auto_variants" time="0.003" /><testcase classname="tests.test_ha_sensor" name="test_sensor_proxy_properties" time="0.138" /><testcase classname="tests.test_init_setup_entry" name="test_async_setup_entry_balancing_manager_initial_plan" time="0.014" /><testcase classname="tests.test_hybrid_scoring_more2" name="test_apply_smoothing_protected_and_short" time="0.003" /><testcase classname="tests.test_input_quality_guards.TestForecastQuality" name="test_empty_forecast_triggers_invalid" time="0.132" /><testcase classname="tests.test_ha_sensor" name="test_battery_forecast_sensor_exposes_restore_state" time="0.004" /><testcase classname="tests.test_input_quality_guards.TestForecastQuality" name="test_none_forecast_triggers_invalid" time="0.005" /><testcase classname="tests.test_ha_sensor" name="test_sensor_async_update_proxy" time="0.007" /><testcase classname="tests.test_input_quality_guards.TestForecastQuality" name="test_empty_today_tomorrow_triggers_invalid" time="0.004" /><testcase classname="tests.test_init_setup_entry" name="test_async_setup_entry_balancing_manager_no_plan" time="0.015" /><testcase classname="tests.test_input_quality_guards.TestForecastQuality" name="test_stale_pv_forecast_triggers_fallback" time="0.004" /><testcase classname="tests.test_ha_sensor" name="test_sensor_analysis_proxies" time="0.005" /><testcase classname="tests.test_input_quality_guards.TestForecastQuality" name="test_fresh_forecast_with_valid_data" time="0.004" /><testcase classname="tests.test_ha_sensor" name="test_sensor_battery_state_proxies" time="0.005" /><testcase classname="tests.test_input_quality_guards.TestForecastQuality" name="test_forecast_with_only_zero_values_degraded" time="0.004" /><testcase classname="tests.test_init_setup_entry" name="test_async_setup_entry_balancing_manager_box_id_error" time="0.015" /><testcase classname="tests.test_input_quality_guards.TestForecastQuality" name="test_forecast_with_insufficient_data_degraded" time="0.004" /><testcase classname="tests.test_input_quality_guards.TestForecastQuality" name="test_forecast_with_invalid_timestamp_format" time="0.004" /><testcase classname="tests.test_init_setup_entry" name="test_async_setup_entry_shield_monitoring_no_telemetry" time="0.015" /><testcase classname="tests.test_input_quality_guards.TestForecastQuality" name="test_forecast_with_negative_values_ignored" time="0.004" /><testcase classname="tests.test_input_quality_guards.TestPriceQuality" name="test_empty_price_triggers_invalid" time="0.004" /><testcase classname="tests.test_input_quality_guards.TestPriceQuality" name="test_none_price_triggers_invalid" time="0.005" /><testcase classname="tests.test_input_quality_guards.TestPriceQuality" name="test_price_without_timestamp_invalid" time="0.005" /><testcase classname="tests.test_input_quality_guards.TestPriceQuality" name="test_stale_price_data_blocks_economic_charge" time="0.004" /><testcase classname="tests.test_input_quality_guards.TestPriceQuality" name="test_fresh_price_with_valid_data" time="0.004" /><testcase classname="tests.test_input_quality_guards.TestPriceQuality" name="test_price_with_unreasonable_values_invalid" time="0.004" /><testcase classname="tests.test_input_quality_guards.TestPriceQuality" name="test_price_with_negative_current_price_valid" time="0.004" /><testcase classname="tests.test_input_quality_guards.TestPriceQuality" name="test_price_with_mostly_invalid_future_prices_degraded" time="0.004" /><testcase classname="tests.test_input_quality_guards.TestEconomicChargingDecision" name="test_both_fresh_enables_charging" time="0.004" /><testcase classname="tests.test_historical_scenarios" name="test_planner_passes_all_historical_scenarios[2025-03-13]" time="0.163" /><testcase classname="tests.test_init_cleanup" name="test_cleanup_invalid_empty_devices" time="0.128" /><testcase classname="tests.test_input_quality_guards.TestEconomicChargingDecision" name="test_fresh_degraded_enables_charging" time="0.004" /><testcase classname="tests.test_init_cleanup" name="test_cleanup_invalid_empty_devices_with_entities" time="0.005" /><testcase classname="tests.test_input_quality_guards.TestEconomicChargingDecision" name="test_stale_price_data_blocks_economic_charge" time="0.004" /><testcase classname="tests.test_input_quality_guards.TestEconomicChargingDecision" name="test_invalid_forecast_blocks_economic_charge" time="0.004" /><testcase classname="tests.test_init_cleanup" name="test_cleanup_invalid_empty_devices_skips_invalid_sets" time="0.004" /><testcase classname="tests.test_input_quality_guards.TestEconomicChargingDecision" name="test_both_stale_blocks_economic_charge" time="0.004" /><testcase classname="tests.test_init_cleanup" name="test_cleanup_invalid_empty_devices_exception" time="0.005" /><testcase classname="tests.test_input_quality_guards.TestEconomicChargingDecision" name="test_string_enum_values" time="0.004" /><testcase classname="tests.test_init_cleanup" name="test_migrate_entity_unique_ids_exceptions" time="0.010" /><testcase classname="tests.test_input_quality_guards.TestEconomicChargingDecision" name="test_invalid_string_values" time="0.004" /><testcase classname="tests.test_ha_sensor_proxy" name="test_state_and_availability_proxies" time="0.136" /><testcase classname="tests.test_input_quality_guards.TestQualitySummary" name="test_summary_includes_all_fields" time="0.004" /><testcase classname="tests.test_init_cleanup" name="test_migrate_entity_unique_ids_enable_and_remove_failures" time="0.007" /><testcase classname="tests.test_ha_sensor_proxy" name="test_extra_state_attributes_proxy" time="0.005" /><testcase classname="tests.test_input_quality_guards.TestQualitySummary" name="test_summary_with_stale_data" time="0.004" /><testcase classname="tests.test_input_quality_guards.TestQualitySummary" name="test_summary_with_invalid_data" time="0.004" /><testcase classname="tests.test_init_cleanup" name="test_migrate_entity_unique_ids_first_update_failure" time="0.006" /><testcase classname="tests.test_ha_sensor_proxy" name="test_calculate_data_hash_proxy" time="0.005" /><testcase classname="tests.test_ha_sensor_proxy" name="test_async_update_calls_forecast" time="0.006" /><testcase classname="tests.test_init_cleanup" name="test_migrate_entity_unique_ids_second_update_failure" time="0.006" /><testcase classname="tests.test_input_helpers" name="test_get_solar_for_timestamp_today" time="0.131" /><testcase classname="tests.test_ha_sensor_proxy" name="test_build_detail_tabs_passes_mode_names" time="0.006" /><testcase classname="tests.test_init_cleanup" name="test_migrate_entity_unique_ids_startswith_flip" time="0.006" /><testcase classname="tests.test_input_helpers" name="test_get_load_avg_for_timestamp_match" time="0.004" /><testcase classname="tests.test_init_cleanup" name="test_migrate_entity_unique_ids" time="0.007" /><testcase classname="tests.test_ha_sensor_proxy" name="test_build_timeline_extended" time="0.006" /><testcase classname="tests.test_input_helpers" name="test_get_load_avg_for_timestamp_empty" time="0.004" /><testcase classname="tests.test_init_cleanup" name="test_cleanup_unused_devices_removes_or_keeps" time="0.016" /><testcase classname="tests.test_ha_sensor_proxy" name="test_schedule_precompute_proxy" time="0.006" /><testcase classname="tests.test_ha_sensor_proxy" name="test_simulate_interval_proxy" time="0.006" /><testcase classname="tests.test_ha_sensor_proxy" name="test_scenario_analysis_proxies" time="0.006" /><testcase classname="tests.test_ha_sensor_proxy" name="test_storage_and_task_proxies" time="0.007" /><testcase classname="tests.test_ha_sensor_proxy" name="test_precompute_and_cost_tile_proxy" time="0.008" /><testcase classname="tests.test_ha_sensor_proxy" name="test_additional_proxy_helpers" time="0.007" /><testcase classname="tests.test_historical_scenarios" name="test_planner_passes_all_historical_scenarios[2025-03-14]" time="0.176" /><testcase classname="tests.test_interval_simulator" name="test_interval_result_properties" time="0.137" /><testcase classname="tests.test_interval_simulator" name="test_simulate_uses_shared_simulator" time="0.004" /><testcase classname="tests.test_interval_simulator" name="test_discharge_for_load" time="0.004" /><testcase classname="tests.test_interval_simulator" name="test_simulate_home_i_day_and_night" time="0.004" /><testcase classname="tests.test_interval_simulator" name="test_simulate_home_ii" time="0.004" /><testcase classname="tests.test_input_helpers_more" name="test_get_solar_for_timestamp_tomorrow_and_missing" time="0.138" /><testcase classname="tests.test_interval_simulator" name="test_simulate_home_iii" time="0.004" /><testcase classname="tests.test_input_helpers_more" name="test_get_solar_for_timestamp_invalid_value" time="0.004" /><testcase classname="tests.test_interval_simulator" name="test_simulate_home_ups" time="0.004" /><testcase classname="tests.test_init_extra" name="test_setup_telemetry_success" time="0.134" /><testcase classname="tests.test_input_helpers_more" name="test_get_solar_for_timestamp_timezone_aware_key" time="0.004" /><testcase classname="tests.test_interval_simulator" name="test_calculate_cost" time="0.004" /><testcase classname="tests.test_input_helpers_more" name="test_get_load_avg_for_timestamp_no_match" time="0.004" /><testcase classname="tests.test_init_extra" name="test_setup_telemetry_no_handler" time="0.005" /><testcase classname="tests.test_interval_simulator" name="test_simulate_home_i_and_ii_curtailed" time="0.004" /><testcase classname="tests.test_input_helpers_more" name="test_get_load_avg_for_timestamp_zero_value_fallback" time="0.004" /><testcase classname="tests.test_init_extra" name="test_setup_telemetry_exception" time="0.006" /><testcase classname="tests.test_interval_simulator" name="test_create_simulator" time="0.004" /><testcase classname="tests.test_input_helpers_more" name="test_get_load_avg_for_timestamp_invalid_range" time="0.004" /><testcase classname="tests.test_init_extra" name="test_async_setup" time="0.004" /><testcase classname="tests.test_init_extra" name="test_cleanup_unused_devices" time="0.006" /><testcase classname="tests.test_init_extra" name="test_cleanup_unused_devices_regex_and_remove_error" time="0.008" /><testcase classname="tests.test_init_extra" name="test_cleanup_unused_devices_none_removed" time="0.005" /><testcase classname="tests.test_historical_scenarios" name="test_historical_scenarios_dataset_has_30_entries" time="0.143" /><testcase classname="tests.test_historical_scenarios" name="test_planner_passes_all_historical_scenarios[2025-03-01]" time="0.187" /><testcase classname="tests.test_init_extra" name="test_async_remove_config_entry_device" time="0.009" /><testcase classname="tests.test_init_extra" name="test_async_remove_config_entry_device_exception" time="0.006" /><testcase classname="tests.test_init_extra" name="test_async_unload_entry" time="0.019" /><testcase classname="tests.test_historical_scenarios" name="test_planner_passes_all_historical_scenarios[2025-03-15]" time="0.177" /><testcase classname="tests.test_init_extra" name="test_async_unload_entry_handles_stop_error" time="0.006" /><testcase classname="tests.test_init_extra" name="test_service_shield_cleanup_reraises_cancelled_check_task" time="0.006" /><testcase classname="tests.test_init_extra" name="test_async_reload_entry" time="0.006" /><testcase classname="tests.test_init_extra" name="test_async_update_options_disabled" time="0.007" /><testcase classname="tests.test_init_extra" name="test_async_update_options_enable_dashboard" time="0.006" /><testcase classname="tests.test_load_and_solar_profiles" name="test_get_load_avg_sensors" time="0.127" /><testcase classname="tests.test_local_mapper_more" name="test_apply_state_box_and_node_overrides" time="0.128" /><testcase classname="tests.test_init_extra" name="test_async_update_options_needs_reload" time="0.006" /><testcase classname="tests.test_load_and_solar_profiles" name="test_get_load_avg_sensors_invalid_and_missing" time="0.007" /><testcase classname="tests.test_local_mapper_more" name="test_apply_state_skips_invalid_box_mode" time="0.005" /><testcase classname="tests.test_init_extra" name="test_async_update_options_disable_dashboard_change" time="0.006" /><testcase classname="tests.test_load_and_solar_profiles" name="test_get_solar_forecast_from_attributes" time="0.005" /><testcase classname="tests.test_local_mapper_more" name="test_apply_state_resets_non_dict_node" time="0.004" /><testcase classname="tests.test_init_extra" name="test_cleanup_unused_devices_exception" time="0.008" /><testcase classname="tests.test_load_and_solar_profiles" name="test_get_solar_forecast_from_cache" time="0.005" /><testcase classname="tests.test_local_mapper_more" name="test_apply_state_extended_items_and_values" time="0.004" /><testcase classname="tests.test_local_mapper_more" name="test_apply_state_extended_values_extend" time="0.004" /><testcase classname="tests.test_load_and_solar_profiles" name="test_get_solar_forecast_strings" time="0.005" /><testcase classname="tests.test_local_mapper_more" name="test_apply_state_switch_control_cfg_suffix" time="0.005" /><testcase classname="tests.test_local_mapper_more" name="test_apply_state_number_control_cfg_suffix" time="0.004" /><testcase classname="tests.test_local_mapper_more" name="test_apply_state_select_control_cfg_suffix" time="0.004" /><testcase classname="tests.test_historical_scenarios" name="test_planner_passes_all_historical_scenarios[2025-03-02]" time="0.166" /><testcase classname="tests.test_historical_scenarios" name="test_planner_passes_all_historical_scenarios[2025-03-16]" time="0.166" /><testcase classname="tests.test_init_frontend" name="test_register_static_paths" time="0.130" /><testcase classname="tests.test_init_frontend" name="test_setup_frontend_panel_registers" time="0.006" /><testcase classname="tests.test_load_profiles_more" name="test_get_load_avg_sensors_no_hass" time="0.130" /><testcase classname="tests.test_load_profiles_more" name="test_get_load_avg_sensors_invalid_state" time="0.004" /><testcase classname="tests.test_init_frontend" name="test_setup_frontend_panel_resolves_box_id_and_handles_errors" time="0.007" /><testcase classname="tests.test_load_profiles_more" name="test_get_load_avg_sensors_unavailable_and_bad" time="0.005" /><testcase classname="tests.test_missing_coverage_helpers" name="test_load_detail_tabs_empty_store" time="0.129" /><testcase classname="tests.test_init_frontend" name="test_setup_frontend_panel_missing_register" time="0.007" /><testcase classname="tests.test_load_profiles_more" name="test_get_load_avg_sensors_skips_missing_config" time="0.005" /><testcase classname="tests.test_missing_coverage_helpers" name="test_ote_build_daily_stats_empty" time="0.005" /><testcase classname="tests.test_init_frontend" name="test_setup_frontend_panel_noncallable_register" time="0.008" /><testcase classname="tests.test_load_profiles_more" name="test_get_load_avg_sensors_valid" time="0.004" /><testcase classname="tests.test_missing_coverage_helpers" name="test_balancing_normalize_stat_time_naive" time="0.004" /><testcase classname="tests.test_missing_coverage_helpers" name="test_balancing_finalize_holding_window_empty" time="0.004" /><testcase classname="tests.test_init_frontend" name="test_setup_frontend_panel_resolve_box_id_error" time="0.007" /><testcase classname="tests.test_init_frontend" name="test_setup_frontend_panel_entity_checks" time="0.007" /><testcase classname="tests.test_missing_coverage_helpers" name="test_balancing_estimate_grid_consumption_no_forecast" time="0.019" /><testcase classname="tests.test_init_frontend" name="test_setup_frontend_panel_options_get_raises" time="0.005" /><testcase classname="tests.test_init_frontend" name="test_remove_frontend_panel_no_method" time="0.006" /><testcase classname="tests.test_init_frontend" name="test_remove_frontend_panel_success" time="0.006" /><testcase classname="tests.test_missing_coverage_helpers" name="test_balancing_estimate_grid_consumption_empty_timeline" time="0.021" /><testcase classname="tests.test_init_frontend" name="test_remove_frontend_panel_exception" time="0.005" /><testcase classname="tests.test_missing_coverage_helpers" name="test_executor_parse_datetime_non_datetime" time="0.004" /><testcase classname="tests.test_init_frontend" name="test_remove_frontend_panel_outer_exception" time="0.007" /><testcase classname="tests.test_missing_coverage_helpers" name="test_executor_safe_timestamp_empty" time="0.004" /><testcase classname="tests.test_historical_scenarios" name="test_planner_passes_all_historical_scenarios[2025-03-03]" time="0.183" /><testcase classname="tests.test_missing_coverage_helpers" name="test_detail_tabs_overall_adherence_zero" time="0.003" /><testcase classname="tests.test_init_frontend" name="test_remove_frontend_panel_value_error" time="0.005" /><testcase classname="tests.test_init_frontend" name="test_remove_frontend_panel_unknown" time="0.005" /><testcase classname="tests.test_missing_coverage_helpers" name="test_detail_tabs_attach_summary_empty" time="0.005" /><testcase classname="tests.test_missing_coverage_helpers" name="test_find_battery_forecast_sensor_no_match" time="0.003" /><testcase classname="tests.test_missing_coverage_helpers" name="test_parse_overflow_window_missing_end" time="0.004" /><testcase classname="tests.test_missing_coverage_helpers" name="test_parse_window_datetime_datetime" time="0.005" /><testcase classname="tests.test_historical_scenarios" name="test_planner_passes_all_historical_scenarios[2025-03-17]" time="0.164" /><testcase classname="tests.test_missing_coverage_helpers" name="test_parse_window_datetime_invalid" time="0.003" /><testcase classname="tests.test_missing_coverage_helpers" name="test_box_id_from_entry_none" time="0.003" /><testcase classname="tests.test_local_mapper" name="test_coerce_and_normalize_box_mode" time="0.114" /><testcase classname="tests.test_local_mapper" name="test_normalize_domains_and_value_map" time="0.003" /><testcase classname="tests.test_missing_coverage_helpers" name="test_apply_node_update_no_change" time="0.005" /><testcase classname="tests.test_missing_coverage_helpers" name="test_apply_extended_update_no_change" time="0.004" /><testcase classname="tests.test_local_mapper" name="test_as_utc" time="0.003" /><testcase classname="tests.test_local_mapper" name="test_as_utc_error" time="0.004" /><testcase classname="tests.test_missing_coverage_helpers" name="test_compact_matches_and_close_brace" time="0.003" /><testcase classname="tests.test_missing_coverage_helpers" name="test_tagged_profile_name_unknown" time="0.004" /><testcase classname="tests.test_missing_coverage_helpers" name="test_prediction_attributes_empty" time="0.003" /><testcase classname="tests.test_missing_coverage_helpers" name="test_profile_attributes_no_predicted" time="0.004" /><testcase classname="tests.test_missing_coverage_helpers" name="test_pad_profile_hours_no_padding" time="0.004" /><testcase classname="tests.test_missing_coverage_helpers" name="test_build_profile_name_suffix_single" time="0.004" /><testcase classname="tests.test_missing_coverage_helpers" name="test_resolve_name_sources_today_from_matched" time="0.004" /><testcase classname="tests.test_missing_coverage_helpers" name="test_average_profiles_empty" time="0.004" /><testcase classname="tests.test_missing_coverage_helpers" name="test_average_profiles_zero_length" time="0.005" /><testcase classname="tests.test_missing_coverage_helpers" name="test_battery_health_maybe_add_interval_missing_start" time="0.004" /><testcase classname="tests.test_missing_coverage_helpers" name="test_shield_compute_mode_reaction_time_none_tracker" time="0.003" /><testcase classname="tests.test_init_helpers" name="test_read_manifest_file" time="0.122" /><testcase classname="tests.test_missing_coverage_helpers" name="test_shield_compute_mode_reaction_time_no_medians" time="0.003" /><testcase classname="tests.test_missing_coverage_helpers" name="test_format_entity_display_plain" time="0.004" /><testcase classname="tests.test_init_helpers" name="test_ensure_data_source_option_defaults" time="0.004" /><testcase classname="tests.test_missing_coverage_helpers" name="test_statistics_check_hourly_end_no_value" time="0.005" /><testcase classname="tests.test_init_helpers" name="test_ensure_data_source_option_defaults_no_update" time="0.004" /><testcase classname="tests.test_init_helpers" name="test_ensure_planner_option_defaults_removes_obsolete" time="0.004" /><testcase classname="tests.test_missing_coverage_helpers" name="test_statistics_naive_dt_none" time="0.004" /><testcase classname="tests.test_missing_coverage_helpers" name="test_statistics_append_hourly_record_trim" time="0.004" /><testcase classname="tests.test_missing_coverage_helpers" name="test_statistics_sampling_median_all_none" time="0.004" /><testcase classname="tests.test_missing_coverage_helpers" name="test_statistics_interval_median_empty" time="0.004" /><testcase classname="tests.test_missing_coverage_helpers" name="test_statistics_build_hourly_attrs_empty" time="0.004" /><testcase classname="tests.test_missing_coverage_helpers" name="test_extract_device_box_id_no_match" time="0.005" /><testcase classname="tests.test_local_mapper_more" name="test_apply_state_unknown_entity" time="0.121" /><testcase classname="tests.test_historical_scenarios" name="test_planner_passes_all_historical_scenarios[2025-03-04]" time="0.161" /><testcase classname="tests.test_local_mapper_more" name="test_apply_state_node_update_box_mode" time="0.004" /><testcase classname="tests.test_missing_coverage_helpers" name="test_is_sensor_device_info_valid_no_info" time="0.004" /><testcase classname="tests.test_local_mapper_more" name="test_apply_state_extended_update" time="0.004" /><testcase classname="tests.test_missing_coverage_helpers" name="test_connect_balancing_manager_missing_domain" time="0.004" /><testcase classname="tests.test_historical_scenarios" name="test_planner_passes_all_historical_scenarios[2025-03-18]" time="0.159" /><testcase classname="tests.test_local_mapper_more" name="test_apply_state_unknown_suffix" time="0.004" /><testcase classname="tests.test_missing_coverage_helpers" name="test_connect_balancing_manager_no_sensors" time="0.003" /><testcase classname="tests.test_missing_coverage_helpers" name="test_import_errors_return_empty" time="0.004" /><testcase classname="tests.test_local_mapper_more" name="test_apply_state_rejects_invalid_entity_id" time="0.004" /><testcase classname="tests.test_local_mapper_more" name="test_apply_state_domain_not_allowed" time="0.003" /><testcase classname="tests.test_local_mapper_more" name="test_apply_state_value_none" time="0.003" /><testcase classname="tests.test_missing_coverage_helpers" name="test_mode_tracker_invalid_transition" time="0.019" /><testcase classname="tests.test_mqtt_publisher" name="test_worker_publishes_to_exact_device_topic_with_qos1_and_no_retain" time="0.124" /><testcase classname="tests.test_mqtt_publisher" name="test_invalid_prefix_is_normalized_to_exact_cloud_topic" time="0.007" /><testcase classname="tests.test_mqtt_publisher" name="test_emit_cloud_event_rejects_missing_device_id_without_placeholder_topic" time="0.008" /><testcase classname="tests.test_mqtt_publisher" name="test_emit_cloud_event_rejects_non_numeric_device_id" time="0.008" /><testcase classname="tests.test_mqtt_publisher" name="test_queue_overflow_drops_oldest_with_rate_limited_warning" time="0.009" /><testcase classname="tests.test_mqtt_publisher" name="test_first_overflow_logs_warning_immediately" time="0.010" /><testcase classname="tests.test_historical_scenarios" name="test_planner_passes_all_historical_scenarios[2025-03-05]" time="0.169" /><testcase classname="tests.test_observability.TestRolloutMetrics" name="test_decision_reason_tracking" time="0.128" /><testcase classname="tests.test_mqtt_publisher" name="test_async_shutdown_drops_remaining_queue_and_closes_client" time="0.010" /><testcase classname="tests.test_observability.TestRolloutMetrics" name="test_rate_calculations_with_no_decisions" time="0.004" /><testcase classname="tests.test_mode_recommendations" name="test_create_mode_recommendations_empty" time="0.127" /><testcase classname="tests.test_historical_scenarios" name="test_planner_passes_all_historical_scenarios[2025-03-19]" time="0.167" /><testcase classname="tests.test_observability.TestRolloutMetrics" name="test_rate_calculations_with_decisions" time="0.004" /><testcase classname="tests.test_mqtt_publisher" name="test_publish_failure_after_enqueue_is_recorded_without_reaching_caller" time="0.011" /><testcase classname="tests.test_mode_recommendations" name="test_create_mode_recommendations_invalid_time" time="0.004" /><testcase classname="tests.test_observability.TestRolloutMetrics" name="test_reset_clears_all_counters" time="0.004" /><testcase classname="tests.test_mode_recommendations" name="test_create_mode_recommendations_no_future_intervals" time="0.004" /><testcase classname="tests.test_observability.TestAlertCondition" name="test_gt_comparison" time="0.004" /><testcase classname="tests.test_mode_recommendations" name="test_create_mode_recommendations_block_changes_and_split" time="0.004" /><testcase classname="tests.test_observability.TestAlertCondition" name="test_lt_comparison" time="0.004" /><testcase classname="tests.test_observability.TestAlertCondition" name="test_gte_comparison" time="0.004" /><testcase classname="tests.test_mode_recommendations" name="test_create_mode_recommendations_bad_end_time" time="0.004" /><testcase classname="tests.test_mode_recommendations" name="test_create_mode_recommendations_final_block_parse_error" time="0.004" /><testcase classname="tests.test_observability.TestAlertCondition" name="test_lte_comparison" time="0.004" /><testcase classname="tests.test_observability.TestRolloutGate" name="test_rollout_gate_passes_healthy_metrics" time="0.004" /><testcase classname="tests.test_mode_recommendations" name="test_create_mode_recommendations_block_parse_error" time="0.004" /><testcase classname="tests.test_mode_recommendations" name="test_add_block_details_modes" time="0.007" /><testcase classname="tests.test_observability.TestRolloutGate" name="test_rollout_gate_fails_on_high_bypass_rate" time="0.004" /><testcase classname="tests.test_observability.TestRolloutGate" name="test_protection_bypass_alerts_threshold" time="0.005" /><testcase classname="tests.test_observability.TestRolloutGate" name="test_low_pv_defer_rate_triggers_warning" time="0.004" /><testcase classname="tests.test_observability.TestRolloutGate" name="test_high_grid_charge_rate_triggers_warning" time="0.004" /><testcase classname="tests.test_observability.TestRolloutGate" name="test_pv_first_disabled_skips_pv_checks" time="0.004" /><testcase classname="tests.test_observability.TestRolloutGate" name="test_multiple_alerts_triggers_unhealthy" time="0.005" /><testcase classname="tests.test_observability.TestFormatMetricsSummary" name="test_format_empty_metrics" time="0.005" /><testcase classname="tests.test_observability.TestFormatMetricsSummary" name="test_format_metrics_with_data" time="0.004" /><testcase classname="tests.test_observability.TestCreateMetricsFromDict" name="test_create_from_empty_dict" time="0.004" /><testcase classname="tests.test_observability.TestCreateMetricsFromDict" name="test_create_from_dict_with_values" time="0.004" /><testcase classname="tests.test_observability.TestMergeMetrics" name="test_merge_empty_list" time="0.004" /><testcase classname="tests.test_observability.TestMergeMetrics" name="test_merge_single_metrics" time="0.004" /><testcase classname="tests.test_observability.TestMergeMetrics" name="test_merge_multiple_metrics" time="0.004" /><testcase classname="tests.test_new_architecture.TestIntervalSimulator" name="test_home_i_solar_covers_load" time="0.131" /><testcase classname="tests.test_observability.TestMergeMetrics" name="test_merge_uses_latest_timestamp" time="0.004" /><testcase classname="tests.test_new_architecture.TestIntervalSimulator" name="test_home_i_battery_covers_deficit" time="0.004" /><testcase classname="tests.test_observability.TestMetricsSnapshot" name="test_snapshot_contains_all_fields" time="0.004" /><testcase classname="tests.test_new_architecture.TestIntervalSimulator" name="test_home_ii_preserves_battery_during_day" time="0.005" /><testcase classname="tests.test_observability.TestMetricsSnapshot" name="test_snapshot_isolation" time="0.004" /><testcase classname="tests.test_new_architecture.TestIntervalSimulator" name="test_home_ii_discharges_at_night" time="0.004" /><testcase classname="tests.test_historical_scenarios" name="test_planner_passes_all_historical_scenarios[2025-03-20]" time="0.160" /><testcase classname="tests.test_new_architecture.TestIntervalSimulator" name="test_home_iii_all_solar_to_battery" time="0.004" /><testcase classname="tests.test_new_architecture.TestIntervalSimulator" name="test_home_iii_export_only_when_full" time="0.005" /><testcase classname="tests.test_new_architecture.TestIntervalSimulator" name="test_home_ups_charges_from_grid" time="0.004" /><testcase classname="tests.test_oig_cloud_api.TestOigCloudApi" name="test_try_get_stats_timeout" time="0.137" /><testcase classname="tests.test_new_architecture.TestIntervalSimulator" name="test_hw_minimum_stops_discharge" time="0.004" /><testcase classname="tests.test_new_architecture.TestIntervalSimulator" name="test_efficiency_applied_correctly" time="0.004" /><testcase classname="tests.test_oig_cloud_api.TestOigCloudApi" name="test_try_get_stats_connection_error" time="0.011" /><testcase classname="tests.test_new_architecture.TestIntervalSimulator" name="test_calculate_cost" time="0.004" /><testcase classname="tests.test_new_architecture.TestBalancingPlanFactories" name="test_create_natural_plan" time="0.004" /><testcase classname="tests.test_oig_cloud_api.TestOigCloudApi" name="test_set_box_mode" time="0.006" /><testcase classname="tests.test_new_architecture.TestBalancingPlanFactories" name="test_create_opportunistic_plan" time="0.004" /><testcase classname="tests.test_oig_cloud_api.TestOigCloudApi" name="test_set_grid_delivery_limit" time="0.007" /><testcase classname="tests.test_new_architecture.TestBalancingPlanFactories" name="test_create_forced_plan" time="0.004" /><testcase classname="tests.test_new_architecture.TestHybridStrategy" name="test_optimize_returns_modes_for_all_intervals" time="0.034" /><testcase classname="tests.test_oig_cloud_api.TestOigCloudApi" name="test_set_boiler_mode" time="0.007" /><testcase classname="tests.test_oig_cloud_api.TestOigCloudApi" name="test_set_box_mode_error" time="0.011" /><testcase classname="tests.test_oig_cloud_api.TestOigCloudApi" name="test_set_grid_delivery_limit_error" time="0.008" /><testcase classname="tests.test_new_architecture.TestHybridStrategy" name="test_optimize_prefers_cheap_charging" time="0.009" /><testcase classname="tests.test_oig_cloud_api.TestOigCloudApi" name="test_set_boiler_mode_error" time="0.009" /><testcase classname="tests.test_mode_recommendations" name="test_add_block_details_home_iii_solar" time="0.121" /><testcase classname="tests.test_mode_recommendations" name="test_add_block_details_ups_low_price" time="0.003" /><testcase classname="tests.test_new_architecture.TestHybridStrategy" name="test_optimize_handles_negative_prices" time="0.010" /><testcase classname="tests.test_oig_cloud_api" name="test_opentelemetry_import" time="0.123" /><testcase classname="tests.test_mode_recommendations" name="test_add_block_details_fallbacks" time="0.004" /><testcase classname="tests.test_oig_cloud_api.TestOigCloudApi" name="test_set_ssr_rele_errors" time="0.010" /><testcase classname="tests.test_new_architecture.TestHybridStrategy" name="test_optimize_respects_balancing_plan" time="0.006" /><testcase classname="tests.test_new_architecture.TestHybridStrategy" name="test_optimize_calculates_savings" time="0.035" /><testcase classname="tests.test_oig_cloud_api.TestOigCloudApi" name="test_ssl_context_cached" time="0.022" /><testcase classname="tests.test_oig_cloud_api.TestOigCloudApi" name="test_set_box_params_internal" time="0.012" /><testcase classname="tests.test_oig_cloud_api.TestOigCloudApi" name="test_get_connector_modes" time="0.023" /><testcase classname="tests.test_oig_cloud_api.TestOigCloudApi" name="test_set_box_params_internal_not_authenticated" time="0.007" /><testcase classname="tests.test_historical_scenarios" name="test_planner_passes_all_historical_scenarios[2025-03-21]" time="0.160" /><testcase classname="tests.test_oig_cloud_api.TestOigCloudApi" name="test_set_box_params_internal_failure" time="0.012" /><testcase classname="tests.test_new_architecture.TestFactoryFunctions" name="test_create_simulator" time="0.004" /><testcase classname="tests.test_new_architecture.TestIntegration" name="test_full_day_optimization" time="0.037" /><testcase classname="tests.test_oig_cloud_api.TestOigCloudApi" name="test_get_stats" time="0.011" /><testcase classname="tests.test_oig_cloud_api.TestOigCloudApi" name="test_set_grid_delivery" time="0.013" /><testcase classname="tests.test_oig_cloud_api.TestOigCloudApi" name="test_get_stats_etag_cache" time="0.011" /><testcase classname="tests.test_oig_cloud_api.TestOigCloudApi" name="test_set_grid_delivery_no_telemetry" time="0.006" /><testcase classname="tests.test_oig_cloud_api.TestOigCloudApi" name="test_authenticate_success" time="0.033" /><testcase classname="tests.test_oig_cloud_api.TestOigCloudApi" name="test_set_grid_delivery_no_box_id" time="0.006" /><testcase classname="tests.test_oig_cloud_api.TestOigCloudApi" name="test_set_grid_delivery_http_error" time="0.009" /><testcase classname="tests.test_oig_cloud_api.TestOigCloudApi" name="test_set_grid_delivery_exception" time="0.007" /><testcase classname="tests.test_oig_cloud_api.TestOigCloudApi" name="test_set_battery_formating_success" time="0.010" /><testcase classname="tests.test_mode_transition_tracker" name="test_async_setup_tracks_listener" time="0.118" /><testcase classname="tests.test_oig_cloud_api.TestOigCloudApi" name="test_authenticate_failure_wrong_response" time="0.046" /><testcase classname="tests.test_mode_transition_tracker" name="test_track_request_skips_same_mode" time="0.005" /><testcase classname="tests.test_oig_cloud_api.TestOigCloudApi" name="test_set_battery_formating_error" time="0.013" /><testcase classname="tests.test_mode_transition_tracker" name="test_async_mode_changed_updates_history" time="0.005" /><testcase classname="tests.test_oig_cloud_api.TestOigCloudApi" name="test_set_formating_mode" time="0.011" /><testcase classname="tests.test_mode_transition_tracker" name="test_get_offset_for_scenario_uses_p95" time="0.005" /><testcase classname="tests.test_mode_transition_tracker" name="test_async_load_historical_data_handles_missing" time="0.005" /><testcase classname="tests.test_oig_cloud_api.TestOigCloudApi" name="test_set_formating_mode_http_error" time="0.023" /><testcase classname="tests.test_mode_transition_tracker" name="test_async_load_historical_data_parses_transitions" time="0.006" /><testcase classname="tests.test_oig_cloud_api.TestOigCloudApi" name="test_authenticate_failure_http_error" time="0.031" /><testcase classname="tests.test_mode_transition_tracker" name="test_async_cleanup_unsubscribes" time="0.005" /><testcase classname="tests.test_oig_cloud_api.TestOigCloudApi" name="test_set_formating_mode_exception" time="0.007" /><testcase classname="tests.test_oig_cloud_api.TestOigCloudApi" name="test_get_extended_stats_cached" time="0.013" /><testcase classname="tests.test_oig_cloud_api.TestOigCloudApi" name="test_authenticate_timeout" time="0.037" /><testcase classname="tests.test_historical_scenarios" name="test_planner_passes_all_historical_scenarios[2025-03-22]" time="0.160" /><testcase classname="tests.test_oig_cloud_api.TestOigCloudApi" name="test_get_extended_stats_retry_success" time="0.014" /><testcase classname="tests.test_no_telemetry_normalization" name="test_resolve_no_telemetry_merges_entry_data_and_options[data_flag0-options_flag0-False]" time="0.117" /><testcase classname="tests.test_no_telemetry_normalization" name="test_resolve_no_telemetry_merges_entry_data_and_options[data_flag1-False-False]" time="0.004" /><testcase classname="tests.test_no_telemetry_normalization" name="test_resolve_no_telemetry_merges_entry_data_and_options[data_flag2-True-True]" time="0.004" /><testcase classname="tests.test_oig_cloud_api.TestOigCloudApi" name="test_get_extended_stats_json_error" time="0.012" /><testcase classname="tests.test_no_telemetry_normalization" name="test_resolve_no_telemetry_merges_entry_data_and_options[False-options_flag3-False]" time="0.004" /><testcase classname="tests.test_no_telemetry_normalization" name="test_resolve_no_telemetry_merges_entry_data_and_options[False-False-False]" time="0.004" /><testcase classname="tests.test_oig_cloud_api.TestOigCloudApi" name="test_authenticate_ssl_fallback_success" time="0.032" /><testcase classname="tests.test_oig_cloud_api.TestOigCloudApi" name="test_get_extended_stats_auth_retry" time="0.013" /><testcase classname="tests.test_no_telemetry_normalization" name="test_resolve_no_telemetry_merges_entry_data_and_options[False-True-True]" time="0.004" /><testcase classname="tests.test_no_telemetry_normalization" name="test_resolve_no_telemetry_merges_entry_data_and_options[True-options_flag6-True]" time="0.004" /><testcase classname="tests.test_no_telemetry_normalization" name="test_resolve_no_telemetry_merges_entry_data_and_options[True-False-True]" time="0.004" /><testcase classname="tests.test_oig_cloud_api.TestOigCloudApi" name="test_get_extended_stats_auth_retry_failed" time="0.009" /><testcase classname="tests.test_no_telemetry_normalization" name="test_resolve_no_telemetry_merges_entry_data_and_options[True-True-True]" time="0.004" /><testcase classname="tests.test_oig_cloud_api.TestOigCloudApi" name="test_get_extended_stats_http_error" time="0.012" /><testcase classname="tests.test_no_telemetry_normalization" name="test_service_shield_constructor_never_calls_legacy_simple_telemetry_setup[data_flag0-options_flag0-False]" time="0.005" /><testcase classname="tests.test_oig_cloud_api.TestOigCloudApi" name="test_authenticate_ssl_fallback_exhausted" time="0.010" /><testcase classname="tests.test_no_telemetry_normalization" name="test_service_shield_constructor_never_calls_legacy_simple_telemetry_setup[data_flag1-False-False]" time="0.004" /><testcase classname="tests.test_oig_cloud_api.TestOigCloudApi" name="test_get_extended_stats_retry_failure" time="0.015" /><testcase classname="tests.test_no_telemetry_normalization" name="test_service_shield_constructor_never_calls_legacy_simple_telemetry_setup[data_flag2-True-True]" time="0.004" /><testcase classname="tests.test_oig_cloud_api.TestOigCloudApi" name="test_authenticate_unexpected_error" time="0.042" /><testcase classname="tests.test_no_telemetry_normalization" name="test_service_shield_constructor_never_calls_legacy_simple_telemetry_setup[False-options_flag3-False]" time="0.005" /><testcase classname="tests.test_no_telemetry_normalization" name="test_service_shield_constructor_never_calls_legacy_simple_telemetry_setup[False-False-False]" time="0.005" /><testcase classname="tests.test_oig_cloud_api.TestOigCloudApi" name="test_get_extended_stats_exception" time="0.006" /><testcase classname="tests.test_models.TestModels" name="test_ac_in_b_data" time="0.130" /><testcase classname="tests.test_no_telemetry_normalization" name="test_service_shield_constructor_never_calls_legacy_simple_telemetry_setup[False-True-True]" time="0.005" /><testcase classname="tests.test_oig_cloud_api.TestOigCloudApi" name="test_get_notifications_no_device" time="0.008" /><testcase classname="tests.test_models.TestModels" name="test_ac_in_b_data_defaults" time="0.004" /><testcase classname="tests.test_no_telemetry_normalization" name="test_service_shield_constructor_never_calls_legacy_simple_telemetry_setup[True-options_flag6-True]" time="0.005" /><testcase classname="tests.test_models.TestModels" name="test_ac_in_data" time="0.006" /><testcase classname="tests.test_no_telemetry_normalization" name="test_service_shield_constructor_never_calls_legacy_simple_telemetry_setup[True-False-True]" time="0.006" /><testcase classname="tests.test_oig_cloud_api.TestOigCloudApi" name="test_get_notifications_empty_content" time="0.018" /><testcase classname="tests.test_models.TestModels" name="test_ac_out_data" time="0.005" /><testcase classname="tests.test_no_telemetry_normalization" name="test_service_shield_constructor_never_calls_legacy_simple_telemetry_setup[True-True-True]" time="0.006" /><testcase classname="tests.test_models.TestModels" name="test_ac_out_data_optional_fields" time="0.004" /><testcase classname="tests.test_oig_cloud_api.TestOigCloudApi" name="test_authenticate_no_ssl_modes_left" time="0.012" /><testcase classname="tests.test_no_telemetry_normalization" name="test_service_shield_logs_via_raw_emitter_after_lazy_binding" time="0.008" /><testcase classname="tests.test_models.TestModels" name="test_actual_data" time="0.006" /><testcase classname="tests.test_oig_cloud_api.TestOigCloudApi" name="test_get_notifications_success" time="0.014" /><testcase classname="tests.test_oig_cloud_api.TestOigCloudApi" name="test_get_session_not_authenticated" time="0.007" /><testcase classname="tests.test_no_telemetry_normalization" name="test_setup_service_shield_data_binds_entry_scoped_emitter" time="0.007" /><testcase classname="tests.test_models.TestModels" name="test_battery_data" time="0.006" /><testcase classname="tests.test_oig_cloud_api.TestOigCloudApi" name="test_get_session_headers" time="0.008" /><testcase classname="tests.test_oig_cloud_api.TestOigCloudApi" name="test_get_notifications_auth_retry_success" time="0.014" /><testcase classname="tests.test_no_telemetry_normalization" name="test_service_shield_log_telemetry_swallows_raw_emitter_failures" time="0.009" /><testcase classname="tests.test_historical_scenarios" name="test_planner_passes_all_historical_scenarios[2025-03-23]" time="0.143" /><testcase classname="tests.test_models.TestModels" name="test_battery_data_partial" time="0.007" /><testcase classname="tests.test_oig_cloud_api.TestOigCloudApi" name="test_try_get_stats_auth_retry" time="0.015" /><testcase classname="tests.test_models.TestModels" name="test_battery_params" time="0.005" /><testcase classname="tests.test_oig_cloud_api.TestOigCloudApi" name="test_get_notifications_auth_retry_failed" time="0.012" /><testcase classname="tests.test_models.TestModels" name="test_boiler_data" time="0.005" /><testcase classname="tests.test_oig_cloud_api.TestOigCloudApi" name="test_update_cache_with_etag" time="0.008" /><testcase classname="tests.test_models.TestModels" name="test_boiler_data_empty" time="0.005" /><testcase classname="tests.test_oig_cloud_api.TestOigCloudApi" name="test_get_notifications_http_error" time="0.010" /><testcase classname="tests.test_oig_cloud_api.TestOigCloudApi" name="test_get_stats_internal_timeout_cached" time="0.007" /><testcase classname="tests.test_models.TestModels" name="test_boiler_params" time="0.005" /><testcase classname="tests.test_models.TestModels" name="test_boiler_params_defaults" time="0.004" /><testcase classname="tests.test_oig_cloud_api.TestOigCloudApi" name="test_get_stats_internal_timeout_raises" time="0.008" /><testcase classname="tests.test_oig_cloud_api.TestOigCloudApi" name="test_get_notifications_timeout" time="0.009" /><testcase classname="tests.test_models.TestModels" name="test_box_data" time="0.004" /><testcase classname="tests.test_oig_cloud_api.TestOigCloudApi" name="test_get_stats_internal_connection_cached" time="0.006" /><testcase classname="tests.test_oig_cloud_api.TestOigCloudApi" name="test_get_notifications_connection_error" time="0.010" /><testcase classname="tests.test_models.TestModels" name="test_box_params" time="0.005" /><testcase classname="tests.test_oig_cloud_api.TestOigCloudApi" name="test_get_stats_internal_connection_raises" time="0.007" /><testcase classname="tests.test_models.TestModels" name="test_box_params2" time="0.004" /><testcase classname="tests.test_oig_cloud_api.TestOigCloudApi" name="test_get_notifications_exception" time="0.008" /><testcase classname="tests.test_models.TestModels" name="test_box_params2_defaults" time="0.005" /><testcase classname="tests.test_oig_cloud_api.TestOigCloudApi" name="test_get_stats_internal_unexpected_cached" time="0.007" /><testcase classname="tests.test_models.TestModels" name="test_box_params_no_sw" time="0.005" /><testcase classname="tests.test_oig_cloud_api.TestOigCloudApi" name="test_get_stats_internal_unexpected_raises" time="0.004" /><testcase classname="tests.test_oig_cloud_api.TestOigCloudApi" name="test_try_get_stats_304_retry_failure" time="0.010" /><testcase classname="tests.test_models.TestModels" name="test_dc_in_data" time="0.005" /><testcase classname="tests.test_models.TestModels" name="test_dc_in_data_defaults" time="0.005" /><testcase classname="tests.test_oig_cloud_api.TestOigCloudApi" name="test_try_get_stats_304_retry_success" time="0.012" /><testcase classname="tests.test_models.TestModels" name="test_device_data" time="0.004" /><testcase classname="tests.test_models.TestModels" name="test_invertor_params" time="0.005" /><testcase classname="tests.test_oig_cloud_api.TestOigCloudApi" name="test_try_get_stats_http_error" time="0.010" /><testcase classname="tests.test_models.TestModels" name="test_invertor_params1" time="0.004" /><testcase classname="tests.test_models.TestModels" name="test_oig_cloud_data_from_dict" time="0.005" /><testcase classname="tests.test_observability.TestRolloutMetrics" name="test_pv_defer_counter_increments" time="0.129" /><testcase classname="tests.test_models.TestModels" name="test_oig_cloud_device_data_battery_and_boiler_dict" time="0.005" /><testcase classname="tests.test_observability.TestRolloutMetrics" name="test_grid_charge_counter_increments" time="0.004" /><testcase classname="tests.test_models.TestModels" name="test_oig_cloud_device_data_from_dict" time="0.005" /><testcase classname="tests.test_historical_scenarios" name="test_planner_passes_all_historical_scenarios[2025-03-24]" time="0.168" /><testcase classname="tests.test_observability.TestRolloutMetrics" name="test_protection_bypass_counter_increments" time="0.004" /><testcase classname="tests.test_models.TestModels" name="test_oig_cloud_device_data_special_bat_c_case" time="0.005" /><testcase classname="tests.test_observability.TestRolloutMetrics" name="test_boiler_source_outcome_tracking" time="0.004" /><testcase classname="tests.test_oig_cloud_notification" name="test_parse_html_notifications" time="0.134" /><testcase classname="tests.test_oig_cloud_notification" name="test_parse_json_notifications_and_bypass_status" time="0.011" /><testcase classname="tests.test_oig_cloud_notification" name="test_parse_notification_fallback" time="0.004" /><testcase classname="tests.test_oig_cloud_notification" name="test_notification_manager_update_from_api" time="0.009" /><testcase classname="tests.test_oig_cloud_notification_manager_more2" name="test_manager_update_from_api_error_no_cache" time="0.138" /><testcase classname="tests.test_oig_cloud_notification_manager_more2" name="test_manager_update_from_api_exception_uses_cache_with_data" time="0.006" /><testcase classname="tests.test_oig_cloud_notification_manager_more2" name="test_manager_get_latest_notification_with_data" time="0.004" /><testcase classname="tests.test_oig_cloud_notification_manager_more2" name="test_create_notification_from_html_bypass" time="0.008" /><testcase classname="tests.test_morning_peak_avoidance" name="test_no_pre_charge_when_soc_sufficient" time="0.142" /><testcase classname="tests.test_oig_cloud_notification_more" name="test_manager_counts_and_latest" time="0.138" /><testcase classname="tests.test_oig_cloud_notification_manager_more2" name="test_parse_from_controller_call_paths" time="0.005" /><testcase classname="tests.test_morning_peak_avoidance" name="test_pre_charge_triggered_when_soc_low" time="0.006" /><testcase classname="tests.test_oig_cloud_notification_manager_more2" name="test_extract_html_from_json_response_errors" time="0.004" /><testcase classname="tests.test_oig_cloud_notification_more" name="test_load_notifications_handles_error" time="0.008" /><testcase classname="tests.test_oig_cloud_notification_manager_more2" name="test_parse_html_notifications_error_paths" time="0.005" /><testcase classname="tests.test_morning_peak_avoidance" name="test_economic_calculation_includes_round_trip" time="0.007" /><testcase classname="tests.test_historical_scenarios" name="test_planner_passes_all_historical_scenarios[2025-03-25]" time="0.129" /><testcase classname="tests.test_oig_cloud_notification_manager_more2" name="test_parse_json_notifications_error_paths" time="0.008" /><testcase classname="tests.test_morning_peak_avoidance" name="test_pv_first_overrides_peak_avoidance" time="0.006" /><testcase classname="tests.test_oig_cloud_notification_manager_more2" name="test_extract_show_notifications_payloads_and_paren_helpers" time="0.004" /><testcase classname="tests.test_morning_peak_avoidance" name="test_feature_flag_disables_logic" time="0.005" /><testcase classname="tests.test_oig_cloud_notification_manager_more2" name="test_parse_single_notification_exception" time="0.004" /><testcase classname="tests.test_morning_peak_avoidance" name="test_decision_trace_populated" time="0.009" /><testcase classname="tests.test_oig_cloud_notification_manager_more2" name="test_create_notification_from_html_error" time="0.004" /><testcase classname="tests.test_oig_cloud_notification_manager_more2" name="test_detect_bypass_status_error" time="0.003" /><testcase classname="tests.test_morning_peak_avoidance" name="test_skip_if_peak_less_than_one_hour_away" time="0.005" /><testcase classname="tests.test_oig_cloud_notification_manager_more2" name="test_determine_notification_type_variants" time="0.004" /><testcase classname="tests.test_morning_peak_avoidance" name="test_no_double_charge_if_economic_already_scheduled" time="0.006" /><testcase classname="tests.test_oig_cloud_notification_manager_more2" name="test_create_notification_from_json_edge_cases" time="0.004" /><testcase classname="tests.test_morning_peak_avoidance" name="test_do_not_exceed_max_capacity_fraction" time="0.005" /><testcase classname="tests.test_oig_cloud_notification_manager_more2" name="test_generate_nonce_and_latest_helpers" time="0.004" /><testcase classname="tests.test_oig_cloud_notification_manager_more2" name="test_parser_extract_html_from_json" time="0.125" /><testcase classname="tests.test_oig_cloud_notification_manager_more2" name="test_parse_notification_fallback" time="0.004" /><testcase classname="tests.test_morning_peak_avoidance" name="test_cheapest_intervals_selected" time="0.005" /><testcase classname="tests.test_oig_cloud_notification_manager_more2" name="test_manager_update_from_api_unexpected_response" time="0.006" /><testcase classname="tests.test_oig_cloud_notification_manager_more2" name="test_html_parser_early_returns" time="0.004" /><testcase classname="tests.test_oig_cloud_notification_manager_more2" name="test_manager_update_from_api_missing_get_notifications" time="0.007" /><testcase classname="tests.test_oig_cloud_notification_manager_more2" name="test_manager_update_from_api_success" time="0.007" /><testcase classname="tests.test_oig_cloud_notification_manager_more2" name="test_manager_update_from_api_exception_uses_cache" time="0.007" /><testcase classname="tests.test_oig_cloud_notification_manager_more2" name="test_manager_update_from_api_error_uses_cache" time="0.007" /><testcase classname="tests.test_oig_cloud_notification_manager_more2" name="test_manager_load_save_storage_errors" time="0.006" /><testcase classname="tests.test_oig_cloud_notification_manager_more2" name="test_manager_update_from_api_missing_method" time="0.006" /><testcase classname="tests.test_oig_cloud_notification_manager_more2" name="test_manager_load_storage_bad_notification" time="0.006" /><testcase classname="tests.test_oig_cloud_notification_manager_more2" name="test_update_notifications_error" time="0.007" /><testcase classname="tests.test_oig_cloud_notification_manager_more2" name="test_get_notifications_and_status_calls_update" time="0.005" /><testcase classname="tests.test_oig_cloud_session_manager" name="test_log_api_session_info_variants" time="0.148" /><testcase classname="tests.test_historical_scenarios" name="test_planner_passes_all_historical_scenarios[2025-03-26]" time="0.168" /><testcase classname="tests.test_oig_cloud_session_manager" name="test_is_session_expired" time="0.008" /><testcase classname="tests.test_oig_cloud_session_manager" name="test_api_property" time="0.009" /><testcase classname="tests.test_oig_cloud_session_manager" name="test_rate_limit" time="0.010" /><testcase classname="tests.test_oig_cloud_session_manager" name="test_call_with_retry_success" time="0.010" /><testcase classname="tests.test_mqtt_config" name="test_mqtt_constants_are_declared_in_const_module" time="0.134" /><testcase classname="tests.test_oig_cloud_session_manager" name="test_call_with_retry_auth_error" time="0.017" /><testcase classname="tests.test_mqtt_config" name="test_build_options_payload_uses_inert_mqtt_defaults" time="0.004" /><testcase classname="tests.test_mqtt_config" name="test_build_options_payload_maps_explicit_mqtt_settings" time="0.004" /><testcase classname="tests.test_mqtt_config" name="test_modules_schema_includes_mqtt_controls_with_defaults" time="0.005" /><testcase classname="tests.test_oig_cloud_session_manager" name="test_call_with_retry_unexpected_error" time="0.014" /><testcase classname="tests.test_mqtt_config" name="test_options_flow_init_prefills_existing_mqtt_settings" time="0.005" /><testcase classname="tests.test_ote_api" name="test_get_dam_period_prices_parses" time="0.126" /><testcase classname="tests.test_mqtt_config" name="test_manifest_declares_paho_mqtt_requirement" time="0.004" /><testcase classname="tests.test_ote_api" name="test_get_dam_period_prices_skips_invalid" time="0.005" /><testcase classname="tests.test_oig_cloud_session_manager" name="test_get_statistics_populates_rates" time="0.009" /><testcase classname="tests.test_ote_api" name="test_get_dam_period_prices_missing_elements" time="0.005" /><testcase classname="tests.test_oig_cloud_notification_more" name="test_parse_html_and_deduplicate" time="0.125" /><testcase classname="tests.test_oig_cloud_session_manager" name="test_log_api_session_info_with_errors" time="0.012" /><testcase classname="tests.test_ote_api" name="test_cnb_rate_get_day_rates" time="0.005" /><testcase classname="tests.test_oig_cloud_notification_more" name="test_extract_html_from_json_wrapper" time="0.003" /><testcase classname="tests.test_ote_api" name="test_cnb_rate_get_day_rates_failure" time="0.005" /><testcase classname="tests.test_oig_cloud_notification_more" name="test_extract_show_notifications_payloads_and_json_objects" time="0.004" /><testcase classname="tests.test_oig_cloud_session_manager" name="test_ensure_auth_failure" time="0.009" /><testcase classname="tests.test_oig_cloud_notification_more" name="test_parse_single_notification_invalid_json" time="0.004" /><testcase classname="tests.test_ote_api" name="test_cnb_rate_get_current_rates_cache" time="0.005" /><testcase classname="tests.test_oig_cloud_notification_more" name="test_html_parser_row2_without_dash" time="0.004" /><testcase classname="tests.test_ote_api" name="test_cnb_rate_get_current_rates_updates" time="0.005" /><testcase classname="tests.test_oig_cloud_session_manager" name="test_ensure_auth_success_updates_session" time="0.011" /><testcase classname="tests.test_oig_cloud_notification_more" name="test_extract_html_from_json_wrapper_invalid" time="0.004" /><testcase classname="tests.test_ote_api" name="test_get_cnb_exchange_rate" time="0.005" /><testcase classname="tests.test_oig_cloud_notification_more" name="test_detect_bypass_status_compact_indicators" time="0.004" /><testcase classname="tests.test_ote_api" name="test_get_cnb_exchange_rate_cached" time="0.005" /><testcase classname="tests.test_oig_cloud_notification_more" name="test_parse_czech_datetime_invalid" time="0.004" /><testcase classname="tests.test_oig_cloud_session_manager" name="test_auth_failure_emits_once_until_success_resets_dedupe" time="0.019" /><testcase classname="tests.test_oig_cloud_notification_more" name="test_detect_bypass_status_tokens" time="0.005" /><testcase classname="tests.test_ote_api" name="test_get_spot_prices_uses_cache" time="0.006" /><testcase classname="tests.test_historical_scenarios" name="test_planner_passes_all_historical_scenarios[2025-03-27]" time="0.196" /><testcase classname="tests.test_oig_cloud_notification_more" name="test_determine_notification_type_keywords" time="0.006" /><testcase classname="tests.test_ote_api" name="test_get_spot_prices_fetch_and_fallback" time="0.008" /><testcase classname="tests.test_oig_cloud_session_manager" name="test_auth_failure_dedupe_state_is_entry_scoped" time="0.020" /><testcase classname="tests.test_oig_cloud_notification_more" name="test_parse_html_notifications_error_path" time="0.005" /><testcase classname="tests.test_ote_api" name="test_get_spot_prices_force_today" time="0.007" /><testcase classname="tests.test_oig_cloud_notification_more" name="test_determine_notification_type_fallback_warning" time="0.005" /><testcase classname="tests.test_ote_api" name="test_get_spot_prices_after_13" time="0.006" /><testcase classname="tests.test_oig_cloud_notification_more" name="test_create_notification_from_json_time_invalid" time="0.005" /><testcase classname="tests.test_oig_cloud_session_manager" name="test_retry_exhaustion_emits_once_until_success_resets_dedupe" time="0.015" /><testcase classname="tests.test_ote_api" name="test_get_spot_prices_retry_tomorrow_missing" time="0.006" /><testcase classname="tests.test_oig_cloud_notification_more" name="test_create_notification_from_html_fallback_warning" time="0.004" /><testcase classname="tests.test_oig_cloud_notification_more" name="test_determine_notification_type_css_level_zero" time="0.004" /><testcase classname="tests.test_ote_api" name="test_get_spot_prices_no_data_uses_cache" time="0.006" /><testcase classname="tests.test_mqtt_publisher" name="test_emit_cloud_event_enqueues_without_waiting_for_delivery" time="0.124" /><testcase classname="tests.test_oig_cloud_notification_more" name="test_clean_json_string_fixes_formatting" time="0.004" /><testcase classname="tests.test_oig_cloud_session_manager" name="test_incident_emitter_failure_logs_canonical_warning_without_secret_text" time="0.014" /><testcase classname="tests.test_ote_api" name="test_get_spot_prices_empty_build_returns_cache" time="0.008" /><testcase classname="tests.test_oig_cloud_notification_more" name="test_create_notification_from_json_parses_timestamp" time="0.004" /><testcase classname="tests.test_oig_cloud_notification_more" name="test_get_priority_name" time="0.004" /><testcase classname="tests.test_mqtt_publisher" name="test_emit_cloud_event_accepts_serialized_payload" time="0.008" /><testcase classname="tests.test_ote_api" name="test_get_spot_prices_retry_tomorrow_error" time="0.006" /><testcase classname="tests.test_oig_cloud_notification_more" name="test_parse_notification_fallback" time="0.005" /><testcase classname="tests.test_oig_cloud_session_manager" name="test_ensure_auth_skips_when_session_valid" time="0.009" /><testcase classname="tests.test_ote_api" name="test_get_spot_prices_tomorrow_empty_returns_empty" time="0.007" /><testcase classname="tests.test_oig_cloud_notification_more" name="test_manager_save_and_load_storage" time="0.007" /><testcase classname="tests.test_oig_cloud_session_manager" name="test_wrapper_methods_cover_args" time="0.014" /><testcase classname="tests.test_ote_api" name="test_ensure_tomorrow_data_already_present" time="0.005" /><testcase classname="tests.test_ote_api" name="test_ensure_tomorrow_data_missing_fetch_empty" time="0.006" /><testcase classname="tests.test_oig_cloud_notification_more" name="test_manager_refresh_data" time="0.006" /><testcase classname="tests.test_ote_api" name="test_get_spot_prices_full_success" time="0.006" /><testcase classname="tests.test_oig_cloud_session_manager" name="test_close_resets_state" time="0.012" /><testcase classname="tests.test_oig_cloud_notification_more" name="test_update_from_api_success" time="0.009" /><testcase classname="tests.test_oig_cloud_notification_more" name="test_update_from_api_missing_device_id" time="0.006" /><testcase classname="tests.test_ote_api" name="test_get_spot_prices_fallback_to_cache_on_error" time="0.051" /><testcase classname="tests.test_oig_cloud_notification_more" name="test_update_from_api_missing_method_uses_cache" time="0.008" /><testcase classname="tests.test_oig_cloud_notification_more" name="test_update_from_api_error_uses_cache" time="0.008" /><testcase classname="tests.test_ote_api" name="test_get_spot_prices_error_no_cache" time="0.023" /><testcase classname="tests.test_ote_api" name="test_cnb_rate_retries" time="0.006" /><testcase classname="tests.test_historical_scenarios" name="test_planner_passes_all_historical_scenarios[2025-03-28]" time="0.165" /><testcase classname="tests.test_ote_api" name="test_format_spot_data_empty" time="0.006" /><testcase classname="tests.test_plan_storage_aggregate" name="test_aggregate_daily_no_store" time="0.130" /><testcase classname="tests.test_ote_api" name="test_has_data_for_date_helpers" time="0.003" /><testcase classname="tests.test_plan_storage_aggregate" name="test_aggregate_daily_empty_plan" time="0.006" /><testcase classname="tests.test_ote_api" name="test_should_fetch_new_data" time="0.004" /><testcase classname="tests.test_plan_storage_aggregate" name="test_aggregate_daily_missing_plan" time="0.005" /><testcase classname="tests.test_ote_api" name="test_download_soap_success" time="0.006" /><testcase classname="tests.test_plan_storage_aggregate" name="test_aggregate_daily_save_error" time="0.006" /><testcase classname="tests.test_ote_api" name="test_download_soap_error" time="0.007" /><testcase classname="tests.test_plan_storage_aggregate" name="test_aggregate_weekly_no_store" time="0.006" /><testcase classname="tests.test_ote_api" name="test_get_current_15min_interval" time="0.135" /><testcase classname="tests.test_plan_storage_aggregate" name="test_aggregate_weekly_cleanup" time="0.021" /><testcase classname="tests.test_ote_api" name="test_get_15min_price_for_interval" time="0.003" /><testcase classname="tests.test_ote_api" name="test_ote_api_close_noop" time="0.007" /><testcase classname="tests.test_planner_observability.TestUPSDecisionEnums" name="test_reason_enum_values" time="0.134" /><testcase classname="tests.test_plan_storage_aggregate" name="test_aggregate_weekly_invalid_week_key" time="0.007" /><testcase classname="tests.test_ote_api" name="test_soap_headers" time="0.004" /><testcase classname="tests.test_planner_observability.TestUPSIntervalDecision" name="test_decision_creation_with_required_fields" time="0.004" /><testcase classname="tests.test_ote_api" name="test_parse_period_interval_dst_suffix" time="0.004" /><testcase classname="tests.test_plan_storage_aggregate" name="test_aggregate_weekly_save_error" time="0.006" /><testcase classname="tests.test_planner_observability.TestUPSIntervalDecision" name="test_decision_creation_with_optional_fields" time="0.005" /><testcase classname="tests.test_ote_api" name="test_parse_period_interval_first_occurrence" time="0.004" /><testcase classname="tests.test_plan_storage_aggregate" name="test_backfill_daily_archive_from_storage" time="0.006" /><testcase classname="tests.test_planner_observability.TestUPSIntervalDecision" name="test_decision_to_dict_serialization" time="0.006" /><testcase classname="tests.test_ote_api" name="test_parse_period_interval_overflow" time="0.004" /><testcase classname="tests.test_plan_storage_aggregate" name="test_backfill_daily_archive_no_store" time="0.005" /><testcase classname="tests.test_ote_api" name="test_aggregate_quarter_to_hour" time="0.004" /><testcase classname="tests.test_planner_observability.TestCreateUPSDecision" name="test_factory_creates_decision_with_all_fields" time="0.004" /><testcase classname="tests.test_planner_observability.TestCreateUPSDecision" name="test_factory_with_defaults" time="0.004" /><testcase classname="tests.test_plan_storage_aggregate" name="test_backfill_daily_archive_no_detailed" time="0.005" /><testcase classname="tests.test_planner_observability.TestPlannerDecisionLog" name="test_empty_log" time="0.003" /><testcase classname="tests.test_ote_api" name="test_is_cache_valid_requires_tomorrow_after_13" time="0.005" /><testcase classname="tests.test_plan_storage_aggregate" name="test_backfill_daily_archive_error" time="0.006" /><testcase classname="tests.test_planner_observability.TestPlannerDecisionLog" name="test_add_decision" time="0.004" /><testcase classname="tests.test_ote_api" name="test_is_cache_valid_missing_today" time="0.006" /><testcase classname="tests.test_planner_observability.TestPlannerDecisionLog" name="test_get_decisions_by_action" time="0.004" /><testcase classname="tests.test_plan_storage_aggregate" name="test_backfill_daily_archive_skip_existing" time="0.006" /><testcase classname="tests.test_ote_api" name="test_cache_helpers" time="0.008" /><testcase classname="tests.test_planner_observability.TestPlannerDecisionLog" name="test_get_decisions_by_reason" time="0.004" /><testcase classname="tests.test_planner_observability.TestPlannerDecisionLog" name="test_get_decision_for_interval" time="0.004" /><testcase classname="tests.test_ote_api" name="test_cache_helpers_no_path" time="0.005" /><testcase classname="tests.test_planner_observability.TestPlannerDecisionLog" name="test_get_solar_fill_blocked_decisions" time="0.004" /><testcase classname="tests.test_ote_api" name="test_cache_helpers_bad_cache" time="0.007" /><testcase classname="tests.test_planner_observability.TestPlannerDecisionLog" name="test_log_to_dict_serialization" time="0.005" /><testcase classname="tests.test_planner_observability.TestDecisionFormatting" name="test_format_decision_summary" time="0.004" /><testcase classname="tests.test_ote_api" name="test_async_cache_load_failure" time="0.006" /><testcase classname="tests.test_planner_observability.TestDecisionFormatting" name="test_format_decision_log_summary" time="0.004" /><testcase classname="tests.test_historical_scenarios" name="test_planner_passes_all_historical_scenarios[2025-03-29]" time="0.171" /><testcase classname="tests.test_planner_observability.TestPayloadContract" name="test_payload_has_future_solar_fill" time="0.005" /><testcase classname="tests.test_ote_api" name="test_persist_cache_creates_dir" time="0.008" /><testcase classname="tests.test_ote_api_exception_coverage" name="test_load_cached_spot_prices_sync_exception_when_cache_file_corrupted" time="0.133" /><testcase classname="tests.test_planner_observability.TestPayloadContract" name="test_payload_has_preserved_headroom" time="0.004" /><testcase classname="tests.test_ote_api_exception_coverage" name="test_load_cached_spot_prices_sync_exception_when_cache_file_load_fails" time="0.006" /><testcase classname="tests.test_ote_api" name="test_persist_cache_sync_error" time="0.006" /><testcase classname="tests.test_planner_observability.TestPayloadContract" name="test_payload_has_export_or_curtailment_penalty" time="0.004" /><testcase classname="tests.test_planner_observability.TestPayloadContract" name="test_payload_has_decision_reason" time="0.004" /><testcase classname="tests.test_ote_api" name="test_async_persist_cache_failure" time="0.008" /><testcase classname="tests.test_planner_observability.TestPayloadContract" name="test_payload_has_price_and_soc_context" time="0.004" /><testcase classname="tests.test_ote_api" name="test_format_spot_data_includes_15m_prices" time="0.008" /><testcase classname="tests.test_planner_observability.TestInsertionPointsMap" name="test_insertion_points_documented_in_module" time="0.004" /><testcase classname="tests.test_planner_observability.TestInsertionPointsMap" name="test_all_reason_codes_cover_insertion_points" time="0.005" /><testcase classname="tests.test_ote_api" name="test_dam_period_query" time="0.004" /><testcase classname="tests.test_ote_api" name="test_parse_soap_response_fault" time="0.005" /><testcase classname="tests.test_ote_api" name="test_parse_soap_response_invalid" time="0.004" /><testcase classname="tests.test_ote_api" name="test_parse_soap_response_portal_unavailable" time="0.005" /><testcase classname="tests.test_ote_api" name="test_download_rates_validation_error" time="0.022" /><testcase classname="tests.test_plan_storage_baseline" name="test_is_baseline_plan_invalid" time="0.121" /><testcase classname="tests.test_plan_storage_baseline" name="test_create_baseline_plan_with_hybrid_timeline" time="0.010" /><testcase classname="tests.test_ote_api" name="test_download_rates_http_error" time="0.006" /><testcase classname="tests.test_plan_storage_baseline" name="test_create_baseline_plan_from_storage_fallback" time="0.008" /><testcase classname="tests.test_ote_api" name="test_download_rates_success" time="0.006" /><testcase classname="tests.test_plan_storage_baseline" name="test_ensure_plan_exists" time="0.006" /><testcase classname="tests.test_physics" name="test_home_i_grid_import_on_remaining_deficit" time="0.130" /><testcase classname="tests.test_physics" name="test_night_optimization_uses_battery_and_grid" time="0.004" /><testcase classname="tests.test_physics" name="test_home_i_surplus_charges_and_exports" time="0.004" /><testcase classname="tests.test_physics" name="test_home_ii_grid_export_on_remaining_surplus" time="0.004" /><testcase classname="tests.test_historical_scenarios" name="test_planner_passes_all_historical_scenarios[2025-03-30]" time="0.177" /><testcase classname="tests.test_physics" name="test_home_ii_deficit_imports_from_grid" time="0.004" /><testcase classname="tests.test_planner_recommended_sensor" name="test_compute_state_and_attrs_with_detail_tabs" time="0.132" /><testcase classname="tests.test_physics" name="test_home_iii_charges_and_exports" time="0.004" /><testcase classname="tests.test_planner_recommended_sensor" name="test_init_with_entity_category_and_resolve_error" time="0.004" /><testcase classname="tests.test_physics" name="test_home_ups_charges_from_solar_and_grid" time="0.004" /><testcase classname="tests.test_planner_recommended_sensor" name="test_normalize_mode_label" time="0.004" /><testcase classname="tests.test_physics" name="test_home_ups_exports_remaining_solar" time="0.004" /><testcase classname="tests.test_planner_recommended_sensor" name="test_parse_local_start_none" time="0.004" /><testcase classname="tests.test_physics" name="test_unknown_mode_falls_back_to_home_i" time="0.004" /><testcase classname="tests.test_planner_recommended_sensor" name="test_parse_interval_time" time="0.004" /><testcase classname="tests.test_planner_recommended_sensor" name="test_get_auto_switch_lead_seconds" time="0.004" /><testcase classname="tests.test_planner_recommended_sensor" name="test_get_auto_switch_lead_seconds_exception" time="0.005" /><testcase classname="tests.test_planner_recommended_sensor" name="test_compute_state_and_attrs_no_payload" time="0.004" /><testcase classname="tests.test_planner_recommended_sensor" name="test_compute_state_and_attrs_timeline_only" time="0.004" /><testcase classname="tests.test_planner_recommended_sensor" name="test_compute_state_and_attrs_detail_tabs_timeline_current" time="0.004" /><testcase classname="tests.test_planner_recommended_sensor" name="test_compute_state_and_attrs_lead_seconds_zero" time="0.133" /><testcase classname="tests.test_planner_recommended_sensor" name="test_compute_state_and_attrs_detail_tabs_skips_and_breaks" time="0.005" /><testcase classname="tests.test_planner_recommended_sensor" name="test_get_forecast_payload_from_coordinator" time="0.004" /><testcase classname="tests.test_plan_storage_baseline_more" name="test_create_baseline_plan_no_store" time="0.138" /><testcase classname="tests.test_planner_recommended_sensor" name="test_compute_state_and_attrs_detail_tabs_fallback_to_timeline" time="0.005" /><testcase classname="tests.test_planner_recommended_sensor" name="test_async_refresh_precomputed_payload" time="0.006" /><testcase classname="tests.test_plan_storage_baseline_more" name="test_ensure_plan_exists_already" time="0.006" /><testcase classname="tests.test_planner_recommended_sensor" name="test_compute_state_and_attrs_timeline_skips_invalid" time="0.005" /><testcase classname="tests.test_planner_recommended_sensor" name="test_async_recompute_sets_state" time="0.006" /><testcase classname="tests.test_plan_storage_baseline_more" name="test_ensure_plan_exists_not_today" time="0.007" /><testcase classname="tests.test_planner_recommended_sensor" name="test_compute_state_and_attrs_next_mode_invalid_time" time="0.005" /><testcase classname="tests.test_planner_recommended_sensor" name="test_async_recompute_writes_state" time="0.008" /><testcase classname="tests.test_plan_storage_baseline_more" name="test_ensure_plan_exists_midnight" time="0.006" /><testcase classname="tests.test_planner_recommended_sensor" name="test_compute_state_and_attrs_next_mode_invalid_time_timeline" time="0.006" /><testcase classname="tests.test_planner_recommended_sensor" name="test_async_recompute_no_change" time="0.006" /><testcase classname="tests.test_planner_recommended_sensor" name="test_compute_state_and_attrs_min_recommended_interval" time="0.004" /><testcase classname="tests.test_planner_recommended_sensor" name="test_async_recompute_handles_exception" time="0.005" /><testcase classname="tests.test_planner_recommended_sensor" name="test_compute_state_and_attrs_min_interval_detail_intervals" time="0.005" /><testcase classname="tests.test_planner_recommended_sensor" name="test_available_and_extra_attrs" time="0.004" /><testcase classname="tests.test_planner_recommended_sensor" name="test_async_added_to_hass_setup_and_recompute" time="0.006" /><testcase classname="tests.test_planner_recommended_sensor" name="test_async_added_to_hass_triggers_callbacks" time="0.006" /><testcase classname="tests.test_planner_recommended_sensor" name="test_async_added_to_hass_handles_errors" time="0.006" /><testcase classname="tests.test_plan_storage_aggregate" name="test_aggregate_daily_saves_and_cleans" time="0.148" /><testcase classname="tests.test_planner_recommended_sensor" name="test_async_will_remove_from_hass" time="0.005" /><testcase classname="tests.test_planner_recommended_sensor" name="test_handle_coordinator_update" time="0.006" /><testcase classname="tests.test_plan_storage_aggregate" name="test_aggregate_weekly_success" time="0.008" /><testcase classname="tests.test_plan_storage_aggregate" name="test_aggregate_weekly_no_days" time="0.007" /><testcase classname="tests.test_plan_storage_baseline_more2" name="test_is_baseline_plan_invalid_low_consumption" time="0.143" /><testcase classname="tests.test_plan_storage_baseline_more2" name="test_create_baseline_plan_daily_plan_state" time="0.006" /><testcase classname="tests.test_plan_storage_baseline_more2" name="test_create_baseline_plan_no_fallback" time="0.006" /><testcase classname="tests.test_precompute" name="test_schedule_precompute_throttle" time="0.156" /><testcase classname="tests.test_plan_storage_baseline_more2" name="test_create_baseline_plan_history_and_save_fail" time="0.010" /><testcase classname="tests.test_precompute" name="test_schedule_precompute_creates_task" time="0.004" /><testcase classname="tests.test_precompute" name="test_schedule_precompute_prefers_background_task" time="0.004" /><testcase classname="tests.test_plan_storage_baseline_more2" name="test_create_baseline_plan_exception" time="0.007" /><testcase classname="tests.test_plan_storage_baseline_more2" name="test_ensure_plan_exists_retry_and_emergency" time="0.006" /><testcase classname="tests.test_history_helpers" name="test_safe_float_and_build_ids" time="0.145" /><testcase classname="tests.test_history_helpers" name="test_select_interval_states_in_range_and_neighbors" time="0.004" /><testcase classname="tests.test_planner_timeline" name="test_build_planner_timeline" time="0.150" /><testcase classname="tests.test_history_helpers" name="test_calc_delta_kwh_handles_edge_cases" time="0.005" /><testcase classname="tests.test_history_helpers" name="test_get_values_and_parse_start" time="0.004" /><testcase classname="tests.test_planner_timeline" name="test_build_planner_timeline_uses_solar_forecast" time="0.005" /><testcase classname="tests.test_history_helpers" name="test_build_actual_interval_entry_rounding" time="0.004" /><testcase classname="tests.test_planner_timeline" name="test_build_planner_timeline_breaks" time="0.005" /><testcase classname="tests.test_history_helpers" name="test_fetch_interval_from_history_basic" time="0.006" /><testcase classname="tests.test_planning_api" name="test_activate_deactivate_plan" time="0.161" /><testcase classname="tests.test_history_helpers" name="test_fetch_interval_from_history_no_hass" time="0.006" /><testcase classname="tests.test_planner_timeline" name="test_format_planner_reason" time="0.004" /><testcase classname="tests.test_planning_api" name="test_activate_deactivate_plan_error" time="0.008" /><testcase classname="tests.test_planner_timeline" name="test_attach_planner_reasons" time="0.005" /><testcase classname="tests.test_history_helpers" name="test_fetch_interval_from_history_no_states" time="0.006" /><testcase classname="tests.test_planner_timeline" name="test_add_decision_reasons_to_timeline" time="0.010" /><testcase classname="tests.test_planning_api" name="test_setup_planning_api_views" time="0.004" /><testcase classname="tests.test_history_helpers" name="test_fetch_interval_from_history_exception" time="0.006" /><testcase classname="tests.test_planner_timeline" name="test_add_decision_reasons_to_timeline_branches" time="0.005" /><testcase classname="tests.test_history_helpers" name="test_fetch_mode_history_uses_recorder_executor" time="0.006" /><testcase classname="tests.test_planner_timeline" name="test_add_decision_reasons_empty_timeline" time="0.004" /><testcase classname="tests.test_history_helpers" name="test_patch_existing_actual" time="0.006" /><testcase classname="tests.test_history_helpers" name="test_build_new_actual_intervals" time="0.006" /><testcase classname="tests.test_history_helpers" name="test_normalize_mode_history" time="0.004" /><testcase classname="tests.test_history_helpers" name="test_expand_modes_to_intervals" time="0.004" /><testcase classname="tests.test_history_helpers" name="test_fetch_mode_history_from_recorder_no_hass" time="0.005" /><testcase classname="tests.test_history_helpers" name="test_fetch_mode_history_from_recorder_empty" time="0.006" /><testcase classname="tests.test_history_helpers" name="test_fetch_mode_history_from_recorder_import_error" time="0.006" /><testcase classname="tests.test_precompute_unified_tile" name="test_precompute_ui_data_saves_payload" time="0.152" /><testcase classname="tests.test_history_helpers" name="test_fetch_mode_history_from_recorder_empty_states" time="0.005" /><testcase classname="tests.test_plan_storage_daily" name="test_maybe_fix_daily_plan_keeps_existing" time="0.145" /><testcase classname="tests.test_history_helpers" name="test_fetch_mode_history_from_recorder_exception" time="0.005" /><testcase classname="tests.test_precompute_unified_tile" name="test_precompute_ui_data_skips_without_store" time="0.006" /><testcase classname="tests.test_plan_storage_daily" name="test_maybe_fix_daily_plan_archives_and_builds" time="0.006" /><testcase classname="tests.test_precompute_unified_tile" name="test_precompute_ui_data_handles_detail_tabs_error" time="0.005" /><testcase classname="tests.test_history_helpers" name="test_fetch_mode_history_from_recorder_filters_states" time="0.006" /><testcase classname="tests.test_plan_storage_daily" name="test_maybe_fix_daily_plan_baseline_creation" time="0.006" /><testcase classname="tests.test_precompute_unified_tile" name="test_schedule_precompute_skips_recent" time="0.004" /><testcase classname="tests.test_history_helpers" name="test_map_mode_name_to_id_unknown" time="0.003" /><testcase classname="tests.test_plan_storage_daily" name="test_maybe_fix_daily_plan_baseline_failure" time="0.006" /><testcase classname="tests.test_history_helpers" name="test_map_mode_name_to_id_fallbacks" time="0.004" /><testcase classname="tests.test_history_helpers" name="test_build_historical_modes_lookup" time="0.005" /><testcase classname="tests.test_plan_storage_daily" name="test_maybe_fix_daily_plan_baseline_exists" time="0.006" /><testcase classname="tests.test_precompute_unified_tile" name="test_schedule_precompute_skips_running" time="0.004" /><testcase classname="tests.test_precompute_unified_tile" name="test_schedule_precompute_creates_task" time="0.004" /><testcase classname="tests.test_precompute_unified_tile" name="test_build_unified_cost_tile_success" time="0.005" /><testcase classname="tests.test_history_helpers" name="test_build_historical_modes_lookup_no_hass" time="0.005" /><testcase classname="tests.test_precompute_unified_tile" name="test_build_unified_cost_tile_handles_error" time="0.006" /><testcase classname="tests.test_plan_storage_daily" name="test_maybe_fix_daily_plan_missing_mode_result" time="0.005" /><testcase classname="tests.test_history_helpers" name="test_update_actual_from_history_no_plan" time="0.005" /><testcase classname="tests.test_plan_storage_daily" name="test_maybe_fix_daily_plan_archive_save_error" time="0.006" /><testcase classname="tests.test_history_helpers" name="test_update_actual_from_history_updates" time="0.005" /><testcase classname="tests.test_planning_auto_switch" name="test_auto_mode_switch_enabled" time="0.139" /><testcase classname="tests.test_history_helpers" name="test_update_actual_from_history_existing_state" time="0.007" /><testcase classname="tests.test_plan_storage_daily" name="test_maybe_fix_daily_plan_invalid_times" time="0.007" /><testcase classname="tests.test_plan_storage_daily" name="test_maybe_fix_daily_plan_missing_attr" time="0.007" /><testcase classname="tests.test_planning_auto_switch" name="test_normalize_service_mode" time="0.005" /><testcase classname="tests.test_planning_auto_switch" name="test_get_last_mode_change_time_branches" time="0.004" /><testcase classname="tests.test_plan_storage_daily" name="test_maybe_fix_daily_plan_preserves_actual" time="0.008" /><testcase classname="tests.test_planning_api" name="test_active_plan_missing_system" time="0.141" /><testcase classname="tests.test_planning_auto_switch" name="test_get_last_mode_change_time_exception" time="0.005" /><testcase classname="tests.test_planning_api" name="test_active_plan_none" time="0.005" /><testcase classname="tests.test_plan_storage_daily" name="test_archive_daily_plan_no_state" time="0.006" /><testcase classname="tests.test_planning_auto_switch" name="test_get_planned_mode_for_time" time="0.004" /><testcase classname="tests.test_planning_api" name="test_active_plan_success" time="0.006" /><testcase classname="tests.test_planning_auto_switch" name="test_cancel_auto_switch_schedule_clears_handles" time="0.006" /><testcase classname="tests.test_planning_api" name="test_active_plan_error" time="0.006" /><testcase classname="tests.test_planning_auto_switch" name="test_schedule_auto_switch_retry_sets_unsub" time="0.004" /><testcase classname="tests.test_planning_api" name="test_plan_list_success" time="0.005" /><testcase classname="tests.test_planning_auto_switch" name="test_get_current_box_mode" time="0.005" /><testcase classname="tests.test_planning_api" name="test_plan_list_invalid_filter" time="0.006" /><testcase classname="tests.test_planning_auto_switch" name="test_cancel_auto_switch_schedule_handles_errors" time="0.006" /><testcase classname="tests.test_planning_api" name="test_plan_list_missing_system" time="0.005" /><testcase classname="tests.test_planning_auto_switch" name="test_clear_auto_switch_retry_handles_error" time="0.007" /><testcase classname="tests.test_planning_api" name="test_plan_detail_not_found" time="0.005" /><testcase classname="tests.test_planning_auto_switch" name="test_start_stop_watchdog" time="0.006" /><testcase classname="tests.test_planning_api" name="test_plan_detail_missing_system" time="0.005" /><testcase classname="tests.test_planning_auto_switch" name="test_auto_switch_watchdog_tick" time="0.008" /><testcase classname="tests.test_planning_api" name="test_plan_detail_error" time="0.006" /><testcase classname="tests.test_planning_auto_switch" name="test_get_planned_mode_for_time_invalid" time="0.004" /><testcase classname="tests.test_planning_api" name="test_plan_detail_success" time="0.005" /><testcase classname="tests.test_planning_auto_switch" name="test_schedule_auto_switch_retry_skip" time="0.004" /><testcase classname="tests.test_planning_api" name="test_create_manual_plan_missing_fields" time="0.007" /><testcase classname="tests.test_presentation_detail_tabs_more" name="test_build_hybrid_detail_tabs_invalid_tab_warns" time="0.134" /><testcase classname="tests.test_planning_api" name="test_create_manual_plan_missing_system" time="0.007" /><testcase classname="tests.test_presentation_detail_tabs_more" name="test_build_hybrid_detail_tabs_calls_build_timeline" time="0.016" /><testcase classname="tests.test_planning_auto_switch" name="test_get_mode_switch_offset" time="0.014" /><testcase classname="tests.test_planning_api" name="test_create_manual_plan_success" time="0.011" /><testcase classname="tests.test_planning_auto_switch" name="test_get_service_shield" time="0.009" /><testcase classname="tests.test_presentation_detail_tabs_more" name="test_build_hybrid_detail_tabs_with_intervals" time="0.006" /><testcase classname="tests.test_planning_api" name="test_create_manual_plan_error" time="0.007" /><testcase classname="tests.test_home_ii_deficit_critical_bug.TestHOMEIIDeficitBehavior" name="test_home_ii_surplus_charges_battery" time="0.150" /><testcase classname="tests.test_presentation_detail_tabs_more" name="test_build_detail_tabs_decorates" time="0.005" /><testcase classname="tests.test_planning_auto_switch" name="test_execute_mode_change_branches" time="0.009" /><testcase classname="tests.test_home_ii_deficit_critical_bug.TestHOMEIIDeficitBehavior" name="test_home_ii_deficit_uses_grid_NOT_battery" time="0.004" /><testcase classname="tests.test_home_ii_deficit_critical_bug.TestHOMEIIDeficitBehavior" name="test_home_ii_night_discharges_normally" time="0.004" /><testcase classname="tests.test_planning_api" name="test_activate_plan_missing_system" time="0.005" /><testcase classname="tests.test_planning_api" name="test_deactivate_plan_missing_system" time="0.006" /><testcase classname="tests.test_planning_auto_switch" name="test_ensure_current_mode" time="0.008" /><testcase classname="tests.test_home_ii_deficit_critical_bug.TestHOMEIIDeficitBehavior" name="test_home_ii_vs_home_i_deficit_difference" time="0.007" /><testcase classname="tests.test_planning_auto_switch" name="test_ensure_current_mode_min_interval" time="0.006" /><testcase classname="tests.test_planning_auto_switch" name="test_get_mode_switch_timeline" time="0.008" /><testcase classname="tests.test_planner_min_recovery" name="test_recover_from_below_planning_min_schedules_earliest_ups" time="0.190" /><testcase classname="tests.test_planning_auto_switch" name="test_update_auto_switch_schedule" time="0.009" /><testcase classname="tests.test_planner_min_recovery" name="test_recover_from_below_planning_min_respects_max_ups_price" time="0.005" /><testcase classname="tests.test_planning_auto_switch" name="test_update_auto_switch_schedule_guard_and_repeat" time="0.006" /><testcase classname="tests.test_planning_auto_switch" name="test_start_watchdog_ticks" time="0.006" /><testcase classname="tests.test_planning_auto_switch" name="test_update_auto_switch_schedule_adjusts_past" time="0.006" /><testcase classname="tests.test_planning_auto_switch" name="test_calculate_interval_cost_opportunity" time="0.004" /><testcase classname="tests.test_planning_auto_switch" name="test_calculate_fixed_mode_cost_basic" time="0.005" /><testcase classname="tests.test_planning_auto_switch" name="test_calculate_mode_baselines" time="0.006" /><testcase classname="tests.test_presentation_helpers" name="test_build_extra_state_attributes" time="0.155" /><testcase classname="tests.test_presentation_helpers" name="test_build_extra_state_attributes_uses_balancing_snapshot" time="0.005" /><testcase classname="tests.test_presentation_helpers" name="test_calculate_data_hash" time="0.004" /><testcase classname="tests.test_hybrid_economic_charging_solar_overflow" name="test_economic_charging_skipped_when_solar_reaches_target" time="0.153" /><testcase classname="tests.test_pricing_coverage" name="test_find_entity_returns_none_when_component_none" time="0.157" /><testcase classname="tests.test_presentation_helpers" name="test_state_attributes_helpers_empty_timeline" time="0.006" /><testcase classname="tests.test_pricing_coverage" name="test_find_entity_returns_entity_by_get_entity" time="0.004" /><testcase classname="tests.test_hybrid_economic_charging_solar_overflow" name="test_negative_price_seed_does_not_force_precharge_when_future_solar_fills_target" time="0.005" /><testcase classname="tests.test_pricing_coverage" name="test_find_entity_returns_entity_from_entities_list" time="0.004" /><testcase classname="tests.test_hybrid_economic_charging_solar_overflow" name="test_weak_solar_evening_peak_still_allows_protective_charging" time="0.011" /><testcase classname="tests.test_presentation_helpers" name="test_attach_mode_optimization_no_result" time="0.005" /><testcase classname="tests.test_pricing_coverage" name="test_get_price_sensor_entity_returns_none_when_hass_none" time="0.004" /><testcase classname="tests.test_pricing_coverage" name="test_get_price_sensor_entity_returns_export_sensor" time="0.004" /><testcase classname="tests.test_presentation_helpers" name="test_build_boiler_summary_empty" time="0.005" /><testcase classname="tests.test_hybrid_economic_charging_solar_overflow" name="test_full_target_is_softened_when_daytime_solar_surplus_would_overflow" time="0.006" /><testcase classname="tests.test_pricing_coverage" name="test_get_price_sensor_entity_returns_spot_sensor" time="0.004" /><testcase classname="tests.test_presentation_helpers" name="test_build_baseline_comparison" time="0.005" /><testcase classname="tests.test_pricing_coverage" name="test_derive_export_prices_with_percentage_model" time="0.004" /><testcase classname="tests.test_hybrid_economic_charging_solar_overflow" name="test_non_full_target_still_reaches_target_without_softening" time="0.005" /><testcase classname="tests.test_presentation_helpers" name="test_analyze_today_variance_text" time="0.006" /><testcase classname="tests.test_pricing_coverage" name="test_derive_export_prices_with_none_export_price_raises" time="0.004" /><testcase classname="tests.test_hybrid_economic_charging_solar_overflow" name="test_cloudy_fallback_does_not_trust_optimistic_solar" time="0.015" /><testcase classname="tests.test_planner_observability.TestUPSDecisionEnums" name="test_action_enum_values" time="0.145" /><testcase classname="tests.test_presentation_helpers" name="test_analyze_yesterday_performance" time="0.007" /><testcase classname="tests.test_presentation_helpers" name="test_decorate_plan_tabs_adds_metadata_and_comparison" time="0.004" /><testcase classname="tests.test_hybrid_economic_charging_solar_overflow" name="test_future_solar_fill_does_not_skip_hw_min_hold_protection" time="0.006" /><testcase classname="tests.test_presentation_helpers" name="test_attach_comparison_no_source_and_current" time="0.004" /><testcase classname="tests.test_presentation_helpers" name="test_build_hybrid_detail_tabs_empty" time="0.006" /><testcase classname="tests.test_planning_helpers" name="test_enforce_min_mode_duration_replaces_short_block" time="0.150" /><testcase classname="tests.test_planning_helpers" name="test_enforce_min_mode_duration_empty" time="0.004" /><testcase classname="tests.test_planning_helpers" name="test_enforce_min_mode_duration_end_block_replacement" time="0.005" /><testcase classname="tests.test_planning_helpers" name="test_get_mode_guard_context_active" time="0.005" /><testcase classname="tests.test_planning_helpers" name="test_get_mode_guard_context_missing_or_invalid" time="0.004" /><testcase classname="tests.test_planning_helpers" name="test_get_mode_guard_context_expired_guard" time="0.004" /><testcase classname="tests.test_pricing_fixed_prices" name="test_calculate_final_spot_price_fixed_prices" time="0.146" /><testcase classname="tests.test_planning_helpers" name="test_get_mode_guard_context_naive_last_changed" time="0.147" /><testcase classname="tests.test_pricing_fixed_prices" name="test_get_spot_price_timeline_fixed_prices" time="0.006" /><testcase classname="tests.test_planning_helpers" name="test_build_plan_lock" time="0.004" /><testcase classname="tests.test_planning_helpers" name="test_build_plan_lock_reuse_and_fallback" time="0.004" /><testcase classname="tests.test_hybrid_planning_more" name="test_optimize_ups_infeasible_reason_initialization" time="0.147" /><testcase classname="tests.test_planning_helpers" name="test_build_plan_lock_modes_shorter_than_prices" time="0.004" /><testcase classname="tests.test_presentation_precompute_more" name="test_precompute_ui_data_handles_exception" time="0.145" /><testcase classname="tests.test_planning_helpers" name="test_build_plan_lock_disabled" time="0.004" /><testcase classname="tests.test_hybrid_planning_more" name="test_extend_ups_returns_if_limit_zero" time="0.004" /><testcase classname="tests.test_hybrid_planning_more" name="test_extend_ups_breaks_when_target_reached" time="0.004" /><testcase classname="tests.test_planning_helpers" name="test_apply_mode_guard_lock_and_exception" time="0.006" /><testcase classname="tests.test_presentation_precompute_more" name="test_schedule_precompute_missing_hass_or_store" time="0.004" /><testcase classname="tests.test_hybrid_planning_more" name="test_find_cheapest_returns_first" time="0.004" /><testcase classname="tests.test_planning_helpers" name="test_apply_mode_guard_noop_conditions" time="0.003" /><testcase classname="tests.test_presentation_precompute_more" name="test_schedule_precompute_runner_clears_task" time="0.007" /><testcase classname="tests.test_hybrid_planning_more" name="test_find_cheapest_none_when_all_blocked" time="0.004" /><testcase classname="tests.test_planning_helpers" name="test_apply_mode_guard_breaks_on_guard_until_and_bad_timestamp" time="0.004" /><testcase classname="tests.test_planning_helpers" name="test_apply_mode_guard_breaks_on_spot_price_length" time="0.004" /><testcase classname="tests.test_planning_helpers" name="test_apply_mode_guard_uses_log_rate_limited" time="0.004" /><testcase classname="tests.test_planning_helpers" name="test_apply_guard_reasons_to_timeline" time="0.004" /><testcase classname="tests.test_planning_helpers" name="test_apply_guard_reasons_to_timeline_unknown_and_missing_label" time="0.004" /><testcase classname="tests.test_planning_helpers" name="test_apply_guard_reasons_to_timeline_early_returns" time="0.004" /><testcase classname="tests.test_planning_helpers" name="test_apply_guard_reasons_to_timeline_idx_out_of_range" time="0.004" /><testcase classname="tests.test_pricing_spot_price_export_15min" name="test_do_fetch_15min_data_error" time="0.150" /><testcase classname="tests.test_planning_helpers" name="test_apply_guard_reasons_to_timeline_exception_and_locked" time="0.004" /><testcase classname="tests.test_pricing_spot_price_export_15min" name="test_calculate_current_state_no_data" time="0.005" /><testcase classname="tests.test_planning_helpers" name="test_get_candidate_intervals_filters_and_sorts" time="0.004" /><testcase classname="tests.test_pricing_spot_price_export_15min" name="test_calculate_current_state_no_price" time="0.005" /><testcase classname="tests.test_planning_helpers" name="test_get_candidate_intervals_default_now_and_invalid_timestamp" time="0.006" /><testcase classname="tests.test_pricing_spot_price_export_15min" name="test_calculate_current_state_exception" time="0.006" /><testcase classname="tests.test_planning_helpers" name="test_simulate_forward_death_valley" time="0.005" /><testcase classname="tests.test_pricing_spot_price_export_15min" name="test_calculate_attributes_empty" time="0.005" /><testcase classname="tests.test_planning_helpers" name="test_simulate_forward_start_index_out_of_range" time="0.003" /><testcase classname="tests.test_planning_helpers" name="test_calculate_minimum_charge_and_protection" time="0.004" /><testcase classname="tests.test_pricing_spot_price_export_15min" name="test_calculate_attributes_invalid_interval" time="0.008" /><testcase classname="tests.test_planning_helpers" name="test_calculate_protection_requirement_invalid_timestamp_returns_none" time="0.004" /><testcase classname="tests.test_pricing_helpers" name="test_round_czk" time="0.139" /><testcase classname="tests.test_pricing_spot_price_export_15min" name="test_calculate_attributes_rollover" time="0.008" /><testcase classname="tests.test_planning_helpers" name="test_recalculate_timeline_from_index_updates_soc_and_mode" time="0.004" /><testcase classname="tests.test_pricing_helpers" name="test_calculate_commercial_price_percentage" time="0.004" /><testcase classname="tests.test_pricing_spot_price_export_15min" name="test_calculate_attributes_error" time="0.008" /><testcase classname="tests.test_pricing_helpers" name="test_calculate_commercial_price_fixed_prices" time="0.007" /><testcase classname="tests.test_planning_helpers" name="test_recalculate_timeline_from_index_solar_surplus" time="0.004" /><testcase classname="tests.test_planning_helpers" name="test_fix_minimum_capacity_violations_and_target_capacity" time="0.005" /><testcase classname="tests.test_pricing_helpers" name="test_calculate_commercial_price_fixed_fee" time="0.004" /><testcase classname="tests.test_pricing_spot_price_export_15min" name="test_fetch_with_retry_schedules" time="0.007" /><testcase classname="tests.test_planning_helpers" name="test_group_intervals_by_mode_completed_and_planned" time="0.006" /><testcase classname="tests.test_pricing_helpers" name="test_get_distribution_fee" time="0.004" /><testcase classname="tests.test_pricing_helpers" name="test_get_spot_data_from_ote_cache" time="0.131" /><testcase classname="tests.test_planning_helpers" name="test_group_intervals_by_mode_handles_unknowns_and_invalid_times" time="0.004" /><testcase classname="tests.test_pricing_spot_price_export_15min" name="test_fetch_with_retry_success" time="0.007" /><testcase classname="tests.test_pricing_helpers" name="test_resolve_spot_data_fallbacks" time="0.006" /><testcase classname="tests.test_planning_helpers" name="test_group_intervals_by_mode_empty_returns_empty" time="0.004" /><testcase classname="tests.test_pricing_helpers" name="test_get_spot_data_from_ote_cache_no_hass" time="0.005" /><testcase classname="tests.test_pricing_spot_price_export_15min" name="test_restore_data_invalid" time="0.007" /><testcase classname="tests.test_planning_helpers" name="test_group_intervals_by_mode_completed_unknown_mode" time="0.004" /><testcase classname="tests.test_pricing_helpers" name="test_get_prices_dict_and_resolve" time="0.007" /><testcase classname="tests.test_pricing_coverage" name="test_get_sensor_component_returns_none_when_hass_none" time="0.147" /><testcase classname="tests.test_pricing_helpers" name="test_get_spot_data_from_ote_cache_exception" time="0.006" /><testcase classname="tests.test_planning_helpers" name="test_group_intervals_by_mode_both_uses_planned_when_actual_missing" time="0.004" /><testcase classname="tests.test_pricing_spot_price_export_15min" name="test_async_will_remove_from_hass" time="0.008" /><testcase classname="tests.test_pricing_helpers" name="test_resolve_prices_dict_uses_cache" time="0.006" /><testcase classname="tests.test_pricing_coverage" name="test_get_sensor_component_returns_none_when_hass_data_not_dict" time="0.007" /><testcase classname="tests.test_planning_helpers" name="test_create_mode_recommendations_split_midnight" time="0.004" /><testcase classname="tests.test_pricing_helpers" name="test_get_export_config" time="0.004" /><testcase classname="tests.test_pricing_spot_price_export_15min" name="test_cancel_retry_timer" time="0.005" /><testcase classname="tests.test_planning_helpers" name="test_charging_helpers_store_metrics" time="0.003" /><testcase classname="tests.test_pricing_coverage" name="test_get_sensor_component_returns_sensor_from_entity_components" time="0.006" /><testcase classname="tests.test_pricing_helpers" name="test_get_sensor_component_and_find_entity" time="0.005" /><testcase classname="tests.test_planning_helpers" name="test_economic_charging_plan_death_valley" time="0.006" /><testcase classname="tests.test_pricing_spot_price_export_15min" name="test_schedule_retry_executes" time="0.007" /><testcase classname="tests.test_pricing_helpers" name="test_derive_export_prices" time="0.004" /><testcase classname="tests.test_planning_helpers" name="test_smart_charging_plan_adds_charge" time="0.006" /><testcase classname="tests.test_pricing_spot_price_export_15min" name="test_properties" time="0.005" /><testcase classname="tests.test_pricing_helpers" name="test_get_spot_price_timeline_invalid_timestamp" time="0.007" /><testcase classname="tests.test_pricing_helpers" name="test_get_spot_price_timeline_missing_data" time="0.006" /><testcase classname="tests.test_pricing_helpers" name="test_get_spot_price_timeline_missing_prices" time="0.007" /><testcase classname="tests.test_pricing_helpers" name="test_get_spot_price_timeline_with_non_callable_sensor_price" time="0.006" /><testcase classname="tests.test_pricing_helpers" name="test_get_spot_price_timeline_with_callable_sensor_price" time="0.006" /><testcase classname="tests.test_pricing_helpers" name="test_get_export_price_timeline_derives" time="0.007" /><testcase classname="tests.test_pricing_helpers" name="test_get_export_price_timeline_no_spot" time="0.006" /><testcase classname="tests.test_pricing_helpers" name="test_get_export_price_timeline_missing_prices" time="0.007" /><testcase classname="tests.test_pricing_helpers" name="test_get_export_price_timeline_invalid_timestamp" time="0.006" /><testcase classname="tests.test_pricing_helpers" name="test_get_spot_data_from_price_sensor" time="0.004" /><testcase classname="tests.test_pricing_helpers" name="test_get_spot_data_from_price_sensor_exception" time="0.004" /><testcase classname="tests.test_pricing_more" name="test_round_czk_half_up" time="0.153" /><testcase classname="tests.test_pricing_more" name="test_calculate_commercial_price_percentage_and_fixed" time="0.006" /><testcase classname="tests.test_pricing_spot_price_15min" name="test_do_fetch_15min_spot_data_error" time="0.154" /><testcase classname="tests.test_pricing_more" name="test_get_distribution_fee_vt_nt" time="0.004" /><testcase classname="tests.test_pricing_more" name="test_get_spot_price_timeline_invalid_timestamp" time="0.007" /><testcase classname="tests.test_pricing_spot_price_hourly" name="test_validate_spot_data" time="0.146" /><testcase classname="tests.test_precompute" name="test_precompute_ui_data_missing_store" time="0.149" /><testcase classname="tests.test_pricing_spot_price_15min" name="test_calculate_current_state_no_data" time="0.006" /><testcase classname="tests.test_pricing_more" name="test_get_export_price_timeline_direct_and_derived" time="0.008" /><testcase classname="tests.test_pricing_spot_price_hourly" name="test_current_price_and_attributes" time="0.006" /><testcase classname="tests.test_precompute" name="test_precompute_ui_data_success" time="0.007" /><testcase classname="tests.test_pricing_spot_price_15min" name="test_calculate_current_state_no_price" time="0.005" /><testcase classname="tests.test_pricing_spot_price_15min" name="test_calculate_current_state_exception" time="0.005" /><testcase classname="tests.test_pricing_spot_price_hourly" name="test_all_hourly_prices" time="0.006" /><testcase classname="tests.test_pricing_more" name="test_get_spot_data_from_price_sensor_component_entity" time="0.003" /><testcase classname="tests.test_pricing_more" name="test_get_spot_data_from_price_sensor_component_entities_list" time="0.004" /><testcase classname="tests.test_pricing_more" name="test_get_spot_data_from_price_sensor_missing" time="0.003" /><testcase classname="tests.test_pricing_spot_price_hourly" name="test_handle_coordinator_update" time="0.005" /><testcase classname="tests.test_pricing_spot_price_15min" name="test_calculate_attributes_no_data" time="0.006" /><testcase classname="tests.test_pricing_spot_price_hourly" name="test_handle_coordinator_update_no_data" time="0.005" /><testcase classname="tests.test_pricing_more" name="test_get_spot_data_from_ote_cache_error" time="0.006" /><testcase classname="tests.test_pricing_spot_price_15min" name="test_calculate_attributes_invalid_interval" time="0.006" /><testcase classname="tests.test_pricing_spot_price_hourly" name="test_async_added_to_hass_initial_fetch" time="0.007" /><testcase classname="tests.test_pricing_spot_price_15min" name="test_calculate_attributes_rollover" time="0.006" /><testcase classname="tests.test_pricing_spot_price_hourly" name="test_async_added_to_hass_fetch_error" time="0.007" /><testcase classname="tests.test_pricing_spot_price_15min" name="test_calculate_attributes_error" time="0.005" /><testcase classname="tests.test_pricing_spot_price_hourly" name="test_restore_data_invalid_timestamp" time="0.007" /><testcase classname="tests.test_pricing_spot_price_15min" name="test_get_tariff_for_datetime_weekend" time="0.006" /><testcase classname="tests.test_pricing_spot_price_hourly" name="test_restore_data_valid_timestamp" time="0.008" /><testcase classname="tests.test_pricing_spot_price_15min" name="test_parse_tariff_times_invalid" time="0.006" /><testcase classname="tests.test_pricing_spot_price_hourly" name="test_do_fetch_spot_data_paths" time="0.020" /><testcase classname="tests.test_pricing_spot_price_hourly" name="test_hourly_prices_empty" time="0.135" /><testcase classname="tests.test_pricing_spot_price_15min" name="test_fetch_with_retry_schedules" time="0.007" /><testcase classname="tests.test_pricing_spot_price_hourly" name="test_validate_spot_data_empty" time="0.007" /><testcase classname="tests.test_pricing_spot_price_15min" name="test_fetch_with_retry_success" time="0.009" /><testcase classname="tests.test_pricing_spot_price_hourly" name="test_do_fetch_spot_data_invalid" time="0.008" /><testcase classname="tests.test_pricing_spot_price_hourly" name="test_validate_spot_data_missing_prices" time="0.007" /><testcase classname="tests.test_pricing_spot_price_15min" name="test_cancel_retry_timer" time="0.006" /><testcase classname="tests.test_pricing_spot_price_hourly" name="test_do_fetch_spot_data_error" time="0.007" /><testcase classname="tests.test_pricing_spot_price_hourly" name="test_validate_spot_data_too_few_hours" time="0.007" /><testcase classname="tests.test_pricing_spot_price_15min" name="test_schedule_retry_executes" time="0.006" /><testcase classname="tests.test_pricing_spot_price_15min" name="test_properties" time="0.004" /><testcase classname="tests.test_pricing_spot_price_hourly" name="test_state_branches" time="0.006" /><testcase classname="tests.test_pricing_spot_price_hourly" name="test_validate_spot_data_invalid_prices" time="0.005" /><testcase classname="tests.test_pricing_spot_price_15min" name="test_properties_compute_without_cache" time="0.005" /><testcase classname="tests.test_pricing_spot_price_hourly" name="test_setup_time_tracking_after_daily" time="0.007" /><testcase classname="tests.test_pricing_spot_price_hourly" name="test_get_helpers_missing_data" time="0.006" /><testcase classname="tests.test_proxy_entity_contract.TestNormalizeProxyEntityIdContract" name="test_rejects_malformed_or_non_local_entity[sensor.other_thing-2206237016]" time="0.138" /><testcase classname="tests.test_pricing_spot_price_hourly" name="test_fetch_spot_data_legacy" time="0.012" /><testcase classname="tests.test_proxy_entity_contract.TestNormalizeProxyEntityIdContract" name="test_rejects_malformed_or_non_local_entity[switch.other_thing-2206237016]" time="0.005" /><testcase classname="tests.test_proxy_entity_contract.TestNormalizeProxyEntityIdContract" name="test_rejects_malformed_or_non_local_entity[None-2206237016]" time="0.004" /><testcase classname="tests.test_pricing_spot_price_hourly" name="test_retry_timer_cancel" time="0.007" /><testcase classname="tests.test_proxy_entity_contract.TestNormalizeProxyEntityIdContract" name="test_rejects_malformed_or_non_local_entity[123-2206237016]" time="0.004" /><testcase classname="tests.test_proxy_entity_contract.TestNormalizeProxyEntityIdContract" name="test_rejects_wrong_box_id" time="0.004" /><testcase classname="tests.test_pricing_shared_helpers" name="test_get_retry_delay_seconds" time="0.144" /><testcase classname="tests.test_pricing_spot_price_hourly" name="test_schedule_retry_executes" time="0.009" /><testcase classname="tests.test_proxy_entity_contract.TestNormalizeProxyEntityIdContract" name="test_rejects_legacy_tlb_prefix" time="0.004" /><testcase classname="tests.test_pricing_shared_helpers" name="test_schedule_daily_fetch_runs_immediate_after_publish" time="0.005" /><testcase classname="tests.test_proxy_entity_contract.TestNormalizeProxyEntityIdContract" name="test_accepts_legacy_format_without_oig_local_prefix" time="0.004" /><testcase classname="tests.test_pricing_spot_price_hourly" name="test_restore_data_invalid" time="0.008" /><testcase classname="tests.test_pricing_shared_helpers" name="test_schedule_retry_task_dispatches" time="0.005" /><testcase classname="tests.test_proxy_entity_contract.TestNormalizeProxyEntityIdContract" name="test_rejects_unsupported_domain_even_with_correct_prefix" time="0.004" /><testcase classname="tests.test_pricing_spot_price_hourly" name="test_fetch_with_retry_schedules" time="0.008" /><testcase classname="tests.test_pricing_spot_price_hourly" name="test_fetch_with_retry_success" time="0.008" /><testcase classname="tests.test_pricing_spot_price_hourly" name="test_async_will_remove_from_hass" time="0.008" /><testcase classname="tests.test_pricing_spot_price_hourly" name="test_properties" time="0.006" /><testcase classname="tests.test_pricing_spot_price_hourly" name="test_get_hourly_prices_rollover" time="0.007" /><testcase classname="tests.test_pricing_spot_price_hourly" name="test_get_all_hourly_prices_empty_prices" time="0.006" /><testcase classname="tests.test_proxy_normalization.TestNormalizeProxyEntityId" name="test_rejects_wrong_device_id_switch" time="0.136" /><testcase classname="tests.test_proxy_normalization.TestNormalizeProxyEntityId" name="test_rejects_unsupported_domain_light" time="0.004" /><testcase classname="tests.test_pricing_spot_price_hourly" name="test_async_update" time="0.007" /><testcase classname="tests.test_pricing_spot_price_15min_base" name="test_base_build_attributes_defaults" time="0.141" /><testcase classname="tests.test_proxy_normalization.TestNormalizeProxyEntityId" name="test_rejects_unsupported_domain_climate" time="0.004" /><testcase classname="tests.test_pricing_spot_price_hourly" name="test_spot_price_shared_helpers" time="0.004" /><testcase classname="tests.test_pricing_spot_price_15min_base" name="test_base_calculate_interval_price_not_implemented" time="0.005" /><testcase classname="tests.test_proxy_normalization.TestNormalizeProxyEntityId" name="test_rejects_legacy_tlb_prefix" time="0.004" /><testcase classname="tests.test_proxy_normalization.TestNormalizeProxyEntityId" name="test_rejects_legacy_tlb_prefix_sensor" time="0.004" /><testcase classname="tests.test_proxy_normalization.TestNormalizeProxyEntityId" name="test_legacy_sensor_numeric_device_id" time="0.004" /><testcase classname="tests.test_proxy_normalization.TestNormalizeProxyEntityId" name="test_legacy_switch_control_cfg" time="0.004" /><testcase classname="tests.test_proxy_normalization.TestNormalizeProxyEntityId" name="test_legacy_number_control_cfg" time="0.006" /><testcase classname="tests.test_proxy_normalization.TestNormalizeProxyEntityId" name="test_legacy_select_proxy_control_cfg" time="0.004" /><testcase classname="tests.test_proxy_normalization.TestNormalizeProxyEntityId" name="test_rejects_cloud_entity_id" time="0.007" /><testcase classname="tests.test_proxy_normalization.TestNormalizeProxyEntityId" name="test_sensor_numeric_device_id" time="0.141" /><testcase classname="tests.test_pricing_spot_price_15min" name="test_tariff_parsing_and_calculation_percentage" time="0.148" /><testcase classname="tests.test_proxy_normalization.TestNormalizeProxyEntityId" name="test_rejects_legacy_tlb_prefix_switch_no_oig_local" time="0.004" /><testcase classname="tests.test_proxy_normalization.TestNormalizeProxyEntityId" name="test_sensor_alphanumeric_device_id" time="0.004" /><testcase classname="tests.test_proxy_normalization.TestNormalizeProxyEntityId" name="test_rejects_legacy_tlb_prefix_sensor_no_oig_local" time="0.004" /><testcase classname="tests.test_proxy_normalization.TestNormalizeProxyEntityId" name="test_binary_sensor_to_grid" time="0.004" /><testcase classname="tests.test_pricing_spot_price_15min" name="test_tariff_fixed_prices_and_fee" time="0.009" /><testcase classname="tests.test_proxy_normalization.TestNormalizeProxyEntityId" name="test_rejects_no_dot" time="0.004" /><testcase classname="tests.test_proxy_normalization.TestNormalizeProxyEntityId" name="test_switch_control_cfg" time="0.004" /><testcase classname="tests.test_proxy_normalization.TestNormalizeProxyEntityId" name="test_rejects_empty_suffix" time="0.003" /><testcase classname="tests.test_pricing_spot_price_15min" name="test_tariff_hours_returns_nt_when_not_in_vt_hours" time="0.005" /><testcase classname="tests.test_proxy_normalization.TestNormalizeProxyEntityId" name="test_number_control_cfg" time="0.004" /><testcase classname="tests.test_proxy_normalization.TestNormalizeProxyEntityId" name="test_rejects_no_underscore_in_key_part" time="0.004" /><testcase classname="tests.test_proxy_normalization.TestNormalizeProxyEntityId" name="test_select_control_cfg" time="0.004" /><testcase classname="tests.test_pricing_spot_price_15min" name="test_calculate_attributes_and_state" time="0.005" /><testcase classname="tests.test_proxy_normalization.TestNormalizeProxyEntityId" name="test_rejects_table_key_no_separator" time="0.006" /><testcase classname="tests.test_proxy_normalization.TestNormalizeProxyEntityId" name="test_select_proxy_control_cfg" time="0.004" /><testcase classname="tests.test_pricing_spot_price_15min" name="test_handle_coordinator_update" time="0.005" /><testcase classname="tests.test_pricing_spot_price_15min" name="test_handle_coordinator_update_error" time="0.004" /><testcase classname="tests.test_proxy_normalization.TestNormalizeProxyEntityId" name="test_rejects_empty_table" time="0.005" /><testcase classname="tests.test_proxy_normalization.TestNormalizeProxyEntityId" name="test_descriptor_fields_accessible" time="0.003" /><testcase classname="tests.test_proxy_normalization.TestNormalizeProxyEntityId" name="test_rejects_non_string[None]" time="0.004" /><testcase classname="tests.test_pricing_spot_price_15min" name="test_async_added_to_hass_initial_fetch" time="0.007" /><testcase classname="tests.test_proxy_normalization.TestNormalizeProxyEntityId" name="test_rejects_non_string[123]" time="0.004" /><testcase classname="tests.test_proxy_normalization.TestNormalizeProxyEntityId" name="test_rejects_empty_key" time="0.006" /><testcase classname="tests.test_pricing_spot_price_15min" name="test_async_added_to_hass_initial_fetch_error" time="0.005" /><testcase classname="tests.test_proxy_normalization.TestNormalizeProxyEntityId" name="test_rejects_non_string[entity_id2]" time="0.004" /><testcase classname="tests.test_proxy_normalization.TestNormalizeProxyEntityId" name="test_deterministic_same_input" time="0.005" /><testcase classname="tests.test_proxy_normalization.TestNormalizeProxyEntityId" name="test_rejects_non_string[entity_id3]" time="0.004" /><testcase classname="tests.test_proxy_normalization.TestNormalizeProxyEntityId" name="test_deterministic_different_calls" time="0.004" /><testcase classname="tests.test_pricing_spot_price_15min" name="test_restore_data_valid" time="0.010" /><testcase classname="tests.test_proxy_normalization.TestNormalizeProxyEntityId" name="test_rejects_malformed_prefix[sensor.other_thing]" time="0.005" /><testcase classname="tests.test_proxy_normalization.TestNormalizeProxyEntityId" name="test_all_supported_domains[sensor-sensor.oig_local_2206237016_tbl_actual_aci_wr-2206237016-tbl_actual_aci-wr-False]" time="0.006" /><testcase classname="tests.test_pricing_spot_price_sensor" name="test_spot_price_sensor_exports" time="0.137" /><testcase classname="tests.test_proxy_normalization.TestNormalizeProxyEntityId" name="test_rejects_malformed_prefix[switch.other_thing]" time="0.005" /><testcase classname="tests.test_pricing_spot_price_15min" name="test_restore_data_invalid" time="0.005" /><testcase classname="tests.test_proxy_normalization.TestNormalizeProxyEntityId" name="test_all_supported_domains[binary_sensor-binary_sensor.oig_local_2206237016_tbl_invertor_prms_to_grid-2206237016-tbl_invertor_prms-to_grid-False]" time="0.006" /><testcase classname="tests.test_pricing_spot_price_15min" name="test_setup_daily_tracking" time="0.005" /><testcase classname="tests.test_pricing_spot_price_export_15min" name="test_export_price_calculation" time="0.144" /><testcase classname="tests.test_proxy_normalization.TestNormalizeProxyEntityId" name="test_rejects_malformed_prefix[number.other_thing]" time="0.006" /><testcase classname="tests.test_proxy_normalization.TestNormalizeProxyEntityId" name="test_all_supported_domains[switch-switch.oig_local_2206237016_tbl_invertor_prms_to_grid_cfg-2206237016-tbl_invertor_prms-to_grid-True]" time="0.006" /><testcase classname="tests.test_pricing_spot_price_export_15min" name="test_export_attributes_and_state" time="0.005" /><testcase classname="tests.test_pricing_spot_price_15min" name="test_setup_15min_tracking" time="0.005" /><testcase classname="tests.test_proxy_normalization.TestNormalizeProxyEntityId" name="test_rejects_malformed_prefix[select.other_thing]" time="0.005" /><testcase classname="tests.test_pricing_spot_price_export_15min" name="test_handle_coordinator_update" time="0.005" /><testcase classname="tests.test_pricing_spot_price_15min" name="test_async_will_remove_cleans_tracking" time="0.007" /><testcase classname="tests.test_proxy_normalization.TestNormalizeProxyEntityId" name="test_all_supported_domains[number-number.oig_local_dev01_tbl_batt_prms_bat_min_cfg-dev01-tbl_batt_prms-bat_min-True]" time="0.007" /><testcase classname="tests.test_pricing_spot_price_export_15min" name="test_handle_coordinator_update_error" time="0.005" /><testcase classname="tests.test_proxy_normalization.TestNormalizeProxyEntityId" name="test_rejects_malformed_prefix[binary_sensor.other_thing]" time="0.005" /><testcase classname="tests.test_proxy_normalization.TestNormalizeProxyEntityId" name="test_all_supported_domains[select-select.oig_local_dev01_tbl_box_prms_mode_cfg-dev01-tbl_box_prms-mode-True]" time="0.005" /><testcase classname="tests.test_pricing_spot_price_15min" name="test_update_current_interval_triggers_refresh" time="0.009" /><testcase classname="tests.test_proxy_normalization.TestNormalizeProxyEntityId" name="test_rejects_wrong_device_id" time="0.005" /><testcase classname="tests.test_pricing_spot_price_export_15min" name="test_async_added_to_hass_initial_fetch" time="0.007" /><testcase classname="tests.test_pricing_spot_price_15min" name="test_do_fetch_15min_spot_data" time="0.009" /><testcase classname="tests.test_pricing_spot_price_export_15min" name="test_async_added_to_hass_initial_fetch_error" time="0.007" /><testcase classname="tests.test_pricing_spot_price_export_15min" name="test_restore_data_valid" time="0.008" /><testcase classname="tests.test_pricing_spot_price_export_15min" name="test_setup_daily_tracking" time="0.005" /><testcase classname="tests.test_pricing_spot_price_export_15min" name="test_setup_15min_tracking" time="0.005" /><testcase classname="tests.test_pricing_spot_price_export_15min" name="test_update_current_interval_triggers_refresh" time="0.007" /><testcase classname="tests.test_pricing_spot_price_export_15min" name="test_do_fetch_15min_data" time="0.008" /><testcase classname="tests.test_proxy_entity_contract.TestNormalizeProxyEntityIdContract" name="test_accepts_canonical_sensor[sensor.oig_local_2206237016_tbl_actual_aci_wr-sensor-tbl_actual_aci_wr]" time="0.148" /><testcase classname="tests.test_proxy_entity_contract.TestNormalizeProxyEntityIdContract" name="test_accepts_canonical_sensor[sensor.oig_local_dev01_tbl_box_prms_mode-sensor-tbl_box_prms_mode]" time="0.006" /><testcase classname="tests.test_proxy_entity_contract.TestNormalizeProxyEntityIdContract" name="test_accepts_canonical_binary_sensor[binary_sensor.oig_local_2206237016_tbl_invertor_prms_to_grid-binary_sensor-tbl_invertor_prms_to_grid]" time="0.005" /><testcase classname="tests.test_proxy_entity_contract.TestNormalizeProxyEntityIdContract" name="test_accepts_switch_control_with_cfg_suffix" time="0.004" /><testcase classname="tests.test_proxy_entity_contract.TestNormalizeProxyEntityIdContract" name="test_accepts_number_control_with_cfg_suffix" time="0.004" /><testcase classname="tests.test_remaining_gap_coverage" name="test_hybrid_planning_remaining_single_line_branches" time="0.143" /><testcase classname="tests.test_proxy_entity_contract.TestNormalizeProxyEntityIdContract" name="test_accepts_select_control_with_cfg_suffix[select.oig_local_dev01_tbl_box_prms_mode_cfg-dev01-tbl_box_prms_mode_cfg]" time="0.004" /><testcase classname="tests.test_remaining_gap_coverage" name="test_boiler_coordinator_len_parts_guard_branch" time="0.005" /><testcase classname="tests.test_proxy_entity_contract.TestNormalizeProxyEntityIdContract" name="test_accepts_select_control_with_cfg_suffix[select.oig_local_dev01_proxy_control_proxy_mode_cfg-dev01-proxy_control_proxy_mode_cfg]" time="0.005" /><testcase classname="tests.test_proxy_normalization.TestNormalizeProxyEntityId" name="test_is_control_false_for_non_cfg" time="0.145" /><testcase classname="tests.test_proxy_normalization.TestNormalizeProxyEntityId" name="test_is_control_false_for_number_non_cfg" time="0.004" /><testcase classname="tests.test_rule_matrix_baseline.TestBaselineMatrixHasRequiredSections" name="test_matrix_file_not_empty" time="0.164" /><testcase classname="tests.test_rule_matrix_baseline.TestBaselineMatrixHasRequiredSections" name="test_matrix_is_markdown" time="0.007" /><testcase classname="tests.test_rule_matrix_baseline.TestBaselineMatrixHasRequiredSections" name="test_has_executive_summary" time="0.004" /><testcase classname="tests.test_rule_matrix_baseline.TestBaselineMatrixHasRequiredSections" name="test_has_grid_charging_rules" time="0.005" /><testcase classname="tests.test_rule_matrix_baseline.TestBaselineMatrixHasRequiredSections" name="test_has_soc_rules" time="0.004" /><testcase classname="tests.test_rule_matrix_baseline.TestBaselineMatrixHasRequiredSections" name="test_has_balancing_rules" time="0.004" /><testcase classname="tests.test_rule_matrix_baseline.TestBaselineMatrixHasRequiredSections" name="test_has_auto_switch_rules" time="0.004" /><testcase classname="tests.test_rule_matrix_baseline.TestBaselineMatrixHasRequiredSections" name="test_has_protection_rules" time="0.004" /><testcase classname="tests.test_rule_matrix_baseline.TestBaselineMatrixHasRequiredSections" name="test_has_boiler_rules" time="0.004" /><testcase classname="tests.test_rule_matrix_baseline.TestBaselineMatrixHasRequiredSections" name="test_has_conflict_overlap_section" time="0.005" /><testcase classname="tests.test_rule_matrix_baseline.TestBaselineMatrixHasRequiredSections" name="test_has_precedence_ladder_reference" time="0.005" /><testcase classname="tests.test_regression_cluster_a.TestDynamicDayPolicyBoundaryConditions" name="test_policy_selector_with_zero_pv_forecast" time="0.181" /><testcase classname="tests.test_rule_matrix_baseline.TestBaselineMatrixHasRequiredSections" name="test_has_todo_markers_section" time="0.006" /><testcase classname="tests.test_regression_cluster_a.TestDynamicDayPolicyBoundaryConditions" name="test_policy_selector_with_degraded_quality" time="0.005" /><testcase classname="tests.test_rule_matrix_baseline.TestBaselineMatrixHasRequiredSections" name="test_has_root_cause_analysis" time="0.004" /><testcase classname="tests.test_regression_cluster_a.TestDynamicDayPolicyBoundaryConditions" name="test_policy_selector_flags_disabled_returns_legacy" time="0.006" /><testcase classname="tests.test_rule_matrix_baseline.TestBaselineMatrixHasRequiredSections" name="test_has_rule_count_summary" time="0.006" /><testcase classname="tests.test_regression_cluster_a.TestDynamicDayPolicyBoundaryConditions" name="test_policy_selector_strong_pv_boundary" time="0.004" /><testcase classname="tests.test_rule_matrix_baseline.TestRuleIdFormat" name="test_has_protection_rules" time="0.005" /><testcase classname="tests.test_regression_cluster_a.TestInputQualityBoundaryConditions" name="test_stale_forecast_at_exact_threshold" time="0.005" /><testcase classname="tests.test_rule_matrix_baseline.TestRuleIdFormat" name="test_has_soc_rules" time="0.007" /><testcase classname="tests.test_regression_cluster_a.TestInputQualityBoundaryConditions" name="test_price_at_exact_range_boundary" time="0.004" /><testcase classname="tests.test_proxy_semantics_regression.TestGridDeliveryProxySemantics" name="test_grid_delivery_off_via_proxy_controls" time="0.127" /><testcase classname="tests.test_regression_cluster_a.TestInputQualityBoundaryConditions" name="test_both_stale_blocks_economic" time="0.004" /><testcase classname="tests.test_rule_matrix_baseline.TestRuleIdFormat" name="test_has_grid_rules" time="0.005" /><testcase classname="tests.test_regression_cluster_b.TestObservabilityGateCanaryChecks" name="test_canary_grid_charge_rate_above_threshold_with_pv_fails" time="0.140" /><testcase classname="tests.test_proxy_semantics_regression.TestGridDeliveryProxySemantics" name="test_grid_delivery_on_via_proxy_controls" time="0.005" /><testcase classname="tests.test_regression_cluster_a.TestInputQualityBoundaryConditions" name="test_forecast_stale_price_fresh_blocks_economic" time="0.005" /><testcase classname="tests.test_rollout_flags.TestRolloutFlags" name="test_default_flags_all_disabled" time="0.146" /><testcase classname="tests.test_regression_cluster_b.TestObservabilityGateCanaryChecks" name="test_canary_zero_decisions_with_pv_enabled_warns" time="0.005" /><testcase classname="tests.test_rule_matrix_baseline.TestRuleIdFormat" name="test_has_balancing_rules" time="0.009" /><testcase classname="tests.test_proxy_semantics_regression.TestGridDeliveryProxySemantics" name="test_grid_delivery_limited_via_proxy_controls" time="0.006" /><testcase classname="tests.test_regression_cluster_a.TestInputQualityBoundaryConditions" name="test_forecast_fresh_price_stale_blocks_economic" time="0.004" /><testcase classname="tests.test_rollout_flags.TestRolloutFlags" name="test_aggressive_flags_all_enabled" time="0.003" /><testcase classname="tests.test_regression_cluster_b.TestObservabilityGateCanaryChecks" name="test_canary_zero_decisions_pv_disabled_passes" time="0.004" /><testcase classname="tests.test_regression_cluster_a.TestProductionSafetyEdgeCases" name="test_pv_defer_just_above_forecast_threshold" time="0.004" /><testcase classname="tests.test_regression_cluster_b.TestRolloutFlagCombinationChecks" name="test_all_flags_enabled_full_policy_active" time="0.005" /><testcase classname="tests.test_regression_cluster_a.TestProductionSafetyEdgeCases" name="test_pv_defer_just_above_confidence_threshold" time="0.003" /><testcase classname="tests.test_regression_cluster_a.TestProductionSafetyEdgeCases" name="test_pv_defer_flags_disabled_no_defer" time="0.005" /><testcase classname="tests.test_proxy_semantics_regression.TestNonGridProxySemantics" name="test_box_mode_applied_via_select_control_cfg" time="0.005" /><testcase classname="tests.test_rollout_flags.TestRolloutFlags" name="test_any_new_policy_enabled_property" time="0.004" /><testcase classname="tests.test_rollout_flags.TestRolloutFlags" name="test_is_legacy_mode_property" time="0.005" /><testcase classname="tests.test_rollout_flags.TestConfigParsing" name="test_get_flags_from_config_empty" time="0.005" /><testcase classname="tests.test_regression_cluster_b.TestRolloutFlagCombinationChecks" name="test_emergency_rollback_disables_all_policy" time="0.004" /><testcase classname="tests.test_rule_matrix_baseline.TestRuleIdFormat" name="test_has_boiler_rules" time="0.010" /><testcase classname="tests.test_rule_matrix_baseline.TestRuleIdFormat" name="test_has_autoswitch_rules" time="0.009" /><testcase classname="tests.test_rollout_flags.TestConfigParsing" name="test_get_flags_from_config_with_values" time="0.006" /><testcase classname="tests.test_rule_matrix_baseline.TestRuleIdFormat" name="test_rule_ids_unique" time="0.007" /><testcase classname="tests.test_regression_cluster_a.TestProductionSafetyEdgeCases" name="test_pv_defer_emergency_rollback_no_defer" time="0.004" /><testcase classname="tests.test_regression_cluster_a.TestProductionSafetyEdgeCases" name="test_price_stale_at_exact_threshold" time="0.006" /><testcase classname="tests.test_rule_matrix_baseline.TestRuleRequiredFields" name="test_rules_have_module_reference" time="0.005" /><testcase classname="tests.test_regression_cluster_a.TestProductionSafetyEdgeCases" name="test_policy_selector_cost_aware_conditions" time="0.004" /><testcase classname="tests.test_rollout_flags.TestConfigParsing" name="test_get_flags_from_config_partial_values" time="0.005" /><testcase classname="tests.test_rollout_flags.TestConfigParsing" name="test_get_config_from_flags" time="0.004" /><testcase classname="tests.test_rollout_flags.TestConfigParsing" name="test_config_roundtrip" time="0.004" /><testcase classname="tests.test_rule_matrix_baseline.TestRuleRequiredFields" name="test_rules_have_condition" time="0.004" /><testcase classname="tests.test_rollout_flags.TestValidation" name="test_validate_flags_all_combinations" time="0.003" /><testcase classname="tests.test_rollout_flags.TestEffectiveFlags" name="test_effective_flags_no_rollback" time="0.003" /><testcase classname="tests.test_rule_matrix_baseline.TestRuleRequiredFields" name="test_rules_have_action" time="0.008" /><testcase classname="tests.test_rollout_flags.TestEffectiveFlags" name="test_effective_flags_with_rollback" time="0.003" /><testcase classname="tests.test_rule_matrix_baseline.TestRuleRequiredFields" name="test_rules_have_precedence" time="0.005" /><testcase classname="tests.test_rollout_flags.TestEffectiveFlags" name="test_effective_flags_rollback_overrides_all" time="0.004" /><testcase classname="tests.test_rollout_flags.TestUtilityFunctions" name="test_is_pv_first_active" time="0.005" /><testcase classname="tests.test_rule_matrix_baseline.TestConflictHotspots" name="test_protection_vs_economic_conflict" time="0.006" /><testcase classname="tests.test_rollout_flags.TestUtilityFunctions" name="test_is_boiler_coordination_active" time="0.003" /><testcase classname="tests.test_rule_matrix_baseline.TestConflictHotspots" name="test_balancing_vs_economic_conflict" time="0.004" /><testcase classname="tests.test_rule_matrix_baseline.TestConflictHotspots" name="test_modeguard_vs_autoswitch_conflict" time="0.006" /><testcase classname="tests.test_rollout_flags.TestUtilityFunctions" name="test_is_any_new_policy_active" time="0.009" /><testcase classname="tests.test_rule_matrix_baseline.TestConflictHotspots" name="test_hwhold_vs_cost_conflict" time="0.005" /><testcase classname="tests.test_rollout_flags" name="test_new_policy_enabled_path" time="0.008" /><testcase classname="tests.test_rule_matrix_baseline.TestTODOMarkers" name="test_balancing_todos_documented" time="0.004" /><testcase classname="tests.test_rule_matrix_baseline.TestTODOMarkers" name="test_balancing_core_todos" time="0.004" /><testcase classname="tests.test_rollout_flags" name="test_rollback_restores_legacy_logic" time="0.003" /><testcase classname="tests.test_rule_matrix_baseline.TestTODOMarkers" name="test_balancing_plan_todos" time="0.004" /><testcase classname="tests.test_rule_matrix_baseline.TestKnownIssues" name="test_pv_forecast_gap_documented" time="0.004" /><testcase classname="tests.test_rule_matrix_baseline.TestKnownIssues" name="test_boiler_grid_default_documented" time="0.005" /><testcase classname="tests.test_rule_matrix_baseline.TestRuleCount" name="test_minimum_protection_rules" time="0.005" /><testcase classname="tests.test_rule_matrix_baseline.TestRuleCount" name="test_minimum_soc_rules" time="0.005" /><testcase classname="tests.test_regression_peak_cluster" name="test_pv_first_defers_pre_peak_when_solar_available" time="0.149" /><testcase classname="tests.test_pv_first_incident" name="test_grid_charge_is_deferred_when_pv_expected" time="0.155" /><testcase classname="tests.test_pv_first_incident" name="test_grid_charge_considers_pv_forecast_before_expensive_charging" time="0.003" /><testcase classname="tests.test_rule_matrix_baseline.TestRuleCount" name="test_minimum_grid_rules" time="0.007" /><testcase classname="tests.test_regression_peak_cluster" name="test_pre_peak_does_not_interfere_with_pv_first_decision" time="0.007" /><testcase classname="tests.test_rule_matrix_baseline.TestRuleCount" name="test_minimum_balancing_rules" time="0.005" /><testcase classname="tests.test_pv_first_incident" name="test_boiler_does_not_force_early_grid_charge" time="0.005" /><testcase classname="tests.test_rule_matrix_baseline.TestRuleCount" name="test_minimum_boiler_rules" time="0.005" /><testcase classname="tests.test_regression_peak_cluster" name="test_death_valley_still_triggers_when_soc_critical" time="0.085" /><testcase classname="tests.test_pv_first_incident" name="test_boiler_defers_to_pv_when_forecast_available" time="0.005" /><testcase classname="tests.test_regression_cluster_b.TestBoilerCoordinationEdgeCases" name="test_boiler_pv_forecast_exactly_at_minimum" time="0.151" /><testcase classname="tests.test_pv_first_incident" name="test_boiler_source_recommendation_lacks_pv_context" time="0.005" /><testcase classname="tests.test_regression_cluster_b.TestBoilerCoordinationEdgeCases" name="test_boiler_pv_forecast_below_minimum_falls_back_to_grid" time="0.004" /><testcase classname="tests.test_pv_first_incident" name="test_combined_battery_boiler_incident_scenario" time="0.006" /><testcase classname="tests.test_regression_cluster_b.TestBoilerCoordinationEdgeCases" name="test_boiler_with_zero_confidence_no_defer" time="0.004" /><testcase classname="tests.test_regression_cluster_b.TestBoilerCoordinationEdgeCases" name="test_boiler_overflow_always_wins_over_pv_forecast" time="0.003" /><testcase classname="tests.test_regression_cluster_b.TestBoilerCoordinationEdgeCases" name="test_boiler_alternative_source_beats_grid_even_without_pv" time="0.003" /><testcase classname="tests.test_regression_cluster_b.TestObservabilityGateCanaryChecks" name="test_canary_healthy_run_metrics_passes_gate" time="0.004" /><testcase classname="tests.test_regression_cluster_b.TestObservabilityGateCanaryChecks" name="test_canary_high_bypass_rate_fails_gate" time="0.003" /><testcase classname="tests.test_regression_cluster_b.TestObservabilityGateCanaryChecks" name="test_canary_low_pv_defer_when_pv_enabled_fails" time="0.004" /><testcase classname="tests.test_regression_peak_cluster" name="test_pre_peak_respects_protection_safety_precedence" time="0.086" /><testcase classname="tests.test_rule_matrix_baseline.TestBaselineMatrixHasRequiredSections" name="test_matrix_file_exists" time="0.153" /><testcase classname="tests.test_rule_precedence_contract.TestHelperFunctions" name="test_is_higher_priority" time="0.137" /><testcase classname="tests.test_rule_precedence_contract.TestHelperFunctions" name="test_get_levels_between" time="0.004" /><testcase classname="tests.test_rule_precedence_contract.TestHelperFunctions" name="test_get_precedence_for_rule" time="0.004" /><testcase classname="tests.test_rule_precedence_contract.TestHelperFunctions" name="test_get_precedence_summary" time="0.004" /><testcase classname="tests.test_recorder_fallback_coverage" name="test_get_consumption_today_no_recorder_no_executor" time="0.142" /><testcase classname="tests.test_rule_precedence_contract.TestContractIntegration" name="test_contract_is_importable_without_dependencies" time="0.004" /><testcase classname="tests.test_recorder_fallback_coverage" name="test_get_consumption_today_recorder_present_uses_executor" time="0.005" /><testcase classname="tests.test_regression_peak_cluster" name="test_skip_pre_peak_when_less_than_one_hour_to_peak" time="0.004" /><testcase classname="tests.test_rule_precedence_contract.TestContractIntegration" name="test_all_rule_ids_have_precedence" time="0.004" /><testcase classname="tests.test_rule_precedence_contract.TestContractIntegration" name="test_precedence_values_support_comparison" time="0.004" /><testcase classname="tests.test_regression_peak_cluster" name="test_no_double_charge_when_economic_already_scheduled" time="0.055" /><testcase classname="tests.test_recorder_fallback_coverage" name="test_calculate_interval_statistics_no_recorder_no_executor" time="0.008" /><testcase classname="tests.test_recorder_fallback_coverage" name="test_calculate_interval_statistics_hass_executor_fallback" time="0.006" /><testcase classname="tests.test_rule_matrix_baseline.TestRuleCount" name="test_minimum_total_rules" time="0.145" /><testcase classname="tests.test_recorder_fallback_coverage" name="test_calculate_interval_statistics_recorder_executor_path" time="0.006" /><testcase classname="tests.test_rule_matrix_baseline.TestPrecedenceHierarchy" name="test_has_precedence_levels" time="0.005" /><testcase classname="tests.test_rule_matrix_baseline.TestPrecedenceHierarchy" name="test_pv_first_is_highest_priority" time="0.005" /><testcase classname="tests.test_rule_matrix_baseline.TestMatrixCompleteness" name="test_matrix_has_all_modules" time="0.006" /><testcase classname="tests.test_rule_precedence_contract.TestPriorityOrderIsTotal" name="test_antisymmetry" time="0.137" /><testcase classname="tests.test_rule_matrix_baseline.TestMatrixCompleteness" name="test_matrix_has_generation_date" time="0.006" /><testcase classname="tests.test_rule_precedence_contract.TestTieBreakersAreDeterministic" name="test_tie_breakers_are_deterministic" time="0.004" /><testcase classname="tests.test_regression_peak_cluster" name="test_skip_when_price_ratio_insufficient" time="0.006" /><testcase classname="tests.test_rule_matrix_baseline.TestMatrixCompleteness" name="test_matrix_has_task_reference" time="0.006" /><testcase classname="tests.test_rule_precedence_contract.TestTieBreakersAreDeterministic" name="test_equal_levels_return_first" time="0.004" /><testcase classname="tests.test_regression_peak_cluster" name="test_canary_warning_logged_when_soc_below_threshold" time="0.051" /><testcase classname="tests.test_rule_precedence_contract.TestTieBreakersAreDeterministic" name="test_higher_priority_always_wins" time="0.004" /><testcase classname="tests.test_rule_precedence_contract.TestTieBreakersAreDeterministic" name="test_resolve_conflict_is_pure_function" time="0.004" /><testcase classname="tests.test_rule_precedence_contract.TestTieBreakersAreDeterministic" name="test_resolve_conflict_with_context_is_deterministic" time="0.005" /><testcase classname="tests.test_rule_precedence_contract.TestTieBreakersAreDeterministic" name="test_tie_breaker_reason_string_for_equal" time="0.004" /><testcase classname="tests.test_rule_precedence_contract.TestResolveConflict" name="test_pv_first_wins_over_all" time="0.004" /><testcase classname="tests.test_rule_precedence_contract.TestResolveConflict" name="test_protection_wins_over_economic" time="0.004" /><testcase classname="tests.test_rule_precedence_contract.TestResolveConflict" name="test_death_valley_wins_over_opportunistic" time="0.005" /><testcase classname="tests.test_rule_precedence_contract.TestResolveConflict" name="test_balancing_wins_over_auto_switch" time="0.005" /><testcase classname="tests.test_rule_precedence_contract.TestInvariants" name="test_invariants_not_empty" time="0.004" /><testcase classname="tests.test_rule_precedence_contract.TestInvariants" name="test_invariants_are_strings" time="0.006" /><testcase classname="tests.test_scenario_analysis" name="test_simulate_interval_uses_planning_min" time="0.138" /><testcase classname="tests.test_rule_precedence_contract.TestInvariants" name="test_invariants_contain_key_rules" time="0.004" /><testcase classname="tests.test_scenario_analysis" name="test_calculate_interval_cost_opportunity" time="0.005" /><testcase classname="tests.test_regression_cluster_a.TestPVGateBoundaryConditions" name="test_pv_defer_with_exactly_minimum_forecast_kwh" time="0.126" /><testcase classname="tests.test_rule_precedence_contract.TestInvariants" name="test_pv_first_invariant_present" time="0.005" /><testcase classname="tests.test_scenario_analysis" name="test_calculate_fixed_mode_cost_with_penalty" time="0.007" /><testcase classname="tests.test_regression_cluster_a.TestPVGateBoundaryConditions" name="test_pv_defer_with_exactly_minimum_confidence" time="0.004" /><testcase classname="tests.test_rule_precedence_contract.TestInvariants" name="test_total_order_invariant_present" time="0.006" /><testcase classname="tests.test_regression_cluster_a.TestPVGateBoundaryConditions" name="test_pv_defer_below_minimum_forecast_no_defer" time="0.004" /><testcase classname="tests.test_scenario_analysis" name="test_calculate_fixed_mode_cost_bad_timestamp" time="0.005" /><testcase classname="tests.test_regression_cluster_a.TestPVGateBoundaryConditions" name="test_pv_defer_below_minimum_confidence_no_defer" time="0.004" /><testcase classname="tests.test_scenario_analysis" name="test_calculate_mode_baselines" time="0.005" /><testcase classname="tests.test_rule_precedence_contract.TestHelperFunctions" name="test_get_precedence_rank" time="0.005" /><testcase classname="tests.test_regression_cluster_a.TestPVGateBoundaryConditions" name="test_pv_defer_when_death_valley_active_no_defer" time="0.004" /><testcase classname="tests.test_scenario_analysis" name="test_calculate_mode_baselines_with_penalty" time="0.006" /><testcase classname="tests.test_regression_cluster_a.TestPVGateBoundaryConditions" name="test_pv_defer_when_below_death_valley_no_defer" time="0.004" /><testcase classname="tests.test_scenario_analysis" name="test_calculate_do_nothing_cost" time="0.007" /><testcase classname="tests.test_regression_cluster_a.TestPVGateBoundaryConditions" name="test_pv_defer_when_protection_override_no_defer" time="0.005" /><testcase classname="tests.test_scenario_analysis" name="test_calculate_do_nothing_cost_bad_timestamp" time="0.007" /><testcase classname="tests.test_scenario_analysis" name="test_calculate_full_ups_cost" time="0.008" /><testcase classname="tests.test_rule_precedence_contract.TestPrecedenceLevel" name="test_all_levels_have_unique_values" time="0.151" /><testcase classname="tests.test_scenario_analysis" name="test_calculate_full_ups_cost_bad_timestamp" time="0.009" /><testcase classname="tests.test_rule_precedence_contract.TestPrecedenceLevel" name="test_values_are_spaced_by_multiples_of_50" time="0.005" /><testcase classname="tests.test_rule_precedence_contract.TestPrecedenceLevel" name="test_pv_first_is_highest" time="0.005" /><testcase classname="tests.test_rule_precedence_contract.TestPrecedenceLevel" name="test_planning_target_is_lowest" time="0.005" /><testcase classname="tests.test_rule_precedence_contract.TestPrecedenceLevel" name="test_level_count" time="0.005" /><testcase classname="tests.test_rule_precedence_contract.TestPrecedenceLadder" name="test_ladder_has_all_levels" time="0.005" /><testcase classname="tests.test_remaining_gap_coverage" name="test_solar_forecast_data_missing_and_no_attrs_paths" time="0.158" /><testcase classname="tests.test_rule_precedence_contract.TestPrecedenceLadder" name="test_ladder_is_strictly_decreasing" time="0.006" /><testcase classname="tests.test_rule_precedence_contract.TestPrecedenceLadder" name="test_ladder_matches_enum_order" time="0.005" /><testcase classname="tests.test_remaining_gap_coverage" name="test_solar_forecast_cached_parsing_and_invalid_entries" time="0.005" /><testcase classname="tests.test_rule_precedence_contract.TestPriorityOrderIsTotal" name="test_priority_order_is_total" time="0.005" /><testcase classname="tests.test_remaining_gap_coverage" name="test_battery_health_context_and_threshold_branches" time="0.005" /><testcase classname="tests.test_rule_precedence_contract.TestPriorityOrderIsTotal" name="test_no_cycles_in_ordering" time="0.005" /><testcase classname="tests.test_remaining_gap_coverage" name="test_solar_sensor_normalization_and_solcast_error_paths" time="0.008" /><testcase classname="tests.test_rule_precedence_contract.TestPriorityOrderIsTotal" name="test_validate_total_order_returns_true" time="0.005" /><testcase classname="tests.test_sensor_setup_helpers" name="test_resolve_box_id_forced_and_entry_paths" time="0.133" /><testcase classname="tests.test_remaining_gap_coverage" name="test_boiler_coordinator_infer_box_id_branches" time="0.005" /><testcase classname="tests.test_rule_precedence_contract.TestPriorityOrderIsTotal" name="test_totality_for_all_pairs" time="0.005" /><testcase classname="tests.test_sensor_setup_helpers" name="test_resolve_box_id_from_title_and_data_fallback" time="0.004" /><testcase classname="tests.test_sensor_setup_helpers" name="test_resolve_box_id_hass_state_and_registry" time="0.004" /><testcase classname="tests.test_remaining_gap_coverage" name="test_boiler_coordinator_resolve_box_id_forced_branch" time="0.006" /><testcase classname="tests.test_scenario_analysis" name="test_generate_alternatives" time="0.128" /><testcase classname="tests.test_sensor_setup_helpers" name="test_resolve_box_id_hass_state_errors" time="0.005" /><testcase classname="tests.test_scenario_analysis" name="test_generate_alternatives_bad_timestamp" time="0.004" /><testcase classname="tests.test_remaining_gap_coverage" name="test_hybrid_planning_helper_branches" time="0.007" /><testcase classname="tests.test_sensor_setup_helpers" name="test_resolve_box_id_outer_exception" time="0.004" /><testcase classname="tests.test_scenario_analysis" name="test_generate_alternatives_branches" time="0.005" /><testcase classname="tests.test_sensor_setup_helpers" name="test_get_sensor_definition_import_error" time="0.005" /><testcase classname="tests.test_remaining_gap_coverage" name="test_hybrid_planning_force_target_and_hold_limit" time="0.007" /><testcase classname="tests.test_sensor_setup_helpers" name="test_get_sensor_definition_forced_import_error" time="0.004" /><testcase classname="tests.test_remaining_gap_coverage" name="test_hybrid_planning_cost_override_and_band_helpers" time="0.006" /><testcase classname="tests.test_sensor_setup_helpers" name="test_get_sensor_definition_sets_unit_from_unit_of_measurement" time="0.004" /><testcase classname="tests.test_sensor_full_coverage" name="test_async_setup_entry_full" time="0.180" /><testcase classname="tests.test_sensor_full_coverage" name="test_async_setup_entry_disabled_branches" time="0.009" /><testcase classname="tests.test_sensor_full_coverage" name="test_async_setup_entry_len_exception" time="0.012" /><testcase classname="tests.test_sensor_full_coverage" name="test_async_setup_entry_title_parsing" time="0.059" /><testcase classname="tests.test_scenario_analysis_inputs" name="test_iter_interval_inputs_handles_mismatch_and_bad_time" time="0.132" /><testcase classname="tests.test_sensor_full_coverage" name="test_async_unload_entry_and_cleanup" time="0.161" /><testcase classname="tests.test_sensor_full_coverage" name="test_cleanup_empty_devices" time="0.009" /><testcase classname="tests.test_sensor_setup_runtime" name="test_initialize_sensor_sets_defaults" time="0.135" /><testcase classname="tests.test_sensor_setup_runtime" name="test_log_rate_limited" time="0.004" /><testcase classname="tests.test_sensor_setup_runtime" name="test_get_state_and_availability" time="0.004" /><testcase classname="tests.test_sensor_full_coverage" name="test_async_setup_entry_setattr_failure" time="0.013" /><testcase classname="tests.test_sensor_full_coverage" name="test_async_setup_entry_boiler_import_error" time="0.180" /><testcase classname="tests.test_sensor_full_coverage" name="test_async_setup_entry_data_source_error" time="0.018" /><testcase classname="tests.test_sensor_full_coverage" name="test_async_setup_entry_extended_init_error" time="0.014" /><testcase classname="tests.test_sensor_full_coverage" name="test_async_setup_entry_basic_sensor_init_error" time="0.013" /><testcase classname="tests.test_sensor_full_coverage" name="test_async_setup_entry_statistics_init_error" time="0.014" /><testcase classname="tests.test_sensor_full_coverage" name="test_async_setup_entry_data_none_branches" time="0.015" /><testcase classname="tests.test_sensor_full_coverage" name="test_async_setup_entry_solar_exception" time="0.012" /><testcase classname="tests.test_sensor_full_coverage" name="test_async_setup_entry_extended_errors" time="0.011" /><testcase classname="tests.test_sensor_cleanup_extra" name="test_get_device_info_for_sensor" time="0.128" /><testcase classname="tests.test_sensor_cleanup_extra" name="test_cleanup_removed_devices" time="0.005" /><testcase classname="tests.test_sensor_full_coverage" name="test_async_setup_entry_statistics_empty" time="0.014" /><testcase classname="tests.test_sensor_full_coverage" name="test_async_setup_entry_battery_init_error" time="0.013" /><testcase classname="tests.test_sensor_cleanup_extra" name="test_cleanup_empty_devices_internal" time="0.005" /><testcase classname="tests.test_sensor_cleanup_extra" name="test_cleanup_all_orphaned_entities" time="0.006" /><testcase classname="tests.test_sensor_full_coverage" name="test_async_setup_entry_battery_no_sensors" time="0.012" /><testcase classname="tests.test_sensor_full_coverage" name="test_async_setup_entry_solar_import_error" time="0.015" /><testcase classname="tests.test_sensor_full_coverage" name="test_async_setup_entry_pricing_init_error" time="0.012" /><testcase classname="tests.test_services_actions_coverage" name="test_action_set_grid_delivery_enforce_limit_error" time="0.132" /><testcase classname="tests.test_sensor_full_coverage" name="test_async_setup_entry_battery_exceptions" time="0.011" /><testcase classname="tests.test_sensor_lifecycle" name="test_async_added_to_hass_restores_and_schedules" time="0.154" /><testcase classname="tests.test_services_actions_coverage" name="test_action_set_formating_mode_not_acknowledged" time="0.005" /><testcase classname="tests.test_services_actions_coverage" name="test_async_setup_entry_services_with_shield_fallback" time="0.006" /><testcase classname="tests.test_sensor_lifecycle" name="test_async_added_to_hass_restore_state_failures" time="0.011" /><testcase classname="tests.test_sensor_full_coverage" name="test_async_setup_entry_pricing_errors" time="0.011" /><testcase classname="tests.test_sensor_full_coverage" name="test_async_setup_entry_chmu_empty_and_error" time="0.009" /><testcase classname="tests.test_services_actions_coverage" name="test_async_setup_entry_services_fallback_already_registered" time="0.006" /><testcase classname="tests.test_sensor_full_coverage" name="test_async_setup_entry_chmu_init_error" time="0.012" /><testcase classname="tests.test_sensor_full_coverage" name="test_async_setup_entry_pricing_import_error" time="0.009" /><testcase classname="tests.test_services_actions_coverage" name="test_register_entry_services_handles_exception" time="0.004" /><testcase classname="tests.test_sensor_lifecycle" name="test_async_added_to_hass_callbacks" time="0.017" /><testcase classname="tests.test_services_actions_coverage" name="test_register_boiler_services_no_coordinator" time="0.005" /><testcase classname="tests.test_sensor_full_coverage" name="test_async_setup_entry_boiler_exception" time="0.008" /><testcase classname="tests.test_sensor_full_coverage" name="test_async_setup_entry_chmu_import_error" time="0.009" /><testcase classname="tests.test_services_actions_coverage" name="test_register_boiler_services_exception" time="0.007" /><testcase classname="tests.test_sensor_lifecycle" name="test_profiles_updated_schedules_immediate_refresh" time="0.008" /><testcase classname="tests.test_sensor_full_coverage" name="test_async_setup_entry_misc_branches" time="0.009" /><testcase classname="tests.test_services_actions_coverage" name="test_save_dashboard_tiles_empty_config" time="0.006" /><testcase classname="tests.test_sensor_full_coverage" name="test_async_setup_entry_battery_import_error" time="0.010" /><testcase classname="tests.test_sensor_lifecycle" name="test_async_added_to_hass_store_failures" time="0.010" /><testcase classname="tests.test_services_actions_coverage" name="test_save_dashboard_tiles_store_exception" time="0.008" /><testcase classname="tests.test_services_actions_coverage" name="test_load_dashboard_tiles_store_exception" time="0.006" /><testcase classname="tests.test_sensor_full_coverage" name="test_async_setup_entry_solar_no_sensors" time="0.010" /><testcase classname="tests.test_sensor_lifecycle" name="test_async_added_to_hass_initial_refresh_error" time="0.011" /><testcase classname="tests.test_services_actions_coverage" name="test_validate_dashboard_tiles_config_non_dict" time="0.004" /><testcase classname="tests.test_sensor_full_coverage" name="test_async_setup_entry_boiler_empty" time="0.016" /><testcase classname="tests.test_services_actions_coverage" name="test_async_unload_services_removes_registered" time="0.007" /><testcase classname="tests.test_services_actions_coverage" name="test_box_id_helpers_exception_branches" time="0.005" /><testcase classname="tests.test_sensor_full_coverage" name="test_import_errors_cover_branches" time="0.150" /><testcase classname="tests.test_services_actions_coverage" name="test_get_entry_solar_sensors_fallback_async_update" time="0.005" /><testcase classname="tests.test_sensor_full_coverage" name="test_async_setup_entry_boiler_missing_coordinator" time="0.011" /><testcase classname="tests.test_services_actions_coverage" name="test_update_solar_forecast_no_primary_and_manual_failed" time="0.006" /><testcase classname="tests.test_sensor_full_coverage" name="test_get_expected_sensor_types" time="0.004" /><testcase classname="tests.test_sensor_full_coverage" name="test_cleanup_helpers" time="0.008" /><testcase classname="tests.test_sensor_full_coverage" name="test_cleanup_renamed_sensors_parts_after_empty" time="0.005" /><testcase classname="tests.test_sensor_full_coverage" name="test_cleanup_renamed_sensors_parts_after_empty_prefix_sensitive" time="0.005" /><testcase classname="tests.test_sensor_full_coverage" name="test_cover_unreachable_line_152" time="0.004" /><testcase classname="tests.test_sensor_full_coverage" name="test_cleanup_all_orphaned_entities" time="0.006" /><testcase classname="tests.test_services_actions_coverage" name="test_action_functions_return_when_no_box_id" time="0.144" /><testcase classname="tests.test_sensor_full_coverage" name="test_get_device_info_for_sensor" time="0.004" /><testcase classname="tests.test_services_actions_coverage" name="test_action_grid_and_formating_calls" time="0.006" /><testcase classname="tests.test_services_actions_coverage" name="test_action_grid_and_formating_calls_legacy_labels" time="0.005" /><testcase classname="tests.test_services_actions_coverage" name="test_fallback_wrappers_delegate" time="0.005" /><testcase classname="tests.test_services_actions_coverage" name="test_async_setup_entry_services_branches" time="0.008" /><testcase classname="tests.test_services_actions_coverage" name="test_register_boiler_services_success" time="0.005" /><testcase classname="tests.test_services_actions_coverage" name="test_serialize_dt_and_iter_balancing_manager_branches" time="0.004" /><testcase classname="tests.test_sensor_registry_cleanup" name="test_get_expected_sensor_types" time="0.155" /><testcase classname="tests.test_services_actions_coverage" name="test_serialize_dt_fallback_str_branch" time="0.007" /><testcase classname="tests.test_sensor_registry_cleanup" name="test_cleanup_renamed_sensors" time="0.013" /><testcase classname="tests.test_services_actions_coverage" name="test_run_manual_balancing_no_plan_branch" time="0.008" /><testcase classname="tests.test_services_init_coverage" name="test_home_mode_labels" time="0.144" /><testcase classname="tests.test_services_box_id" name="test_get_box_id_from_device_identifier_missing_domain" time="0.146" /><testcase classname="tests.test_services_actions_coverage.TestUpdateSolarForecastBranches" name="test_update_solar_forecast_no_sensors" time="0.004" /><testcase classname="tests.test_services_init_coverage" name="test_home_mode_all_keys" time="0.003" /><testcase classname="tests.test_services_box_id" name="test_get_box_id_none_when_unavailable" time="0.004" /><testcase classname="tests.test_services_init_coverage" name="test_grid_delivery_labels" time="0.003" /><testcase classname="tests.test_services_actions_coverage.TestUpdateSolarForecastBranches" name="test_update_solar_forecast_skipped" time="0.007" /><testcase classname="tests.test_services_init_coverage" name="test_grid_delivery_canonical" time="0.003" /><testcase classname="tests.test_services_actions_coverage.TestUpdateSolarForecastBranches" name="test_update_solar_forecast_no_primary" time="0.006" /><testcase classname="tests.test_services_init_coverage" name="test_grid_delivery_all_keys" time="0.006" /><testcase classname="tests.test_services_init_coverage" name="test_boiler_mode_labels" time="0.004" /><testcase classname="tests.test_services_init_coverage" name="test_boiler_mode_canonical" time="0.004" /><testcase classname="tests.test_services_init_coverage" name="test_boiler_mode_all_keys" time="0.004" /><testcase classname="tests.test_services_init_coverage" name="test_formating_mode_labels" time="0.006" /><testcase classname="tests.test_services_init_coverage" name="test_formating_mode_canonical" time="0.004" /><testcase classname="tests.test_services_actions_coverage.TestUpdateSolarForecastBranches" name="test_update_solar_forecast_manual_update_failed" time="0.131" /><testcase classname="tests.test_services_init_coverage" name="test_formating_mode_all_keys" time="0.004" /><testcase classname="tests.test_services_actions_coverage.TestUpdateSolarForecastBranches" name="test_update_solar_forecast_exception" time="0.006" /><testcase classname="tests.test_services_actions_coverage.TestActionSetBoxModeBranches" name="test_action_set_box_mode_home_5_6_unsupported_error" time="0.009" /><testcase classname="tests.test_services_actions_coverage.TestActionSetBoxModeBranches" name="test_action_set_box_mode_home_5_label_unsupported_error" time="0.005" /><testcase classname="tests.test_services_actions_coverage.TestActionSetBoxModeBranches" name="test_action_set_box_mode_home_6_unsupported_error" time="0.005" /><testcase classname="tests.test_services_actions_coverage.TestActionSetBoxModeBranches" name="test_action_set_box_mode_non_500_error_passthrough" time="0.007" /><testcase classname="tests.test_services_actions_coverage.TestActionSetBoxModeBranches" name="test_action_set_box_mode_invalid_mode_raises" time="0.006" /><testcase classname="tests.test_sensor_setup_entry" name="test_sensor_async_setup_entry" time="0.177" /><testcase classname="tests.test_services_init_coverage" name="test_strip_identifier_suffix_shield" time="0.146" /><testcase classname="tests.test_services_init_coverage" name="test_strip_identifier_suffix_analytics" time="0.005" /><testcase classname="tests.test_set_box_mode_composite" name="test_schema_rejects_legacy_aliases[Home 6]" time="0.143" /><testcase classname="tests.test_services_init_coverage" name="test_strip_identifier_suffix_no_suffix" time="0.004" /><testcase classname="tests.test_sensor_setup_entry" name="test_apply_legacy_entity_naming_sets_short_name_mode" time="0.005" /><testcase classname="tests.test_services_init_coverage" name="test_strip_identifier_suffix_multiple_suffixes" time="0.003" /><testcase classname="tests.test_set_box_mode_composite" name="test_schema_rejects_legacy_aliases[home5]" time="0.004" /><testcase classname="tests.test_services_init_coverage" name="test_strip_identifier_suffix_empty_string" time="0.004" /><testcase classname="tests.test_sensor_setup_entry" name="test_sensor_async_setup_entry_from_title" time="0.012" /><testcase classname="tests.test_set_box_mode_composite" name="test_schema_rejects_legacy_aliases[home6]" time="0.005" /><testcase classname="tests.test_services_init_coverage" name="test_constants_defined" time="0.004" /><testcase classname="tests.test_set_box_mode_composite" name="test_action_mode_home_1_alone_calls_set_box_mode_only" time="0.006" /><testcase classname="tests.test_services_init_coverage" name="test_schemas_defined" time="0.006" /><testcase classname="tests.test_sensor_setup_entry" name="test_sensor_async_setup_entry_no_box_id" time="0.008" /><testcase classname="tests.test_services_init_coverage" name="test_schema_validation_missing_required_fields" time="0.004" /><testcase classname="tests.test_set_box_mode_composite" name="test_action_mode_home_1_with_home_grid_v_calls_both" time="0.006" /><testcase classname="tests.test_set_box_mode_composite" name="test_action_set_box_prm2_app_500_propagated" time="0.144" /><testcase classname="tests.test_services_init_coverage" name="test_schema_validation_invalid_values" time="0.005" /><testcase classname="tests.test_set_box_mode_composite" name="test_action_home_grid_v_true_alone_rmw" time="0.005" /><testcase classname="tests.test_set_box_mode_composite" name="test_action_legacy_alias_schema_rejection[home_5]" time="0.007" /><testcase classname="tests.e2e.test_config_flow_modules_e2e" name="test_options_upgrade_toggle_dashboard" time="1.742" /><testcase classname="tests.test_set_box_mode_composite" name="test_action_home_grid_v_true_and_home_grid_vi_true" time="0.005" /><testcase classname="tests.test_set_box_mode_composite" name="test_action_legacy_alias_schema_rejection[home_6]" time="0.004" /><testcase classname="tests.test_set_box_mode_composite" name="test_action_home_grid_v_false_preserves_vi_bit" time="0.006" /><testcase classname="tests.test_set_box_mode_composite" name="test_action_legacy_alias_schema_rejection[Home 5]" time="0.004" /><testcase classname="tests.test_set_box_mode_composite" name="test_action_missing_box_prm2_app_raises" time="0.009" /><testcase classname="tests.test_set_box_mode_composite" name="test_action_legacy_alias_schema_rejection[Home 6]" time="0.005" /><testcase classname="tests.test_set_box_mode_composite" name="test_action_legacy_alias_schema_rejection[home5]" time="0.004" /><testcase classname="tests.test_set_box_mode_composite" name="test_action_flexibilita_active_raises" time="0.007" /><testcase classname="tests.test_services_box_id" name="test_get_box_id_from_entry_option" time="0.137" /><testcase classname="tests.test_set_box_mode_composite" name="test_action_legacy_alias_schema_rejection[home6]" time="0.004" /><testcase classname="tests.e2e.test_config_flow_modules_e2e" name="test_setup_emits_no_warnings" time="1.220" /><testcase classname="tests.test_services_box_id" name="test_get_box_id_from_coordinator_data" time="0.004" /><testcase classname="tests.test_services_box_id" name="test_get_box_id_from_device_identifier" time="0.005" /><testcase classname="tests.test_services_box_id" name="test_get_box_id_device_missing" time="0.005" /><testcase classname="tests.test_services_box_id" name="test_get_box_id_from_entry_data_inverter_sn" time="0.004" /><testcase classname="tests.test_shared_logging_redact" name="test_redact_sensitive_token_pattern" time="0.157" /><testcase classname="tests.test_shared_logging_redact" name="test_redact_sensitive_cookie_pattern" time="0.003" /><testcase classname="tests.test_services_init_coverage" name="test_shield_log_prefix" time="0.164" /><testcase classname="tests.test_shared_logging_redact" name="test_setup_simple_telemetry_success" time="0.003" /><testcase classname="tests.test_services_init_coverage" name="test_register_service_already_exists" time="0.007" /><testcase classname="tests.test_shared_logging_redact" name="test_telemetry_send_event_session_not_available" time="0.007" /><testcase classname="tests.test_services_init_coverage" name="test_register_service_if_missing_registers_new_service" time="0.006" /><testcase classname="tests.test_shared_logging_redact" name="test_telemetry_close_no_session" time="0.009" /><testcase classname="tests.test_shared_logging_redact" name="test_telemetry_close_closed_session" time="0.007" /><testcase classname="tests.test_shared_logging" name="test_send_event_success" time="0.159" /><testcase classname="tests.test_shared_logging_redact" name="test_redact_sensitive_string_without_sensitive_data" time="0.174" /><testcase classname="tests.test_shared_logging_redact" name="test_redact_sensitive_list_and_dict" time="0.006" /><testcase classname="tests.test_shared_logging" name="test_send_event_failure" time="0.007" /><testcase classname="tests.test_shared_logging" name="test_send_event_exception" time="0.008" /><testcase classname="tests.test_shared_logging_redact" name="test_redact_sensitive_nested_token" time="0.006" /><testcase classname="tests.test_shared_logging_redact" name="test_imports_fallback_when_aiohttp_unavailable" time="0.005" /><testcase classname="tests.test_shared_logging" name="test_get_session_reuses_connector" time="0.151" /><testcase classname="tests.test_shared_logging_redact" name="test_redact_sensitive_empty_string" time="0.006" /><testcase classname="tests.test_shared_logging_redact" name="test_import_fallback_executes_except_branch" time="0.009" /><testcase classname="tests.test_shared_logging" name="test_get_session_recreates_when_closed" time="0.007" /><testcase classname="tests.test_shared_logging" name="test_close_session" time="0.005" /><testcase classname="tests.test_shared_logging" name="test_setup_simple_telemetry" time="0.004" /><testcase classname="tests.test_shared_logging" name="test_setup_simple_telemetry_error" time="0.005" /><testcase classname="tests.test_set_box_mode_composite" name="test_schema_mode_home_1_alone_valid" time="0.159" /><testcase classname="tests.test_set_box_mode_composite" name="test_schema_mode_with_toggles_valid" time="0.003" /><testcase classname="tests.test_set_box_mode_composite" name="test_schema_toggles_only_valid" time="0.003" /><testcase classname="tests.test_set_box_mode_composite" name="test_schema_empty_call_invalid" time="0.003" /><testcase classname="tests.test_shield_composite_box_mode.TestMatchesBoxPrm2App" name="test_matcher_validates_numeric_match" time="0.128" /><testcase classname="tests.test_set_box_mode_composite" name="test_schema_rejects_legacy_aliases[home_5]" time="0.007" /><testcase classname="tests.test_shield_composite_box_mode.TestMatchesBoxPrm2App" name="test_matcher_rejects_numeric_mismatch" time="0.003" /><testcase classname="tests.test_shield_composite_box_mode.TestMatchesBoxPrm2App" name="test_matcher_handles_string_numeric" time="0.002" /><testcase classname="tests.test_set_box_mode_composite" name="test_schema_rejects_legacy_aliases[home_6]" time="0.003" /><testcase classname="tests.test_shield_composite_box_mode.TestMatchesBoxPrm2App" name="test_matcher_rejects_app_4" time="0.003" /><testcase classname="tests.test_set_box_mode_composite" name="test_schema_rejects_legacy_aliases[Home 5]" time="0.003" /><testcase classname="tests.test_shield_composite_box_mode.TestExpectedBoxModeValidation" name="test_expected_box_mode_app_step_no_toggles_raises" time="0.136" /><testcase classname="tests.test_shield_composite_box_mode.TestExpectedBoxModeValidation" name="test_expected_box_mode_mode_step" time="0.004" /><testcase classname="tests.test_shield_composite_box_mode.TestExpectedBoxModeValidation" name="test_expected_box_mode_mode_step_skips_if_already_match" time="0.003" /><testcase classname="tests.test_shield_composite_box_mode.TestSplitBoxModeParams" name="test_split_both_mode_and_toggles" time="0.137" /><testcase classname="tests.test_shield_composite_box_mode.TestExpectedBoxModeValidation" name="test_expected_box_mode_app_step" time="0.004" /><testcase classname="tests.test_shield_composite_box_mode.TestExpectedBoxModeValidation" name="test_expected_box_mode_without_step_defaults_to_mode" time="0.003" /><testcase classname="tests.test_shield_composite_box_mode.TestSplitBoxModeParams" name="test_split_preserves_other_params" time="0.004" /><testcase classname="tests.test_shared_logging_redact" name="test_redact_sensitive_none" time="0.118" /><testcase classname="tests.test_shield_composite_box_mode.TestExpectedBoxModeValidation" name="test_expected_box_mode_rejects_app_value_4" time="0.003" /><testcase classname="tests.test_shield_composite_box_mode.TestExpectedBoxModeValidation" name="test_expected_box_mode_toggle_only" time="0.004" /><testcase classname="tests.test_shield_composite_box_mode.TestSplitBoxModeParams" name="test_no_split_when_only_mode" time="0.003" /><testcase classname="tests.test_shield_composite_box_mode.TestExpectedBoxModeValidation" name="test_expected_box_mode_app_entity_missing_raises" time="0.003" /><testcase classname="tests.test_shared_logging_redact" name="test_redact_sensitive_bool_int_float" time="0.004" /><testcase classname="tests.test_shield_composite_box_mode.TestExpectedBoxModeValidation" name="test_expected_box_mode_app_step_skips_if_already_match" time="0.004" /><testcase classname="tests.test_shield_composite_box_mode.TestSplitBoxModeParams" name="test_no_split_when_only_toggles" time="0.003" /><testcase classname="tests.test_shield_composite_box_mode.TestSelectEntityMatcher" name="test_box_prm2_app_uses_numeric_matcher" time="0.004" /><testcase classname="tests.test_shared_logging_redact" name="test_redact_sensitive_short_string" time="0.013" /><testcase classname="tests.test_shield_composite_box_mode.TestSplitBoxModeParams" name="test_no_split_when_no_toggles" time="0.003" /><testcase classname="tests.test_shield_composite_box_mode.TestQueueEntitiesMatch" name="test_entities_match_logs_box_mode_step" time="0.004" /><testcase classname="tests.test_shield_composite_box_mode.TestIntegrationSplitFlow" name="test_split_flow_ordering" time="0.002" /><testcase classname="tests.test_shield_composite_box_mode.TestIntegrationSplitFlow" name="test_step_metadata_preserved_through_validation" time="0.003" /><testcase classname="tests.test_shield_composite_box_mode.TestQueueEntitiesMatch" name="test_entities_match_logs_app_step" time="0.005" /><testcase classname="tests.test_shield_composite_box_mode.TestIntegrationSplitFlow" name="test_handle_split_box_mode_queues_both_steps_in_order" time="0.005" /><testcase classname="tests.test_shared_logging_redact" name="test_redact_sensitive_long_string" time="0.004" /><testcase classname="tests.test_shield_composite_box_mode.TestIntegrationSplitFlow" name="test_two_back_to_back_composite_requests_serialized" time="0.006" /><testcase classname="tests.test_shield_composite_box_mode.TestIntegrationSplitFlow" name="test_intercept_service_call_uses_split_for_composite_box_mode" time="0.005" /><testcase classname="tests.test_shield_composite_box_mode.TestShieldSensorDescriptions" name="test_box_prm2_app_param_type" time="0.002" /><testcase classname="tests.test_shield_composite_box_mode.TestShieldSensorDescriptions" name="test_existing_param_types_unchanged" time="0.003" /><testcase classname="tests.test_shield_regression_gaps.TestSuffixParityInValidation" name="test_find_entity_by_suffix_base_takes_precedence_over_suffixed" time="0.126" /><testcase classname="tests.test_shield_regression_gaps.TestSuffixParityInValidation" name="test_extract_expected_grid_mode_with_only_suffixed_entity" time="0.003" /><testcase classname="tests.test_shield_regression_gaps.TestSuffixParityInValidation" name="test_extract_expected_grid_limit_with_only_suffixed_entity" time="0.003" /><testcase classname="tests.test_shield_regression_gaps.TestQueueCompletionFalsePositivePrevention" name="test_limit_step_fails_when_mode_entity_unknown" time="0.117" /><testcase classname="tests.test_shield_regression_gaps.TestSuffixParityInValidation" name="test_extract_expected_grid_mode_suffixed_when_both_exist" time="0.003" /><testcase classname="tests.test_shield_regression_gaps.TestQueueCompletionFalsePositivePrevention" name="test_split_flow_neither_step_completes_when_both_unavailable" time="0.004" /><testcase classname="tests.test_shield_regression_gaps.TestLocalProxyKingEdgeCases" name="test_mode_unavailable_with_suffixed_entity_returns_expected" time="0.003" /><testcase classname="tests.test_shield_regression_gaps.TestQueueCompletionFalsePositivePrevention" name="test_regular_service_not_affected_by_grid_lag_checks" time="0.003" /><testcase classname="tests.test_shield_regression_gaps.TestLocalProxyKingEdgeCases" name="test_limit_unavailable_with_suffixed_entity_returns_expected" time="0.005" /><testcase classname="tests.test_shield_regression_gaps.TestMalformedSensorDataHandling" name="test_mode_entity_non_standard_text_value_returns_expected" time="0.004" /><testcase classname="tests.test_shield_regression_gaps.TestMalformedSensorDataHandling" name="test_normalize_entity_values_handles_malformed_mode" time="0.118" /><testcase classname="tests.test_shield_regression_gaps.TestLocalProxyKingEdgeCases" name="test_both_queen_and_king_available_parity_check" time="0.004" /><testcase classname="tests.test_shield_regression_gaps.TestMalformedSensorDataHandling" name="test_limit_entity_malformed_non_numeric_string_returns_expected" time="0.003" /><testcase classname="tests.test_shield_regression_gaps.TestSplitTransitionLagHandling" name="test_limit_step_rejects_when_mode_shows_wrong_state" time="0.003" /><testcase classname="tests.test_shield_regression_gaps.TestSplitTransitionLagHandling" name="test_limit_step_accepts_when_mode_shows_limited" time="0.004" /><testcase classname="tests.test_shield_regression_gaps.TestMalformedSensorDataHandling" name="test_limit_entity_float_rounds_correctly" time="0.005" /><testcase classname="tests.test_shield_regression_gaps.TestSplitTransitionLagHandling" name="test_transition_lag_window_limit_matches_but_mode_not" time="0.003" /><testcase classname="tests.test_shield_regression_gaps.TestMalformedSensorDataHandling" name="test_queue_completion_rejects_mode_with_non_standard_value" time="0.003" /><testcase classname="tests.test_shield_regression_gaps.TestSplitTransitionLagHandling" name="test_mode_step_rejects_when_mode_not_matching" time="0.003" /><testcase classname="tests.test_shield_split_grid_delivery.TestSplitGridDeliveryParams" name="test_split_both_mode_and_limit" time="0.115" /><testcase classname="tests.test_shield_regression_gaps.TestSplitTransitionLagHandling" name="test_mode_step_accepts_when_mode_already_matches" time="0.003" /><testcase classname="tests.test_shield_split_grid_delivery.TestSplitGridDeliveryParams" name="test_split_preserves_other_params" time="0.004" /><testcase classname="tests.test_shield_decision_telemetry" name="test_intercept_service_call_emits_allowed_cloud_event_when_request_proceeds" time="0.149" /><testcase classname="tests.test_shield_split_grid_delivery.TestSplitGridDeliveryParams" name="test_no_split_when_only_mode" time="0.003" /><testcase classname="tests.test_shield_split_grid_delivery.TestSplitGridDeliveryParams" name="test_no_split_when_only_limit" time="0.003" /><testcase classname="tests.test_shield_decision_telemetry" name="test_intercept_service_call_emits_allowed_bypass_event_for_missing_entity" time="0.009" /><testcase classname="tests.test_shield_split_grid_delivery.TestEntitiesAlreadyMatch" name="test_limit_step_never_skipped_early" time="0.003" /><testcase classname="tests.test_shield_split_grid_delivery.TestEntitiesAlreadyMatch" name="test_regular_step_can_skip_if_matches" time="0.004" /><testcase classname="tests.test_shield_decision_telemetry" name="test_intercept_service_call_emits_guardrail_event_when_change_already_completed" time="0.010" /><testcase classname="tests.test_shield_split_grid_delivery.TestQueueTelemetryLagHandling" name="test_malformed_numeric_value_prevents_completion" time="0.003" /><testcase classname="tests.test_shield_split_grid_delivery.TestQueueTelemetryLagHandling" name="test_regular_entities_not_affected_by_telemetry_lag_checks" time="0.003" /><testcase classname="tests.test_shield_split_grid_delivery.TestNormalizeEntityValuesHardened" name="test_limit_entity_unavailable_normalized_to_empty" time="0.003" /><testcase classname="tests.test_shield_decision_telemetry" name="test_intercept_service_call_emits_duplicate_blocked_event" time="0.010" /><testcase classname="tests.test_shield_split_grid_delivery.TestNormalizeEntityValuesHardened" name="test_limit_entity_none_normalized_to_empty" time="0.003" /><testcase classname="tests.test_shield_split_grid_delivery.TestNormalizeEntityValuesHardened" name="test_limit_entity_numeric_rounding" time="0.003" /><testcase classname="tests.test_shield_split_grid_delivery.TestNormalizeEntityValuesHardened" name="test_limit_entity_malformed_falls_back_to_string" time="0.003" /><testcase classname="tests.test_shield_decision_telemetry" name="test_handle_timeout_emits_timeout_cloud_event_and_warning_marker" time="0.009" /><testcase classname="tests.test_shield_split_grid_delivery.TestNormalizeEntityValuesHardened" name="test_mode_entity_unavailable_uses_normalize_value" time="0.003" /><testcase classname="tests.test_shield_split_grid_delivery.TestNormalizeEntityValuesHardened" name="test_duplicate_in_queue_with_empty_params" time="0.003" /><testcase classname="tests.test_shield_decision_telemetry" name="test_allow_path_stays_non_blocking_when_cloud_emitter_raises" time="0.008" /><testcase classname="tests.test_shield_split_grid_delivery.TestNormalizeEntityValuesHardened" name="test_duplicate_in_pending_missing_entities_key" time="0.003" /><testcase classname="tests.test_shield_split_grid_delivery.TestNormalizeEntityValuesHardened" name="test_different_service_in_queue_not_duplicate" time="0.003" /><testcase classname="tests.test_shield_split_grid_delivery.TestEntitiesAlreadyMatch" name="test_mode_step_can_skip_if_matches" time="0.116" /><testcase classname="tests.test_shield_split_grid_delivery.TestEntitiesAlreadyMatch" name="test_no_params_regular_behavior" time="0.003" /><testcase classname="tests.test_shield_split_grid_delivery.TestExpectedGridDeliveryValidation" name="test_expected_grid_delivery_mode_with_step_metadata" time="0.003" /><testcase classname="tests.test_shield_split_grid_delivery.TestExpectedGridDeliveryValidation" name="test_expected_grid_delivery_limit_with_step_metadata" time="0.003" /><testcase classname="tests.test_shield_split_grid_delivery.TestExpectedGridDeliveryValidation" name="test_expected_grid_delivery_mode_skips_if_already_match" time="0.005" /><testcase classname="tests.test_shield_split_grid_delivery.TestQueueEntitiesMatch" name="test_entities_match_logs_grid_step" time="0.004" /><testcase classname="tests.test_shield_split_grid_delivery.TestQueueTelemetryLagHandling" name="test_limit_step_completes_when_mode_is_limited" time="0.123" /><testcase classname="tests.test_shield_split_grid_delivery.TestIntegrationSplitFlow" name="test_split_flow_ordering" time="0.130" /><testcase classname="tests.test_shield_split_grid_delivery.TestQueueTelemetryLagHandling" name="test_limit_step_completes_when_mode_entity_missing" time="0.005" /><testcase classname="tests.test_shield_split_grid_delivery.TestIntegrationSplitFlow" name="test_step_metadata_preserved_through_validation" time="0.004" /><testcase classname="tests.test_shield_split_grid_delivery.TestIntegrationSplitFlow" name="test_handle_split_grid_delivery_queues_both_steps_in_order" time="0.006" /><testcase classname="tests.test_shield_split_grid_delivery.TestQueueTelemetryLagHandling" name="test_unavailable_value_prevents_completion" time="0.003" /><testcase classname="tests.test_shield_split_grid_delivery.TestQueueTelemetryLagHandling" name="test_unknown_value_prevents_completion" time="0.003" /><testcase classname="tests.test_shield_split_grid_delivery.TestIntegrationSplitFlow" name="test_intercept_service_call_skips_when_entities_already_match" time="0.006" /><testcase classname="tests.test_shield_split_grid_delivery.TestQueueTelemetryLagHandling" name="test_none_value_prevents_completion" time="0.003" /><testcase classname="tests.test_shield_split_grid_delivery.TestIsDuplicate" name="test_duplicate_in_queue" time="0.003" /><testcase classname="tests.test_shield_split_grid_delivery.TestQueueTelemetryLagHandling" name="test_limit_step_not_complete_when_mode_not_limited" time="0.003" /><testcase classname="tests.test_shield_validation_more" name="test_extract_api_info_grid_delivery" time="0.118" /><testcase classname="tests.test_shield_validation_more" name="test_extract_expected_entities_box_mode_resolve" time="0.003" /><testcase classname="tests.test_shield_validation_more" name="test_extract_expected_entities_formating_mode" time="0.003" /><testcase classname="tests.test_shield_regression_gaps.TestSuffixParityInValidation" name="test_find_entity_by_suffix_only_suffixed_entity_exists" time="0.137" /><testcase classname="tests.test_shield_validation_more2" name="test_get_entity_state_missing" time="0.121" /><testcase classname="tests.test_shield_validation_more2" name="test_extract_api_info_variants" time="0.002" /><testcase classname="tests.test_shield_validation_more2" name="test_extract_expected_entities_no_box_id" time="0.003" /><testcase classname="tests.test_shield_validation_more2" name="test_extract_expected_entities_unknown_boiler_mode" time="0.003" /><testcase classname="tests.test_shield_validation_more2" name="test_extract_expected_entities_grid_delivery_limit_same" time="0.119" /><testcase classname="tests.test_shield_validation_more2" name="test_extract_expected_entities_grid_delivery_mode_same" time="0.003" /><testcase classname="tests.test_shield_validation_more2" name="test_extract_expected_entities_grid_delivery_bad_inputs" time="0.003" /><testcase classname="tests.test_shield_validation_more3" name="test_extract_expected_entities_skips_invalid_entries" time="0.122" /><testcase classname="tests.test_shield_validation_more2" name="test_check_entity_state_change_variants" time="0.003" /><testcase classname="tests.test_shield_validation_more3" name="test_extract_expected_entities_resolve_box_id_error" time="0.004" /><testcase classname="tests.test_shield_validation_more3" name="test_extract_expected_entities_box_mode_no_entity_match" time="0.004" /><testcase classname="tests.test_shield_validation_more3" name="test_extract_expected_entities_box_mode_none" time="0.002" /><testcase classname="tests.test_shield_validation_more3" name="test_is_entity_unavailable_live_state_is_ok" time="0.002" /><testcase classname="tests.test_shield_validation_more3" name="test_extract_expected_entities_grid_mode_unavailable_returns_expected" time="0.003" /><testcase classname="tests.test_shield_validation_more3" name="test_extract_expected_entities_grid_limit_unavailable_returns_expected" time="0.003" /><testcase classname="tests.test_shield_validation_more3" name="test_extract_expected_entities_grid_mode_suffixed_entity" time="0.003" /><testcase classname="tests.test_shield_validation_more3" name="test_extract_expected_entities_grid_limit_suffixed_entity" time="0.003" /><testcase classname="tests.test_shield_validation_more2" name="test_values_match_numeric_and_exception" time="0.118" /><testcase classname="tests.test_shield_validation" name="test_normalize_value_and_values_match" time="0.117" /><testcase classname="tests.test_shield_validation" name="test_extract_api_info" time="0.004" /><testcase classname="tests.test_shield_validation" name="test_extract_expected_entities_box_mode" time="0.005" /><testcase classname="tests.test_shield_validation" name="test_extract_expected_entities_formating" time="0.004" /><testcase classname="tests.test_shield_validation" name="test_matches_box_mode_invalid_type" time="0.004" /><testcase classname="tests.test_shield_validation_more3" name="test_check_entity_state_change_grid_mode_unknown_expected" time="0.110" /><testcase classname="tests.test_shield_validation_more3" name="test_find_entity_by_suffix_prefers_exact_match" time="0.006" /><testcase classname="tests.test_shield_validation_more3" name="test_find_entity_by_suffix_prefers_lowest_numeric_suffix" time="0.003" /><testcase classname="tests.test_shield_validation_more3" name="test_find_entity_by_suffix_ignores_non_numeric_suffix" time="0.004" /><testcase classname="tests.test_shield_validation_more3" name="test_is_entity_unavailable_missing_entity" time="0.111" /><testcase classname="tests.test_shield_validation_more3" name="test_is_entity_unavailable_unknown_state" time="0.003" /><testcase classname="tests.test_shield_validation_more3" name="test_is_entity_unavailable_unavailable_state" time="0.003" /><testcase classname="tests.test_simple_telemetry" name="test_send_event_logs_info_once_for_expected_4xx" time="0.124" /><testcase classname="tests.test_shield_validation_more3" name="test_extract_expected_entities_boiler_mode_same" time="0.122" /><testcase classname="tests.test_simple_telemetry" name="test_send_event_logs_warning_for_unexpected_status" time="0.005" /><testcase classname="tests.test_shield_validation_more3" name="test_extract_expected_entities_grid_limit_bad_state" time="0.004" /><testcase classname="tests.test_shield_validation_more3" name="test_check_entity_state_change_grid_modes_and_numeric_errors" time="0.003" /><testcase classname="tests.test_shield_validation_more3" name="test_extract_expected_entities_unknown_service" time="0.003" /><testcase classname="tests.test_simulate_interval_new.TestHOMEI" name="test_day_deficit_discharges_battery" time="0.124" /><testcase classname="tests.test_simulate_interval_new.TestHOMEI" name="test_day_deficit_battery_at_hw_min_uses_grid" time="0.003" /><testcase classname="tests.test_simulate_interval_new.TestHOMEIII" name="test_day_no_solar_grid_only" time="0.004" /><testcase classname="tests.test_simulate_interval_new.TestHOMEIII" name="test_night_identical_to_home_i" time="0.003" /><testcase classname="tests.test_simulate_interval_new.TestHOMEUPS" name="test_charges_from_solar_unlimited" time="0.003" /><testcase classname="tests.test_simulate_interval_new.TestHOMEUPS" name="test_charges_from_grid_limited_2_8kw" time="0.003" /><testcase classname="tests.test_simulate_interval_new.TestHOMEUPS" name="test_charges_from_solar_and_grid" time="0.003" /><testcase classname="tests.test_simulate_interval_new.TestHOMEUPS" name="test_battery_full_exports_solar" time="0.003" /><testcase classname="tests.test_simulate_interval_new.TestHOMEII" name="test_day_deficit_NETOUCHED_uses_grid" time="0.115" /><testcase classname="tests.test_simulate_interval_new.TestHOMEI" name="test_night_discharges_to_hw_min" time="0.128" /><testcase classname="tests.test_simulate_interval_new.TestNightOptimization" name="test_all_modes_identical_at_night" time="0.003" /><testcase classname="tests.test_simulate_interval_new.TestHOMEII" name="test_night_identical_to_home_i" time="0.004" /><testcase classname="tests.test_simulate_interval_new.TestHOMEII" name="test_day_surplus_charges_battery" time="0.003" /><testcase classname="tests.test_simulate_interval_new.TestNightOptimization" name="test_night_optimization_respects_hw_min" time="0.003" /><testcase classname="tests.test_simulate_interval_new.TestEdgeCases" name="test_zero_solar_zero_load" time="0.003" /><testcase classname="tests.test_simulate_interval_new.TestEdgeCases" name="test_invalid_mode_raises_error" time="0.005" /><testcase classname="tests.test_simulate_interval_new.TestEdgeCases" name="test_efficiency_applied_correctly" time="0.003" /><testcase classname="tests.test_simulate_interval_new.TestEdgeCases" name="test_net_cost_calculation" time="0.004" /><testcase classname="tests.test_simulate_interval_new.TestRealWorldScenarios" name="test_cloudy_day_home_ii_saves_battery" time="0.004" /><testcase classname="tests.test_simulate_interval_new.TestRealWorldScenarios" name="test_sunny_day_home_i" time="0.003" /><testcase classname="tests.test_simulate_interval_new.TestRealWorldScenarios" name="test_home_iii_aggressive_charging" time="0.003" /><testcase classname="tests.test_simulate_interval_new.TestRealWorldScenarios" name="test_home_ups_charges_to_100_percent" time="0.005" /><testcase classname="tests.test_simulate_interval_new.TestHOMEI" name="test_day_surplus_charges_battery" time="0.108" /><testcase classname="tests.test_simulate_interval_new.TestHOMEI" name="test_day_surplus_battery_full_exports" time="0.003" /><testcase classname="tests.test_simulate_interval_new.TestHOMEIII" name="test_day_all_solar_to_battery" time="0.115" /><testcase classname="tests.test_simulate_interval_new.TestHOMEIII" name="test_day_battery_full_exports_surplus" time="0.004" /><testcase classname="tests.test_statistics_storage" name="test_save_sensor_data_queues_data" time="0.119" /><testcase classname="tests.test_statistics_storage" name="test_singleton_pattern" time="0.126" /><testcase classname="tests.test_statistics_storage" name="test_save_all_handles_empty_pending" time="0.006" /><testcase classname="tests.test_statistics_storage" name="test_save_all_writes_pending_data" time="0.123" /><testcase classname="tests.test_statistics_storage" name="test_save_sensor_data_overwrites_existing" time="0.006" /><testcase classname="tests.test_statistics_storage" name="test_flush_statistics_calls_instance_flush" time="0.006" /><testcase classname="tests.test_statistics_storage" name="test_save_all_resets_last_batch_time" time="0.005" /><testcase classname="tests.test_statistics_storage" name="test_multiple_sensors_can_queue_separately" time="0.005" /><testcase classname="tests.test_statistics_storage" name="test_maybe_flush_returns_early_without_last_batch_time" time="0.121" /><testcase classname="tests.test_statistics_storage" name="test_save_all_handles_storage_errors" time="0.007" /><testcase classname="tests.test_statistics_storage" name="test_get_store_builds_expected_key" time="0.004" /><testcase classname="tests.test_statistics_storage" name="test_maybe_flush_skips_when_age_below_cooldown" time="0.007" /><testcase classname="tests.test_statistics_storage" name="test_maybe_flush_flushes_when_age_above_cooldown" time="0.114" /><testcase classname="tests.test_statistics_storage" name="test_save_statistics_data_saves_directly" time="0.004" /><testcase classname="tests.test_utilities_coverage" name="test_dict_operations" time="0.116" /><testcase classname="tests.test_utilities_coverage" name="test_bool_operations" time="0.003" /><testcase classname="tests.test_utilities_coverage" name="test_simple_namespace_getattr" time="0.134" /><testcase classname="tests.test_utilities_coverage" name="test_string_operations" time="0.123" /><testcase classname="tests.test_utilities_coverage" name="test_datetime_operations" time="0.133" /><testcase classname="tests.test_utilities_coverage" name="test_list_operations" time="0.003" /><testcase classname="tests.test_utilities_coverage" name="test_float_operations" time="0.004" /><testcase classname="tests.test_utilities_coverage" name="test_none_checks" time="0.117" /><testcase classname="tests.test_utilities_coverage" name="test_int_operations" time="0.003" /><testcase classname="tests.e2e.test_config_flow_modules_e2e" name="test_options_update_triggers_reload" time="2.583" /><testcase classname="tests.e2e.test_config_flow_runtime_e2e" name="test_intervals_and_debounce_applied" time="1.309" /><testcase classname="tests.e2e.test_config_flow_runtime_e2e" name="test_solar_provider_and_strings_applied" time="1.233" /><testcase classname="tests.e2e.test_config_flow_runtime_e2e" name="test_reconfigure_updates_modules_and_intervals" time="1.705" /><testcase classname="tests.e2e.test_config_flow_runtime_e2e" name="test_solar_forecast_provider_switch_updates_config" time="1.387" /><testcase classname="tests.e2e.test_config_flow_runtime_e2e" name="test_solar_forecast_strings_follow_state" time="2.762" /><testcase classname="tests.e2e.test_config_flow_runtime_e2e" name="test_solar_provider_and_strings_combinations[forecast_solar-none-True-False]" time="1.235" /><testcase classname="tests.e2e.test_config_flow_runtime_e2e" name="test_solar_provider_and_strings_combinations[forecast_solar-with_key-True-False]" time="1.259" /><testcase classname="tests.e2e.test_config_flow_runtime_e2e" name="test_solar_provider_and_strings_combinations[solcast-with_key-True-False]" time="4.908" /><testcase classname="tests.e2e.test_config_flow_runtime_e2e" name="test_solar_provider_and_strings_combinations[solcast-with_key-True-True]" time="1.256" /><testcase classname="tests.e2e.test_critical_sensors_e2e" name="test_critical_sensor_battery_health" time="1.292" /><testcase classname="tests.e2e.test_critical_sensors_e2e" name="test_critical_sensor_battery_balancing" time="3.293" /><testcase classname="tests.e2e.test_critical_sensors_e2e" name="test_critical_sensor_charging_efficiency" time="1.232" /><testcase classname="tests.e2e.test_data_refresh_fallback_e2e" name="test_ote_cache_then_refresh_after_13" time="1.852" /><testcase classname="tests.e2e.test_data_refresh_fallback_e2e" name="test_chmu_keeps_cached_data_on_error" time="1.235" /><testcase classname="tests.e2e.test_data_refresh_fallback_e2e" name="test_forecast_solar_fallback_then_recovery" time="1.294" /><testcase classname="tests.e2e.test_data_refresh_fallback_e2e" name="test_solcast_fallback_then_recovery" time="1.217" /><testcase classname="tests.e2e.test_forecast_provider_recompute_e2e" name="test_forecast_provider_switch_updates_recommended_mode" time="4.275" /><testcase classname="tests.e2e.test_frontend_flow_e2e" name="test_frontend_config_flow_renders" time="0.103" /><testcase classname="tests.e2e.test_frontend_flow_e2e" name="test_frontend_tile_add_remove" time="0.027" /><testcase classname="tests.e2e.test_pricing_timeline_e2e" name="test_tariff_config_and_spot_vs_fixed_pricing" time="0.085" /><testcase classname="tests.e2e.test_pricing_timeline_e2e" name="test_pricing_timeline_recomputes_after_config_change" time="0.003" /><testcase classname="tests.e2e.test_pricing_timeline_e2e" name="test_spot_prices_fallback_to_ote_cache" time="0.003" /><testcase classname="tests.e2e.test_runtime_history_e2e" name="test_any_entity_change_updates_real_data_timestamp" time="3.462" /><testcase classname="tests.e2e.test_runtime_history_e2e" name="test_fetch_interval_from_history_mocked" time="1.210" /><testcase classname="tests.e2e.test_runtime_history_e2e" name="test_efficiency_history_load_mocked" time="1.319" /><testcase classname="tests.e2e.test_services_e2e" name="test_services_registered" time="0.106" /><testcase classname="tests.e2e.test_services_e2e" name="test_service_set_box_mode_calls_api" time="0.030" /><testcase classname="tests.e2e.test_services_e2e" name="test_service_set_grid_delivery_calls_api" time="0.029" /><testcase classname="tests.e2e.test_services_e2e" name="test_service_set_boiler_mode_calls_api" time="0.031" /><testcase classname="tests.e2e.test_services_e2e" name="test_service_set_formating_mode_calls_api" time="0.029" /><testcase classname="tests.e2e.test_services_e2e" name="test_service_update_solar_forecast_calls_update" time="0.028" /><testcase classname="tests.e2e.test_services_e2e" name="test_service_dashboard_tiles_roundtrip" time="0.027" /><testcase classname="tests.test_adaptive_consumption" name="test_format_profile_description_strips_similarity" time="0.084" /><testcase classname="tests.test_adaptive_consumption" name="test_format_profile_description_empty" time="0.002" /><testcase classname="tests.test_adaptive_consumption" name="test_calculate_consumption_summary_list_and_dict" time="0.002" /><testcase classname="tests.test_adaptive_consumption" name="test_process_adaptive_consumption_for_dashboard" time="0.002" /><testcase classname="tests.test_adaptive_consumption" name="test_select_tomorrow_profile_transition" time="0.002" /><testcase classname="tests.test_adaptive_consumption" name="test_select_tomorrow_profile_standard" time="0.002" /><testcase classname="tests.test_adaptive_consumption_more" name="test_normalize_profile_name_empty" time="0.081" /><testcase classname="tests.test_adaptive_consumption_more" name="test_normalize_profile_name_fallback" time="0.002" /><testcase classname="tests.test_adaptive_consumption_more" name="test_normalize_profile_name_strips_similarity_marker" time="0.002" /><testcase classname="tests.test_adaptive_consumption_more" name="test_normalize_profile_name_handles_unclosed_paren" time="0.003" /><testcase classname="tests.test_adaptive_consumption_more" name="test_normalize_profile_name_keeps_non_similarity_parens" time="0.002" /><testcase classname="tests.test_adaptive_consumption_more" name="test_build_profile_suffix_invalid_values" time="0.002" /><testcase classname="tests.test_adaptive_consumption_more" name="test_build_dashboard_profile_details_no_score" time="0.002" /><testcase classname="tests.test_adaptive_consumption_more" name="test_calculate_charging_cost_today_invalid_rows" time="0.002" /><testcase classname="tests.test_adaptive_consumption_more" name="test_season_and_transition_helpers" time="0.002" /><testcase classname="tests.test_adaptive_consumption_more" name="test_select_profile_by_prefix" time="0.002" /><testcase classname="tests.test_adaptive_consumption_more" name="test_process_adaptive_consumption_invalid_profiles" time="0.002" /><testcase classname="tests.test_adaptive_consumption_more" name="test_calculate_consumption_summary_invalid_type" time="0.002" /><testcase classname="tests.test_adaptive_consumption_more" name="test_get_adaptive_load_prediction_variants" time="0.005" /><testcase classname="tests.test_adaptive_consumption_more" name="test_get_profiles_from_sensor_variants" time="0.003" /><testcase classname="tests.test_adaptive_consumption_more" name="test_get_today_hourly_consumption_variants" time="0.003" /><testcase classname="tests.test_adaptive_consumption_more" name="test_calculate_recent_consumption_ratio_variants" time="0.003" /><testcase classname="tests.test_adaptive_consumption_more" name="test_apply_consumption_boost_and_similarity" time="0.002" /><testcase classname="tests.test_adaptive_consumption_more" name="test_select_tomorrow_profile_error" time="0.002" /><testcase classname="tests.test_adaptive_consumption_more" name="test_get_consumption_today_variants" time="0.004" /><testcase classname="tests.test_adaptive_consumption_more" name="test_get_load_avg_fallback_variants" time="0.002" /><testcase classname="tests.test_adaptive_load_profiles_sensor_more" name="test_get_season" time="0.081" /><testcase classname="tests.test_adaptive_load_profiles_sensor_more" name="test_generate_profile_name_variants" time="0.003" /><testcase classname="tests.test_adaptive_load_profiles_sensor_more" name="test_fill_missing_values" time="0.003" /><testcase classname="tests.test_adaptive_load_profiles_sensor_more" name="test_build_daily_profiles_and_72h" time="0.004" /><testcase classname="tests.test_adaptive_load_profiles_sensor_more" name="test_build_current_match" time="0.003" /><testcase classname="tests.test_adaptive_load_profiles_sensor_more" name="test_apply_floor_to_prediction" time="0.002" /><testcase classname="tests.test_adaptive_load_profiles_sensor_more" name="test_calculate_profile_similarity" time="0.003" /><testcase classname="tests.test_adaptive_load_profiles_sensor_more" name="test_extra_state_attributes_prediction" time="0.003" /><testcase classname="tests.test_adaptive_load_profiles_sensor_more" name="test_async_added_and_removed_starts_task" time="0.003" /><testcase classname="tests.test_adaptive_load_profiles_sensor_more" name="test_profiling_loop_cancel" time="0.005" /><testcase classname="tests.test_adaptive_load_profiles_sensor_more" name="test_wait_for_next_profile_window" time="0.003" /><testcase classname="tests.test_adaptive_load_profiles_sensor_more" name="test_create_and_update_profile_success" time="0.003" /><testcase classname="tests.test_adaptive_load_profiles_sensor_more" name="test_create_and_update_profile_warming_up" time="0.005" /><testcase classname="tests.test_adaptive_load_profiles_sensor_more" name="test_get_energy_unit_factor" time="0.002" /><testcase classname="tests.test_adaptive_load_profiles_sensor_more" name="test_load_hourly_series_and_earliest_start" time="0.003" /><testcase classname="tests.test_adaptive_load_profiles_sensor_more" name="test_find_best_matching_profile_paths" time="0.004" /><testcase classname="tests.test_adaptive_load_profiles_sensor_more" name="test_find_best_matching_profile_fallback" time="0.003" /><testcase classname="tests.test_adaptive_load_profiles_sensor_more2" name="test_init_fallback_box_id" time="0.083" /><testcase classname="tests.test_adaptive_load_profiles_sensor_more2" name="test_profiling_loop_error_branch" time="0.005" /><testcase classname="tests.test_adaptive_load_profiles_sensor_more2" name="test_create_and_update_profile_error" time="0.003" /><testcase classname="tests.test_adaptive_load_profiles_sensor_more2" name="test_get_energy_unit_factor_no_hass" time="0.002" /><testcase classname="tests.test_adaptive_load_profiles_sensor_more2" name="test_generate_profile_name_spikes" time="0.002" /><testcase classname="tests.test_adaptive_load_profiles_sensor_more2" name="test_build_daily_profiles_missing_and_empty" time="0.003" /><testcase classname="tests.test_adaptive_load_profiles_sensor_more2" name="test_build_current_match_variants" time="0.002" /><testcase classname="tests.test_adaptive_load_profiles_sensor_more2" name="test_apply_floor_to_prediction" time="0.002" /><testcase classname="tests.test_adaptive_load_profiles_sensor_more2" name="test_calculate_profile_similarity_mismatch_and_zero_total" time="0.002" /><testcase classname="tests.test_adaptive_load_profiles_sensor_more2" name="test_calculate_profile_similarity_exception" time="0.003" /><testcase classname="tests.test_adaptive_load_profiles_sensor_more2" name="test_find_best_matching_profile_error" time="0.004" /><testcase classname="tests.test_adaptive_load_profiles_sensor_more2" name="test_prediction_accessors" time="0.002" /><testcase classname="tests.test_adaptive_load_profiles_sensor_more2" name="test_profiling_loop_runs_once" time="0.003" /><testcase classname="tests.test_adaptive_load_profiles_sensor_more2" name="test_profiling_loop_fatal_error" time="0.003" /><testcase classname="tests.test_adaptive_load_profiles_sensor_more2" name="test_wait_for_next_profile_window_after_midnight" time="0.003" /><testcase classname="tests.test_adaptive_load_profiles_sensor_more2" name="test_load_hourly_series_no_hass" time="0.003" /><testcase classname="tests.test_adaptive_load_profiles_sensor_more2" name="test_load_hourly_series_empty_rows" time="0.003" /><testcase classname="tests.test_adaptive_load_profiles_sensor_more2" name="test_load_hourly_series_value_filters" time="0.003" /><testcase classname="tests.test_adaptive_load_profiles_sensor_more2" name="test_load_hourly_series_error" time="0.003" /><testcase classname="tests.test_adaptive_load_profiles_sensor_more2" name="test_get_earliest_statistics_start_no_hass" time="0.003" /><testcase classname="tests.test_adaptive_load_profiles_sensor_more2" name="test_get_earliest_statistics_start_no_data" time="0.003" /><testcase classname="tests.test_adaptive_load_profiles_sensor_more2" name="test_build_72h_profiles_gaps_and_length" time="0.002" /><testcase classname="tests.test_adaptive_load_profiles_sensor_more2" name="test_build_current_match_edge_cases" time="0.002" /><testcase classname="tests.test_adaptive_load_profiles_sensor_more2" name="test_load_hourly_series_filters_out_of_range" time="0.003" /><testcase classname="tests.test_adaptive_load_profiles_sensor_more2" name="test_build_current_match_at_midnight_current_hour_zero" time="0.002" /><testcase classname="tests.test_adaptive_load_profiles_sensor_more2" name="test_build_current_match_missing_today_values" time="0.002" /><testcase classname="tests.test_adaptive_load_profiles_sensor_more2" name="test_build_current_match_missing_today_hours" time="0.002" /><testcase classname="tests.test_adaptive_load_profiles_sensor_more2" name="test_build_current_match_empty_today_values" time="0.002" /><testcase classname="tests.test_adaptive_load_profiles_sensor_more2" name="test_coerce_stat_timestamp_variants" time="0.002" /><testcase classname="tests.test_adaptive_load_profiles_sensor_more2" name="test_parse_hourly_row_tuple_and_state_fallback" time="0.002" /><testcase classname="tests.test_adaptive_load_profiles_sensor_more2" name="test_get_earliest_statistics_start_accepts_start_time_key" time="0.003" /><testcase classname="tests.test_adaptive_load_profiles_sensor_more2" name="test_load_hourly_series_no_recorder" time="0.003" /><testcase classname="tests.test_adaptive_load_profiles_sensor_more2" name="test_load_hourly_series_invalid_rows" time="0.003" /><testcase classname="tests.test_adaptive_load_profiles_sensor_more2" name="test_get_earliest_statistics_start_no_recorder" time="0.003" /><testcase classname="tests.test_adaptive_load_profiles_sensor_more2" name="test_build_daily_profiles_missing_too_many" time="0.002" /><testcase classname="tests.test_adaptive_load_profiles_sensor_more2" name="test_build_current_match_missing_days" time="0.002" /><testcase classname="tests.test_adaptive_load_profiles_sensor_more2" name="test_apply_floor_to_prediction_empty" time="0.002" /><testcase classname="tests.test_adaptive_load_profiles_sensor_more2" name="test_calculate_profile_similarity_total_profile_zero" time="0.002" /><testcase classname="tests.test_adaptive_load_profiles_sensor_more2" name="test_find_best_matching_profile_for_sensor_no_hass" time="0.003" /><testcase classname="tests.test_adaptive_load_profiles_sensor_more2" name="test_find_best_matching_profile_for_sensor_no_data" time="0.003" /><testcase classname="tests.test_adaptive_load_profiles_sensor_more2" name="test_find_best_matching_profile_for_sensor_not_enough_days" time="0.003" /><testcase classname="tests.test_adaptive_load_profiles_sensor_more2" name="test_find_best_matching_profile_for_sensor_not_enough_current" time="0.003" /><testcase classname="tests.test_adaptive_load_profiles_sensor_more2" name="test_find_best_matching_profile_for_sensor_no_profiles" time="0.003" /><testcase classname="tests.test_adaptive_load_profiles_sensor_more2" name="test_find_best_matching_profile_for_sensor_no_scored" time="0.003" /><testcase classname="tests.test_adaptive_load_profiles_sensor_more2" name="test_get_earliest_statistics_start_string_unparseable" time="0.003" /><testcase classname="tests.test_adaptive_load_profiles_sensor_more2" name="test_get_earliest_statistics_start_int_timestamp" time="0.003" /><testcase classname="tests.test_adaptive_load_profiles_sensor_more2" name="test_get_earliest_statistics_start_float_timestamp" time="0.003" /><testcase classname="tests.test_adaptive_load_profiles_sensor_more2" name="test_get_earliest_statistics_start_millisecond_timestamp" time="0.003" /><testcase classname="tests.test_adaptive_load_profiles_sensor_more2" name="test_get_earliest_statistics_start_unsupported_type" time="0.003" /><testcase classname="tests.test_api_chmu" name="test_cache_validation_and_invalidate" time="0.083" /><testcase classname="tests.test_api_chmu" name="test_parse_polygon_and_circle" time="0.002" /><testcase classname="tests.test_api_chmu" name="test_geometry_helpers" time="0.002" /><testcase classname="tests.test_api_chmu" name="test_parse_cap_xml_minimal" time="0.002" /><testcase classname="tests.test_api_chmu" name="test_filter_select_and_prefer_language" time="0.002" /><testcase classname="tests.test_api_chmu_more" name="test_fetch_cap_xml_http_errors" time="0.086" /><testcase classname="tests.test_api_chmu_more" name="test_fetch_cap_xml_success" time="0.003" /><testcase classname="tests.test_api_chmu_more" name="test_fetch_cap_xml_timeout_and_client_error" time="0.005" /><testcase classname="tests.test_api_chmu_more" name="test_resolve_latest_cap_url_variants" time="0.019" /><testcase classname="tests.test_api_chmu_more" name="test_parse_cap_xml_error_and_info_exception" time="0.003" /><testcase classname="tests.test_api_chmu_more" name="test_parse_info_block_language_event_and_awareness" time="0.002" /><testcase classname="tests.test_api_chmu_more" name="test_get_text_with_xpath_default" time="0.003" /><testcase classname="tests.test_api_chmu_more" name="test_determine_status_and_eta_and_parse_iso" time="0.002" /><testcase classname="tests.test_api_chmu_more" name="test_filter_by_location_geocode_fallback" time="0.003" /><testcase classname="tests.test_api_chmu_more" name="test_match_area_no_filter" time="0.002" /><testcase classname="tests.test_api_chmu_more" name="test_ray_intersects_vertical_line" time="0.002" /><testcase classname="tests.test_api_chmu_more" name="test_select_top_alert_and_prefer_language_empty" time="0.002" /><testcase classname="tests.test_api_chmu_more" name="test_get_warnings_cache_and_session_close" time="0.005" /></testsuite></testsuites>